Component: ARM Compiler 5.06 update 6 (build 750) Tool: armlink [4d35ed]

==============================================================================

Section Cross References

    startup_stm32f746xx.o(RESET) refers to startup_stm32f746xx.o(STACK) for __initial_sp
    startup_stm32f746xx.o(RESET) refers to startup_stm32f746xx.o(.text) for Reset_Handler
    startup_stm32f746xx.o(RESET) refers to stm32f7xx_it.o(i.NMI_Handler) for NMI_Handler
    startup_stm32f746xx.o(RESET) refers to stm32f7xx_it.o(i.HardFault_Handler) for HardFault_Handler
    startup_stm32f746xx.o(RESET) refers to stm32f7xx_it.o(i.MemManage_Handler) for MemManage_Handler
    startup_stm32f746xx.o(RESET) refers to stm32f7xx_it.o(i.BusFault_Handler) for BusFault_Handler
    startup_stm32f746xx.o(RESET) refers to stm32f7xx_it.o(i.UsageFault_Handler) for UsageFault_Handler
    startup_stm32f746xx.o(RESET) refers to stm32f7xx_it.o(i.SVC_Handler) for SVC_Handler
    startup_stm32f746xx.o(RESET) refers to stm32f7xx_it.o(i.DebugMon_Handler) for DebugMon_Handler
    startup_stm32f746xx.o(RESET) refers to stm32f7xx_it.o(i.PendSV_Handler) for PendSV_Handler
    startup_stm32f746xx.o(RESET) refers to stm32f7xx_it.o(i.TIM6_DAC_IRQHandler) for TIM6_DAC_IRQHandler
    startup_stm32f746xx.o(RESET) refers to stm32f7xx_it.o(i.LTDC_IRQHandler) for LTDC_IRQHandler
    startup_stm32f746xx.o(RESET) refers to stm32f7xx_it.o(i.DMA2D_IRQHandler) for DMA2D_IRQHandler
    startup_stm32f746xx.o(.text) refers to system_stm32f7xx.o(i.SystemInit) for SystemInit
    startup_stm32f746xx.o(.text) refers to entry.o(.ARM.Collect$$$$00000000) for __main
    network.o(i.ai_network_create) refers to ai_platform_interface.o(i.ai_platform_network_create) for ai_platform_network_create
    network.o(i.ai_network_create) refers to network.o(.data) for .data
    network.o(i.ai_network_destroy) refers to ai_platform_interface.o(i.ai_platform_network_destroy) for ai_platform_network_destroy
    network.o(i.ai_network_forward) refers to ai_platform_interface.o(i.ai_platform_network_process) for ai_platform_network_process
    network.o(i.ai_network_get_error) refers to ai_platform_interface.o(i.ai_platform_network_get_error) for ai_platform_network_get_error
    network.o(i.ai_network_get_info) refers to ai_platform_interface.o(i.ai_platform_context_acquire) for ai_platform_context_acquire
    network.o(i.ai_network_get_info) refers to memcpya.o(.text) for __aeabi_memcpy4
    network.o(i.ai_network_get_info) refers to ai_platform_interface.o(i.ai_platform_runtime_get_revision) for ai_platform_runtime_get_revision
    network.o(i.ai_network_get_info) refers to ai_platform_interface.o(i.ai_platform_runtime_get_version) for ai_platform_runtime_get_version
    network.o(i.ai_network_get_info) refers to ai_platform_interface.o(i.ai_platform_api_get_version) for ai_platform_api_get_version
    network.o(i.ai_network_get_info) refers to ai_platform_interface.o(i.ai_platform_interface_api_get_version) for ai_platform_interface_api_get_version
    network.o(i.ai_network_get_info) refers to ai_platform_interface.o(i.ai_platform_api_get_network_report) for ai_platform_api_get_network_report
    network.o(i.ai_network_get_info) refers to network.o(.constdata) for .constdata
    network.o(i.ai_network_init) refers to ai_platform_interface.o(i.ai_platform_network_init) for ai_platform_network_init
    network.o(i.ai_network_init) refers to network.o(i.network_configure_weights) for network_configure_weights
    network.o(i.ai_network_init) refers to network.o(.data) for .data
    network.o(i.ai_network_run) refers to ai_platform_interface.o(i.ai_platform_network_process) for ai_platform_network_process
    network.o(i.network_configure_weights) refers to network.o(.data) for .data
    network.o(.constdata) refers to network.o(.data) for <Data5>
    network.o(.constdata) refers to network.o(.data) for <Data10>
    network.o(.constdata) refers to network.o(.data) for <Data15>
    network.o(.constdata) refers to network.o(.data) for <Data20>
    network.o(.constdata) refers to network.o(.data) for <Data25>
    network.o(.constdata) refers to network.o(.data) for <Data30>
    network.o(.constdata) refers to network.o(.conststring) for .conststring
    network.o(.data) refers to network.o(.data) for input_0_output0
    network.o(.data) refers to network.o(.data) for dense_1_output
    network.o(.data) refers to network.o(.data) for dense_1_weights
    network.o(.data) refers to network.o(.data) for dense_1_bias
    network.o(.data) refers to network.o(.data) for <Data1>
    network.o(.data) refers to network.o(.data) for <Data2>
    network.o(.data) refers to network.o(.data) for <Data3>
    network.o(.data) refers to network.o(.data) for <Data4>
    network.o(.data) refers to network.o(.data) for dense_1_output
    network.o(.data) refers to network.o(.data) for dense_1_nl_output
    network.o(.data) refers to network.o(.data) for <Data6>
    network.o(.data) refers to network.o(.data) for <Data7>
[...]
    _printf_e                                0x00000000   Number         0  stubs.o ABSOLUTE
    _printf_f                                0x00000000   Number         0  stubs.o ABSOLUTE
    _printf_flags                            0x00000000   Number         0  stubs.o ABSOLUTE
    _printf_fp_dec                           0x00000000   Number         0  stubs.o ABSOLUTE
    _printf_fp_hex                           0x00000000   Number         0  stubs.o ABSOLUTE
    _printf_g                                0x00000000   Number         0  stubs.o ABSOLUTE
    _printf_i                                0x00000000   Number         0  stubs.o ABSOLUTE
    _printf_int_dec                          0x00000000   Number         0  stubs.o ABSOLUTE
    _printf_l                                0x00000000   Number         0  stubs.o ABSOLUTE
    _printf_lc                               0x00000000   Number         0  stubs.o ABSOLUTE
    _printf_ll                               0x00000000   Number         0  stubs.o ABSOLUTE
    _printf_lld                              0x00000000   Number         0  stubs.o ABSOLUTE
    _printf_lli                              0x00000000   Number         0  stubs.o ABSOLUTE
    _printf_llo                              0x00000000   Number         0  stubs.o ABSOLUTE
    _printf_llu                              0x00000000   Number         0  stubs.o ABSOLUTE
    _printf_llx                              0x00000000   Number         0  stubs.o ABSOLUTE
    _printf_longlong_dec                     0x00000000   Number         0  stubs.o ABSOLUTE
    _printf_longlong_hex                     0x00000000   Number         0  stubs.o ABSOLUTE
    _printf_longlong_oct                     0x00000000   Number         0  stubs.o ABSOLUTE
    _printf_ls                               0x00000000   Number         0  stubs.o ABSOLUTE
    _printf_mbtowc                           0x00000000   Number         0  stubs.o ABSOLUTE
    _printf_n                                0x00000000   Number         0  stubs.o ABSOLUTE
    _printf_o                                0x00000000   Number         0  stubs.o ABSOLUTE
    _printf_p                                0x00000000   Number         0  stubs.o ABSOLUTE
    _printf_percent                          0x00000000   Number         0  stubs.o ABSOLUTE
    _printf_pre_padding                      0x00000000   Number         0  stubs.o ABSOLUTE
    _printf_return_value                     0x00000000   Number         0  stubs.o ABSOLUTE
    _printf_s                                0x00000000   Number         0  stubs.o ABSOLUTE
    _printf_sizespec                         0x00000000   Number         0  stubs.o ABSOLUTE
    _printf_str                              0x00000000   Number         0  stubs.o ABSOLUTE
    _printf_truncate_signed                  0x00000000   Number         0  stubs.o ABSOLUTE
    _printf_truncate_unsigned                0x00000000   Number         0  stubs.o ABSOLUTE
    _printf_u                                0x00000000   Number         0  stubs.o ABSOLUTE
    _printf_wc                               0x00000000   Number         0  stubs.o ABSOLUTE
    _printf_wctomb                           0x00000000   Number         0  stubs.o ABSOLUTE
    _printf_widthprec                        0x00000000   Number         0  stubs.o ABSOLUTE
    _printf_x                                0x00000000   Number         0  stubs.o ABSOLUTE
    __cpp_initialize__aeabi_                  - Undefined Weak Reference
    __cxa_finalize                            - Undefined Weak Reference
    _clock_init                               - Undefined Weak Reference
    _microlib_exit                            - Undefined Weak Reference
    __Vectors_Size                           0x000001c8   Number         0  startup_stm32f746xx.o ABSOLUTE
    __Vectors                                0x08000000   Data           4  startup_stm32f746xx.o(RESET)
    __Vectors_End                            0x080001c8   Data           0  startup_stm32f746xx.o(RESET)
    __main                                   0x080001c9   Thumb Code     0  entry.o(.ARM.Collect$$$$00000000)
    _main_stk                                0x080001c9   Thumb Code     0  entry2.o(.ARM.Collect$$$$00000001)
    _main_scatterload                        0x080001cd   Thumb Code     0  entry5.o(.ARM.Collect$$$$00000004)
    __main_after_scatterload                 0x080001d1   Thumb Code     0  entry5.o(.ARM.Collect$$$$00000004)
    _main_clock                              0x080001d1   Thumb Code     0  entry7b.o(.ARM.Collect$$$$00000008)
    _main_cpp_init                           0x080001d1   Thumb Code     0  entry8b.o(.ARM.Collect$$$$0000000A)
    _main_init                               0x080001d1   Thumb Code     0  entry9a.o(.ARM.Collect$$$$0000000B)
    __rt_final_cpp                           0x080001d9   Thumb Code     0  entry10a.o(.ARM.Collect$$$$0000000D)
    __rt_final_exit                          0x080001d9   Thumb Code     0  entry11a.o(.ARM.Collect$$$$0000000F)
    Reset_Handler                            0x080001dd   Thumb Code     8  startup_stm32f746xx.o(.text)
    SysTick_Handler                          0x080001f5   Thumb Code     2  startup_stm32f746xx.o(.text)
    ADC_IRQHandler                           0x080001f7   Thumb Code     0  startup_stm32f746xx.o(.text)
    CAN1_RX0_IRQHandler                      0x080001f7   Thumb Code     0  startup_stm32f746xx.o(.text)
    CAN1_RX1_IRQHandler                      0x080001f7   Thumb Code     0  startup_stm32f746xx.o(.text)
    CAN1_SCE_IRQHandler                      0x080001f7   Thumb Code     0  startup_stm32f746xx.o(.text)
    CAN1_TX_IRQHandler                       0x080001f7   Thumb Code     0  startup_stm32f746xx.o(.text)
    CAN2_RX0_IRQHandler                      0x080001f7   Thumb Code     0  startup_stm32f746xx.o(.text)
    CAN2_RX1_IRQHandler                      0x080001f7   Thumb Code     0  startup_stm32f746xx.o(.text)
    CAN2_SCE_IRQHandler                      0x080001f7   Thumb Code     0  startup_stm32f746xx.o(.text)
    CAN2_TX_IRQHandler                       0x080001f7   Thumb Code     0  startup_stm32f746xx.o(.text)
    CEC_IRQHandler                           0x080001f7   Thumb Code     0  startup_stm32f746xx.o(.text)
    DCMI_IRQHandler                          0x080001f7   Thumb Code     0  startup_stm32f746xx.o(.text)
    DMA1_Stream0_IRQHandler                  0x080001f7   Thumb Code     0  startup_stm32f746xx.o(.text)
    DMA1_Stream1_IRQHandler                  0x080001f7   Thumb Code     0  startup_stm32f746xx.o(.text)
    DMA1_Stream2_IRQHandler                  0x080001f7   Thumb Code     0  startup_stm32f746xx.o(.text)
    DMA1_Stream3_IRQHandler                  0x080001f7   Thumb Code     0  startup_stm32f746xx.o(.text)
    DMA1_Stream4_IRQHandler                  0x080001f7   Thumb Code     0  startup_stm32f746xx.o(.text)
    DMA1_Stream5_IRQHandler                  0x080001f7   Thumb Code     0  startup_stm32f746xx.o(.text)
    DMA1_Stream6_IRQHandler                  0x080001f7   Thumb Code     0  startup_stm32f746xx.o(.text)
    DMA1_Stream7_IRQHandler                  0x080001f7   Thumb Code     0  startup_stm32f746xx.o(.text)
    DMA2_Stream0_IRQHandler                  0x080001f7   Thumb Code     0  startup_stm32f746xx.o(.text)
    DMA2_Stream1_IRQHandler                  0x080001f7   Thumb Code     0  startup_stm32f746xx.o(.text)
    DMA2_Stream2_IRQHandler                  0x080001f7   Thumb Code     0  startup_stm32f746xx.o(.text)
    DMA2_Stream3_IRQHandler                  0x080001f7   Thumb Code     0  startup_stm32f746xx.o(.text)
    DMA2_Stream4_IRQHandler                  0x080001f7   Thumb Code     0  startup_stm32f746xx.o(.text)
    DMA2_Stream5_IRQHandler                  0x080001f7   Thumb Code     0  startup_stm32f746xx.o(.text)
    DMA2_Stream6_IRQHandler                  0x080001f7   Thumb Code     0  startup_stm32f746xx.o(.text)
    DMA2_Stream7_IRQHandler                  0x080001f7   Thumb Code     0  startup_stm32f746xx.o(.text)
    ETH_IRQHandler                           0x080001f7   Thumb Code     0  startup_stm32f746xx.o(.text)
    ETH_WKUP_IRQHandler                      0x080001f7   Thumb Code     0  startup_stm32f746xx.o(.text)
    EXTI0_IRQHandler                         0x080001f7   Thumb Code     0  startup_stm32f746xx.o(.text)
    EXTI15_10_IRQHandler                     0x080001f7   Thumb Code     0  startup_stm32f746xx.o(.text)
    EXTI1_IRQHandler                         0x080001f7   Thumb Code     0  startup_stm32f746xx.o(.text)
    EXTI2_IRQHandler                         0x080001f7   Thumb Code     0  startup_stm32f746xx.o(.text)
    EXTI3_IRQHandler                         0x080001f7   Thumb Code     0  startup_stm32f746xx.o(.text)
    EXTI4_IRQHandler                         0x080001f7   Thumb Code     0  startup_stm32f746xx.o(.text)
    EXTI9_5_IRQHandler                       0x080001f7   Thumb Code     0  startup_stm32f746xx.o(.text)
    FLASH_IRQHandler                         0x080001f7   Thumb Code     0  startup_stm32f746xx.o(.text)
    FMC_IRQHandler                           0x080001f7   Thumb Code     0  startup_stm32f746xx.o(.text)
    FPU_IRQHandler                           0x080001f7   Thumb Code     0  startup_stm32f746xx.o(.text)
    I2C1_ER_IRQHandler                       0x080001f7   Thumb Code     0  startup_stm32f746xx.o(.text)
    I2C1_EV_IRQHandler                       0x080001f7   Thumb Code     0  startup_stm32f746xx.o(.text)
    I2C2_ER_IRQHandler                       0x080001f7   Thumb Code     0  startup_stm32f746xx.o(.text)
    I2C2_EV_IRQHandler                       0x080001f7   Thumb Code     0  startup_stm32f746xx.o(.text)
    I2C3_ER_IRQHandler                       0x080001f7   Thumb Code     0  startup_stm32f746xx.o(.text)
    I2C3_EV_IRQHandler                       0x080001f7   Thumb Code     0  startup_stm32f746xx.o(.text)
    I2C4_ER_IRQHandler                       0x080001f7   Thumb Code     0  startup_stm32f746xx.o(.text)
    I2C4_EV_IRQHandler                       0x080001f7   Thumb Code     0  startup_stm32f746xx.o(.text)
    LPTIM1_IRQHandler                        0x080001f7   Thumb Code     0  startup_stm32f746xx.o(.text)
    LTDC_ER_IRQHandler                       0x080001f7   Thumb Code     0  startup_stm32f746xx.o(.text)
    OTG_FS_IRQHandler                        0x080001f7   Thumb Code     0  startup_stm32f746xx.o(.text)
    OTG_FS_WKUP_IRQHandler                   0x080001f7   Thumb Code     0  startup_stm32f746xx.o(.text)
    OTG_HS_EP1_IN_IRQHandler                 0x080001f7   Thumb Code     0  startup_stm32f746xx.o(.text)
    OTG_HS_EP1_OUT_IRQHandler                0x080001f7   Thumb Code     0  startup_stm32f746xx.o(.text)
    OTG_HS_IRQHandler                        0x080001f7   Thumb Code     0  startup_stm32f746xx.o(.text)
    OTG_HS_WKUP_IRQHandler                   0x080001f7   Thumb Code     0  startup_stm32f746xx.o(.text)
    PVD_IRQHandler                           0x080001f7   Thumb Code     0  startup_stm32f746xx.o(.text)
    QUADSPI_IRQHandler                       0x080001f7   Thumb Code     0  startup_stm32f746xx.o(.text)
    RCC_IRQHandler                           0x080001f7   Thumb Code     0  startup_stm32f746xx.o(.text)
    RNG_IRQHandler                           0x080001f7   Thumb Code     0  startup_stm32f746xx.o(.text)
    RTC_Alarm_IRQHandler                     0x080001f7   Thumb Code     0  startup_stm32f746xx.o(.text)
    RTC_WKUP_IRQHandler                      0x080001f7   Thumb Code     0  startup_stm32f746xx.o(.text)
    SAI1_IRQHandler                          0x080001f7   Thumb Code     0  startup_stm32f746xx.o(.text)
    SAI2_IRQHandler                          0x080001f7   Thumb Code     0  startup_stm32f746xx.o(.text)
    SDMMC1_IRQHandler                        0x080001f7   Thumb Code     0  startup_stm32f746xx.o(.text)
    SPDIF_RX_IRQHandler                      0x080001f7   Thumb Code     0  startup_stm32f746xx.o(.text)
    SPI1_IRQHandler                          0x080001f7   Thumb Code     0  startup_stm32f746xx.o(.text)
    SPI2_IRQHandler                          0x080001f7   Thumb Code     0  startup_stm32f746xx.o(.text)
    SPI3_IRQHandler                          0x080001f7   Thumb Code     0  startup_stm32f746xx.o(.text)
    SPI4_IRQHandler                          0x080001f7   Thumb Code     0  startup_stm32f746xx.o(.text)
    SPI5_IRQHandler                          0x080001f7   Thumb Code     0  startup_stm32f746xx.o(.text)
    SPI6_IRQHandler                          0x080001f7   Thumb Code     0  startup_stm32f746xx.o(.text)
    TAMP_STAMP_IRQHandler                    0x080001f7   Thumb Code     0  startup_stm32f746xx.o(.text)
    TIM1_BRK_TIM9_IRQHandler                 0x080001f7   Thumb Code     0  startup_stm32f746xx.o(.text)
    TIM1_CC_IRQHandler                       0x080001f7   Thumb Code     0  startup_stm32f746xx.o(.text)
    TIM1_TRG_COM_TIM11_IRQHandler            0x080001f7   Thumb Code     0  startup_stm32f746xx.o(.text)
    TIM1_UP_TIM10_IRQHandler                 0x080001f7   Thumb Code     0  startup_stm32f746xx.o(.text)
    TIM2_IRQHandler                          0x080001f7   Thumb Code     0  startup_stm32f746xx.o(.text)
    TIM3_IRQHandler                          0x080001f7   Thumb Code     0  startup_stm32f746xx.o(.text)
    TIM4_IRQHandler                          0x080001f7   Thumb Code     0  startup_stm32f746xx.o(.text)
    TIM5_IRQHandler                          0x080001f7   Thumb Code     0  startup_stm32f746xx.o(.text)
    TIM7_IRQHandler                          0x080001f7   Thumb Code     0  startup_stm32f746xx.o(.text)
    TIM8_BRK_TIM12_IRQHandler                0x080001f7   Thumb Code     0  startup_stm32f746xx.o(.text)
    TIM8_CC_IRQHandler                       0x080001f7   Thumb Code     0  startup_stm32f746xx.o(.text)
    TIM8_TRG_COM_TIM14_IRQHandler            0x080001f7   Thumb Code     0  startup_stm32f746xx.o(.text)
    TIM8_UP_TIM13_IRQHandler                 0x080001f7   Thumb Code     0  startup_stm32f746xx.o(.text)
    UART4_IRQHandler                         0x080001f7   Thumb Code     0  startup_stm32f746xx.o(.text)
    UART5_IRQHandler                         0x080001f7   Thumb Code     0  startup_stm32f746xx.o(.text)
    UART7_IRQHandler                         0x080001f7   Thumb Code     0  startup_stm32f746xx.o(.text)
    UART8_IRQHandler                         0x080001f7   Thumb Code     0  startup_stm32f746xx.o(.text)
    USART1_IRQHandler                        0x080001f7   Thumb Code     0  startup_stm32f746xx.o(.text)
    USART2_IRQHandler                        0x080001f7   Thumb Code     0  startup_stm32f746xx.o(.text)
    USART3_IRQHandler                        0x080001f7   Thumb Code     0  startup_stm32f746xx.o(.text)
    USART6_IRQHandler                        0x080001f7   Thumb Code     0  startup_stm32f746xx.o(.text)
    WWDG_IRQHandler                          0x080001f7   Thumb Code     0  startup_stm32f746xx.o(.text)
    __aeabi_uldivmod                         0x08000201   Thumb Code    98  uldiv.o(.text)
    __aeabi_llsl                             0x08000263   Thumb Code    30  llshl.o(.text)
    _ll_shift_l                              0x08000263   Thumb Code     0  llshl.o(.text)
    __aeabi_memcpy                           0x08000281   Thumb Code    36  memcpya.o(.text)
    __aeabi_memcpy4                          0x08000281   Thumb Code     0  memcpya.o(.text)
    __aeabi_memcpy8                          0x08000281   Thumb Code     0  memcpya.o(.text)
    __aeabi_memset                           0x080002a5   Thumb Code    14  memseta.o(.text)
    __aeabi_memset4                          0x080002a5   Thumb Code     0  memseta.o(.text)
    __aeabi_memset8                          0x080002a5   Thumb Code     0  memseta.o(.text)
    __aeabi_memclr                           0x080002b3   Thumb Code     4  memseta.o(.text)
    __aeabi_memclr4                          0x080002b3   Thumb Code     0  memseta.o(.text)
    __aeabi_memclr8                          0x080002b3   Thumb Code     0  memseta.o(.text)
    _memset$wrapper                          0x080002b7   Thumb Code    18  memseta.o(.text)
    memcmp                                   0x080002c9   Thumb Code    26  memcmp.o(.text)
    __aeabi_f2d                              0x080002e3   Thumb Code    38  f2d.o(.text)
    __aeabi_uidiv                            0x08000309   Thumb Code     0  uidiv.o(.text)
    __aeabi_uidivmod                         0x08000309   Thumb Code    44  uidiv.o(.text)
    __aeabi_llsr                             0x08000335   Thumb Code    32  llushr.o(.text)
    _ll_ushift_r                             0x08000335   Thumb Code     0  llushr.o(.text)
    __I$use$fp                               0x08000355   Thumb Code     0  iusefp.o(.text)
    __aeabi_dadd                             0x08000355   Thumb Code   322  dadd.o(.text)
    __aeabi_dsub                             0x08000497   Thumb Code     6  dadd.o(.text)
    __aeabi_drsub                            0x0800049d   Thumb Code     6  dadd.o(.text)
    __aeabi_dmul                             0x080004a3   Thumb Code   228  dmul.o(.text)
    __aeabi_ddiv                             0x08000587   Thumb Code   222  ddiv.o(.text)
    __aeabi_d2ulz                            0x08000665   Thumb Code    48  dfixul.o(.text)
    __aeabi_cdrcmple                         0x08000695   Thumb Code    48  cdrcmple.o(.text)
    __scatterload                            0x080006c5   Thumb Code    28  init.o(.text)
    __scatterload_rt2                        0x080006c5   Thumb Code     0  init.o(.text)
    __aeabi_lasr                             0x080006e9   Thumb Code    36  llsshr.o(.text)
    _ll_sshift_r                             0x080006e9   Thumb Code     0  llsshr.o(.text)
    _double_round                            0x0800070d   Thumb Code    30  depilogue.o(.text)
    _double_epilogue                         0x0800072b   Thumb Code   156  depilogue.o(.text)
    __decompress                             0x080007c7   Thumb Code     0  __dczerorl2.o(.text)
    __decompress1                            0x080007c7   Thumb Code    86  __dczerorl2.o(.text)
    BSP_LCD_Clear                            0x0800081d   Thumb Code    48  stm32746g_discovery_lcd.o(i.BSP_LCD_Clear)
    BSP_LCD_ClockConfig                      0x08000855   Thumb Code    26  stm32746g_discovery_lcd.o(i.BSP_LCD_ClockConfig)
    BSP_LCD_DisplayChar                      0x08000875   Thumb Code    44  stm32746g_discovery_lcd.o(i.BSP_LCD_DisplayChar)
    BSP_LCD_DisplayOn                        0x080008a9   Thumb Code    38  stm32746g_discovery_lcd.o(i.BSP_LCD_DisplayOn)
    BSP_LCD_DrawCircle                       0x080008dd   Thumb Code   270  stm32746g_discovery_lcd.o(i.BSP_LCD_DrawCircle)
    BSP_LCD_DrawHLine                        0x080009f5   Thumb Code   116  stm32746g_discovery_lcd.o(i.BSP_LCD_DrawHLine)
    BSP_LCD_DrawPixel                        0x08000a71   Thumb Code    90  stm32746g_discovery_lcd.o(i.BSP_LCD_DrawPixel)
    BSP_LCD_DrawRect                         0x08000ad5   Thumb Code    54  stm32746g_discovery_lcd.o(i.BSP_LCD_DrawRect)
    BSP_LCD_DrawVLine                        0x08000b0d   Thumb Code   128  stm32746g_discovery_lcd.o(i.BSP_LCD_DrawVLine)
    BSP_LCD_FillCircle                       0x08000b95   Thumb Code   186  stm32746g_discovery_lcd.o(i.BSP_LCD_FillCircle)
    BSP_LCD_GetXSize                         0x08000c59   Thumb Code    22  stm32746g_discovery_lcd.o(i.BSP_LCD_GetXSize)
    BSP_LCD_GetYSize                         0x08000c79   Thumb Code    22  stm32746g_discovery_lcd.o(i.BSP_LCD_GetYSize)
    BSP_LCD_Init                             0x08000c99   Thumb Code   142  stm32746g_discovery_lcd.o(i.BSP_LCD_Init)
    BSP_LCD_LayerRgb565Init                  0x08000d3d   Thumb Code   114  stm32746g_discovery_lcd.o(i.BSP_LCD_LayerRgb565Init)
    BSP_LCD_MspInit                          0x08000db9   Thumb Code   286  stm32746g_discovery_lcd.o(i.BSP_LCD_MspInit)
    BSP_LCD_ReadPixel                        0x08000ef1   Thumb Code   168  stm32746g_discovery_lcd.o(i.BSP_LCD_ReadPixel)
    BSP_LCD_SelectLayer                      0x08000fa1   Thumb Code     6  stm32746g_discovery_lcd.o(i.BSP_LCD_SelectLayer)
    BSP_LCD_SetBackColor                     0x08000fad   Thumb Code    18  stm32746g_discovery_lcd.o(i.BSP_LCD_SetBackColor)
    BSP_LCD_SetFont                          0x08000fc9   Thumb Code    18  stm32746g_discovery_lcd.o(i.BSP_LCD_SetFont)
    BSP_LCD_SetLayerVisible                  0x08000fe5   Thumb Code    40  stm32746g_discovery_lcd.o(i.BSP_LCD_SetLayerVisible)
    BSP_LCD_SetTextColor                     0x08001011   Thumb Code    16  stm32746g_discovery_lcd.o(i.BSP_LCD_SetTextColor)
    BSP_SDRAM_Init                           0x08001029   Thumb Code   108  stm32746g_discovery_sdram.o(i.BSP_SDRAM_Init)
    BSP_SDRAM_Initialization_sequence        0x080010a1   Thumb Code   134  stm32746g_discovery_sdram.o(i.BSP_SDRAM_Initialization_sequence)
    BSP_SDRAM_MspInit                        0x0800112d   Thumb Code   322  stm32746g_discovery_sdram.o(i.BSP_SDRAM_MspInit)
    BSP_TS_GetState                          0x08001295   Thumb Code   360  stm32746g_discovery_ts.o(i.BSP_TS_GetState)
    BSP_TS_Get_GestureId                     0x08001405   Thumb Code    88  stm32746g_discovery_ts.o(i.BSP_TS_Get_GestureId)
    BSP_TS_Init                              0x08001461   Thumb Code    50  stm32746g_discovery_ts.o(i.BSP_TS_Init)
    BusFault_Handler                         0x0800149d   Thumb Code     2  stm32f7xx_it.o(i.BusFault_Handler)
    DMA2D_IRQHandler                         0x08001541   Thumb Code     6  stm32f7xx_it.o(i.DMA2D_IRQHandler)
    DebugMon_Handler                         0x0800165d   Thumb Code     2  stm32f7xx_it.o(i.DebugMon_Handler)
    FMC_SDRAM_Init                           0x08001711   Thumb Code    94  stm32f7xx_ll_fmc.o(i.FMC_SDRAM_Init)
    FMC_SDRAM_ProgramRefreshRate             0x0800176f   Thumb Code    12  stm32f7xx_ll_fmc.o(i.FMC_SDRAM_ProgramRefreshRate)
    FMC_SDRAM_SendCommand                    0x0800177b   Thumb Code    32  stm32f7xx_ll_fmc.o(i.FMC_SDRAM_SendCommand)
    FMC_SDRAM_Timing_Init                    0x0800179d   Thumb Code   134  stm32f7xx_ll_fmc.o(i.FMC_SDRAM_Timing_Init)
    HAL_CRCEx_Polynomial_Set                 0x08001829   Thumb Code    78  stm32f7xx_hal_crc_ex.o(i.HAL_CRCEx_Polynomial_Set)
    HAL_CRC_Init                             0x08001879   Thumb Code   114  stm32f7xx_hal_crc.o(i.HAL_CRC_Init)
    HAL_CRC_MspInit                          0x080018f1   Thumb Code    30  stm32f7xx_hal_msp.o(i.HAL_CRC_MspInit)
    HAL_DMA2D_CLUTLoadingCpltCallback        0x08001919   Thumb Code     2  stm32f7xx_hal_dma2d.o(i.HAL_DMA2D_CLUTLoadingCpltCallback)
    HAL_DMA2D_ConfigLayer                    0x0800191d   Thumb Code   156  stm32f7xx_hal_dma2d.o(i.HAL_DMA2D_ConfigLayer)
    HAL_DMA2D_IRQHandler                     0x080019bd   Thumb Code   284  stm32f7xx_hal_dma2d.o(i.HAL_DMA2D_IRQHandler)
    HAL_DMA2D_Init                           0x08001ad9   Thumb Code    90  stm32f7xx_hal_dma2d.o(i.HAL_DMA2D_Init)
    HAL_DMA2D_LineEventCallback              0x08001b33   Thumb Code     2  stm32f7xx_hal_dma2d.o(i.HAL_DMA2D_LineEventCallback)
    HAL_DMA2D_MspInit                        0x08001b35   Thumb Code    50  stm32f7xx_hal_msp.o(i.HAL_DMA2D_MspInit)
    HAL_DMA2D_PollForTransfer                0x08001b71   Thumb Code   270  stm32f7xx_hal_dma2d.o(i.HAL_DMA2D_PollForTransfer)
    HAL_DMA2D_Start                          0x08001c7f   Thumb Code    52  stm32f7xx_hal_dma2d.o(i.HAL_DMA2D_Start)
    HAL_DMA_DeInit                           0x08001cb3   Thumb Code    98  stm32f7xx_hal_dma.o(i.HAL_DMA_DeInit)
    HAL_DMA_Init                             0x08001d15   Thumb Code   222  stm32f7xx_hal_dma.o(i.HAL_DMA_Init)
    HAL_Delay                                0x08001df9   Thumb Code    32  stm32f7xx_hal.o(i.HAL_Delay)
    HAL_GPIO_Init                            0x08001ed1   Thumb Code   418  stm32f7xx_hal_gpio.o(i.HAL_GPIO_Init)
    HAL_GPIO_WritePin                        0x080020a9   Thumb Code    10  stm32f7xx_hal_gpio.o(i.HAL_GPIO_WritePin)
    HAL_GetTick                              0x080020b5   Thumb Code     6  stm32f7xx_hal.o(i.HAL_GetTick)
    HAL_I2C_DeInit                           0x080020c1   Thumb Code    52  stm32f7xx_hal_i2c.o(i.HAL_I2C_DeInit)
    HAL_I2C_GetState                         0x080020f5   Thumb Code     6  stm32f7xx_hal_i2c.o(i.HAL_I2C_GetState)
    HAL_I2C_Init                             0x080020fd   Thumb Code   180  stm32f7xx_hal_i2c.o(i.HAL_I2C_Init)
    HAL_I2C_Mem_Read                         0x080021b5   Thumb Code   346  stm32f7xx_hal_i2c.o(i.HAL_I2C_Mem_Read)
    HAL_I2C_Mem_Write                        0x08002319   Thumb Code   340  stm32f7xx_hal_i2c.o(i.HAL_I2C_Mem_Write)
    HAL_I2C_MspDeInit                        0x08002471   Thumb Code     2  stm32f7xx_hal_i2c.o(i.HAL_I2C_MspDeInit)
    HAL_I2C_MspInit                          0x08002473   Thumb Code     2  stm32f7xx_hal_i2c.o(i.HAL_I2C_MspInit)
    HAL_IncTick                              0x08002475   Thumb Code    12  stm32f7xx_hal.o(i.HAL_IncTick)
    HAL_Init                                 0x08002485   Thumb Code    22  stm32f7xx_hal.o(i.HAL_Init)
    HAL_InitTick                             0x0800249d   Thumb Code   100  stm32f7xx_hal_timebase_tim.o(i.HAL_InitTick)
    HAL_LTDC_ConfigLayer                     0x08002511   Thumb Code    82  stm32f7xx_hal_ltdc.o(i.HAL_LTDC_ConfigLayer)
    HAL_LTDC_ErrorCallback                   0x08002563   Thumb Code     2  stm32f7xx_hal_ltdc.o(i.HAL_LTDC_ErrorCallback)
    HAL_LTDC_GetState                        0x08002565   Thumb Code     6  stm32f7xx_hal_ltdc.o(i.HAL_LTDC_GetState)
    HAL_LTDC_IRQHandler                      0x0800256b   Thumb Code   200  stm32f7xx_hal_ltdc.o(i.HAL_LTDC_IRQHandler)
    HAL_LTDC_Init                            0x08002635   Thumb Code   242  stm32f7xx_hal_ltdc.o(i.HAL_LTDC_Init)
    HAL_LTDC_LineEventCallback               0x0800272d   Thumb Code     2  stm32f7xx_hal_ltdc.o(i.HAL_LTDC_LineEventCallback)
    HAL_LTDC_MspInit                         0x08002731   Thumb Code   256  stm32f7xx_hal_msp.o(i.HAL_LTDC_MspInit)
    HAL_LTDC_ReloadEventCallback             0x0800284d   Thumb Code     2  stm32f7xx_hal_ltdc.o(i.HAL_LTDC_ReloadEventCallback)
    HAL_MspInit                              0x08002851   Thumb Code    42  stm32f7xx_hal_msp.o(i.HAL_MspInit)
    HAL_NVIC_EnableIRQ                       0x08002881   Thumb Code    26  stm32f7xx_hal_cortex.o(i.HAL_NVIC_EnableIRQ)
    HAL_NVIC_SetPriority                     0x0800289d   Thumb Code    60  stm32f7xx_hal_cortex.o(i.HAL_NVIC_SetPriority)
    HAL_NVIC_SetPriorityGrouping             0x080028dd   Thumb Code    28  stm32f7xx_hal_cortex.o(i.HAL_NVIC_SetPriorityGrouping)
    HAL_PWREx_EnableOverDrive                0x08002901   Thumb Code   100  stm32f7xx_hal_pwr_ex.o(i.HAL_PWREx_EnableOverDrive)
    HAL_PWR_EnableBkUpAccess                 0x0800296d   Thumb Code    12  stm32f7xx_hal_pwr.o(i.HAL_PWR_EnableBkUpAccess)
    HAL_RCCEx_PeriphCLKConfig                0x0800297d   Thumb Code  1276  stm32f7xx_hal_rcc_ex.o(i.HAL_RCCEx_PeriphCLKConfig)
    HAL_RCC_ClockConfig                      0x08002e79   Thumb Code   282  stm32f7xx_hal_rcc.o(i.HAL_RCC_ClockConfig)
    HAL_RCC_GetClockConfig                   0x08002fa5   Thumb Code    56  stm32f7xx_hal_rcc.o(i.HAL_RCC_GetClockConfig)
    HAL_RCC_GetPCLK1Freq                     0x08002fe5   Thumb Code    20  stm32f7xx_hal_rcc.o(i.HAL_RCC_GetPCLK1Freq)
    HAL_RCC_GetPCLK2Freq                     0x08003005   Thumb Code    20  stm32f7xx_hal_rcc.o(i.HAL_RCC_GetPCLK2Freq)
    HAL_RCC_GetSysClockFreq                  0x08003025   Thumb Code    88  stm32f7xx_hal_rcc.o(i.HAL_RCC_GetSysClockFreq)
    HAL_RCC_OscConfig                        0x08003089   Thumb Code   810  stm32f7xx_hal_rcc.o(i.HAL_RCC_OscConfig)
    HAL_SDRAM_Init                           0x080033c1   Thumb Code    66  stm32f7xx_hal_sdram.o(i.HAL_SDRAM_Init)
    HAL_SDRAM_MspInit                        0x08003403   Thumb Code     4  stm32f7xx_hal_msp.o(i.HAL_SDRAM_MspInit)
    HAL_SDRAM_ProgramRefreshRate             0x08003407   Thumb Code    34  stm32f7xx_hal_sdram.o(i.HAL_SDRAM_ProgramRefreshRate)
    HAL_SDRAM_SendCommand                    0x08003429   Thumb Code    48  stm32f7xx_hal_sdram.o(i.HAL_SDRAM_SendCommand)
    HAL_TIMEx_Break2Callback                 0x08003459   Thumb Code     2  stm32f7xx_hal_tim_ex.o(i.HAL_TIMEx_Break2Callback)
    HAL_TIMEx_BreakCallback                  0x0800345b   Thumb Code     2  stm32f7xx_hal_tim_ex.o(i.HAL_TIMEx_BreakCallback)
    HAL_TIMEx_CommutCallback                 0x0800345d   Thumb Code     2  stm32f7xx_hal_tim_ex.o(i.HAL_TIMEx_CommutCallback)
    HAL_TIMEx_ConfigBreakDeadTime            0x08003461   Thumb Code   150  stm32f7xx_hal_tim_ex.o(i.HAL_TIMEx_ConfigBreakDeadTime)
    HAL_TIMEx_MasterConfigSynchronization    0x08003501   Thumb Code    88  stm32f7xx_hal_tim_ex.o(i.HAL_TIMEx_MasterConfigSynchronization)
    HAL_TIM_Base_Init                        0x08003561   Thumb Code    54  stm32f7xx_hal_tim.o(i.HAL_TIM_Base_Init)
    HAL_TIM_Base_MspInit                     0x08003599   Thumb Code    30  stm32f7xx_hal_msp.o(i.HAL_TIM_Base_MspInit)
    HAL_TIM_Base_Start_IT                    0x080035c1   Thumb Code    40  stm32f7xx_hal_tim.o(i.HAL_TIM_Base_Start_IT)
    HAL_TIM_ConfigClockSource                0x080035ed   Thumb Code   214  stm32f7xx_hal_tim.o(i.HAL_TIM_ConfigClockSource)
    HAL_TIM_IC_CaptureCallback               0x080036c9   Thumb Code     2  stm32f7xx_hal_tim.o(i.HAL_TIM_IC_CaptureCallback)
    HAL_TIM_IRQHandler                       0x080036cb   Thumb Code   386  stm32f7xx_hal_tim.o(i.HAL_TIM_IRQHandler)
    HAL_TIM_MspPostInit                      0x0800384d   Thumb Code    72  stm32f7xx_hal_msp.o(i.HAL_TIM_MspPostInit)
    HAL_TIM_OC_DelayElapsedCallback          0x080038a1   Thumb Code     2  stm32f7xx_hal_tim.o(i.HAL_TIM_OC_DelayElapsedCallback)
    HAL_TIM_PWM_ConfigChannel                0x080038a3   Thumb Code   296  stm32f7xx_hal_tim.o(i.HAL_TIM_PWM_ConfigChannel)
    HAL_TIM_PWM_Init                         0x080039cb   Thumb Code    54  stm32f7xx_hal_tim.o(i.HAL_TIM_PWM_Init)
    HAL_TIM_PWM_MspInit                      0x08003a01   Thumb Code     2  stm32f7xx_hal_tim.o(i.HAL_TIM_PWM_MspInit)
    HAL_TIM_PWM_PulseFinishedCallback        0x08003a03   Thumb Code     2  stm32f7xx_hal_tim.o(i.HAL_TIM_PWM_PulseFinishedCallback)
    HAL_TIM_PeriodElapsedCallback            0x08003a05   Thumb Code    14  main.o(i.HAL_TIM_PeriodElapsedCallback)
    HAL_TIM_TriggerCallback                  0x08003a19   Thumb Code     2  stm32f7xx_hal_tim.o(i.HAL_TIM_TriggerCallback)
    HAL_UART_Init                            0x08003a1b   Thumb Code   102  stm32f7xx_hal_uart.o(i.HAL_UART_Init)
    HAL_UART_MspInit                         0x08003a81   Thumb Code   190  stm32f7xx_hal_msp.o(i.HAL_UART_MspInit)
    HAL_UART_Transmit                        0x08003b59   Thumb Code   182  stm32f7xx_hal_uart.o(i.HAL_UART_Transmit)
    HardFault_Handler                        0x08003c0f   Thumb Code     2  stm32f7xx_it.o(i.HardFault_Handler)
    LTDC_IRQHandler                          0x08004105   Thumb Code     6  stm32f7xx_it.o(i.LTDC_IRQHandler)
    MemManage_Handler                        0x080049ad   Thumb Code     2  stm32f7xx_it.o(i.MemManage_Handler)
    NMI_Handler                              0x080049af   Thumb Code     2  stm32f7xx_it.o(i.NMI_Handler)
    PendSV_Handler                           0x080049b1   Thumb Code     2  stm32f7xx_it.o(i.PendSV_Handler)
    SVC_Handler                              0x080049b3   Thumb Code     2  stm32f7xx_it.o(i.SVC_Handler)
    SystemClock_Config                       0x080049b5   Thumb Code   176  main.o(i.SystemClock_Config)
    SystemInit                               0x08004a6d   Thumb Code    68  system_stm32f7xx.o(i.SystemInit)
    TIM6_DAC_IRQHandler                      0x08004ac1   Thumb Code     6  stm32f7xx_it.o(i.TIM6_DAC_IRQHandler)
    TIM_Base_SetConfig                       0x08004acd   Thumb Code   158  stm32f7xx_hal_tim.o(i.TIM_Base_SetConfig)
    TIM_ETR_SetConfig                        0x08004b99   Thumb Code    18  stm32f7xx_hal_tim.o(i.TIM_ETR_SetConfig)
    TIM_OC2_SetConfig                        0x08004c31   Thumb Code   108  stm32f7xx_hal_tim.o(i.TIM_OC2_SetConfig)
    TS_IO_Delay                              0x08004e6f   Thumb Code     4  stm32746g_discovery.o(i.TS_IO_Delay)
    TS_IO_Init                               0x08004e75   Thumb Code     6  stm32746g_discovery.o(i.TS_IO_Init)
    TS_IO_Read                               0x08004e81   Thumb Code    34  stm32746g_discovery.o(i.TS_IO_Read)
    TS_IO_Write                              0x08004ea9   Thumb Code    26  stm32746g_discovery.o(i.TS_IO_Write)
    UART_AdvFeatureConfig                    0x08004ec9   Thumb Code   200  stm32f7xx_hal_uart.o(i.UART_AdvFeatureConfig)
    UART_CheckIdleState                      0x08004f91   Thumb Code    60  stm32f7xx_hal_uart.o(i.UART_CheckIdleState)
    UART_SetConfig                           0x08004fcd   Thumb Code   546  stm32f7xx_hal_uart.o(i.UART_SetConfig)
    UART_WaitOnFlagUntilTimeout              0x08005221   Thumb Code    96  stm32f7xx_hal_uart.o(i.UART_WaitOnFlagUntilTimeout)
    UsageFault_Handler                       0x08005281   Thumb Code     2  stm32f7xx_it.o(i.UsageFault_Handler)
    __0printf                                0x08005285   Thumb Code    22  printfa.o(i.__0printf)
    __1printf                                0x08005285   Thumb Code     0  printfa.o(i.__0printf)
    __2printf                                0x08005285   Thumb Code     0  printfa.o(i.__0printf)
    __c89printf                              0x08005285   Thumb Code     0  printfa.o(i.__0printf)
    printf                                   0x08005285   Thumb Code     0  printfa.o(i.__0printf)
    __ARM_fpclassifyf                        0x080052a5   Thumb Code    38  fpclassifyf.o(i.__ARM_fpclassifyf)
    __hardfp_expf                            0x080052ed   Thumb Code   426  expf.o(i.__hardfp_expf)
    __mathlib_expf                           0x080052ed   Thumb Code     0  expf.o(i.__hardfp_expf)
    __mathlib_flt_infnan                     0x080054d5   Thumb Code     6  funder.o(i.__mathlib_flt_infnan)
    __mathlib_flt_overflow                   0x080054dd   Thumb Code    10  funder.o(i.__mathlib_flt_overflow)
    __mathlib_flt_underflow                  0x080054ed   Thumb Code    10  funder.o(i.__mathlib_flt_underflow)
    __scatterload_copy                       0x080054fd   Thumb Code    14  handlers.o(i.__scatterload_copy)
    __scatterload_null                       0x0800550b   Thumb Code     2  handlers.o(i.__scatterload_null)
    __scatterload_zeroinit                   0x0800550d   Thumb Code    14  handlers.o(i.__scatterload_zeroinit)
    __set_errno                              0x0800551d   Thumb Code     6  errno.o(i.__set_errno)
    aiInit                                   0x08006059   Thumb Code    84  main.o(i.aiInit)
    aiRun                                    0x080060b5   Thumb Code    66  main.o(i.aiRun)
    ai_array_get_byte_size                   0x080060fd   Thumb Code    68  ai_datatypes_format.o(i.ai_array_get_byte_size)
    ai_array_to_buffer_fmt                   0x08006141   Thumb Code   202  ai_datatypes_format.o(i.ai_array_to_buffer_fmt)
    ai_check_custom_types                    0x0800622d   Thumb Code    38  layers.o(i.ai_check_custom_types)
    ai_dict4_dot_array_f32                   0x08006259   Thumb Code   106  layers_conv2d_generic_float.o(i.ai_dict4_dot_array_f32)
    ai_dict8_dot_array_f32                   0x080062c9   Thumb Code   246  layers_conv2d_generic_float.o(i.ai_dict8_dot_array_f32)
    ai_layers_forward_all                    0x080063d7   Thumb Code    24  layers.o(i.ai_layers_forward_all)
    ai_network_create                        0x080063f1   Thumb Code    20  network.o(i.ai_network_create)
    ai_network_data_weights_get              0x08006409   Thumb Code     4  network_data.o(i.ai_network_data_weights_get)
    ai_network_destroy                       0x08006411   Thumb Code     4  network.o(i.ai_network_destroy)
    ai_network_get_error                     0x08006415   Thumb Code     4  network.o(i.ai_network_get_error)
    ai_network_init                          0x08006419   Thumb Code    82  network.o(i.ai_network_init)
    ai_network_run                           0x08006471   Thumb Code     4  network.o(i.ai_network_run)
    ai_platform_context_acquire              0x08006475   Thumb Code    24  ai_platform_interface.o(i.ai_platform_context_acquire)
    ai_platform_network_create               0x08006491   Thumb Code    96  ai_platform_interface.o(i.ai_platform_network_create)
    ai_platform_network_destroy              0x08006501   Thumb Code    18  ai_platform_interface.o(i.ai_platform_network_destroy)
    ai_platform_network_get_error            0x08006515   Thumb Code    24  ai_platform_interface.o(i.ai_platform_network_get_error)
    ai_platform_network_init                 0x08006531   Thumb Code   126  ai_platform_interface.o(i.ai_platform_network_init)
    ai_platform_network_process              0x080065af   Thumb Code   156  ai_platform_interface.o(i.ai_platform_network_process)
    ai_platform_network_set_error            0x0800664b   Thumb Code    12  ai_platform_interface.o(i.ai_platform_network_set_error)
    core_get_error                           0x08006671   Thumb Code    12  core_common.o(i.core_get_error)
    core_init                                0x0800667d   Thumb Code     4  core_common.o(i.core_init)
    core_set_error                           0x08006681   Thumb Code    26  core_common.o(i.core_set_error)
    forward_dense                            0x0800669d   Thumb Code   358  layers_conv2d_generic_float.o(i.forward_dense)
    forward_relu                             0x08006809   Thumb Code   108  layers_nl_generic_float.o(i.forward_relu)
    forward_sm                               0x08006875   Thumb Code    50  layers_nl_generic_float.o(i.forward_sm)
    fputc                                    0x080068a9   Thumb Code    20  main.o(i.fputc)
    ft5336_Init                              0x080068d9   Thumb Code    16  ft5336.o(i.ft5336_Init)
    ft5336_ReadID                            0x080068e9   Thumb Code    58  ft5336.o(i.ft5336_ReadID)
    ft5336_Reset                             0x08006923   Thumb Code     2  ft5336.o(i.ft5336_Reset)
    ft5336_TS_ClearIT                        0x08006925   Thumb Code     2  ft5336.o(i.ft5336_TS_ClearIT)
    ft5336_TS_DetectTouch                    0x08006929   Thumb Code    60  ft5336.o(i.ft5336_TS_DetectTouch)
    ft5336_TS_DisableIT                      0x08006969   Thumb Code    10  ft5336.o(i.ft5336_TS_DisableIT)
    ft5336_TS_EnableIT                       0x08006973   Thumb Code    10  ft5336.o(i.ft5336_TS_EnableIT)
    ft5336_TS_GetGestureID                   0x0800697d   Thumb Code    30  ft5336.o(i.ft5336_TS_GetGestureID)
    ft5336_TS_GetTouchInfo                   0x0800699d   Thumb Code   200  ft5336.o(i.ft5336_TS_GetTouchInfo)
    ft5336_TS_GetXY                          0x08006a69   Thumb Code   282  ft5336.o(i.ft5336_TS_GetXY)
    ft5336_TS_ITStatus                       0x08006b89   Thumb Code     4  ft5336.o(i.ft5336_TS_ITStatus)
    ft5336_TS_Start                          0x08006b8d   Thumb Code     4  ft5336.o(i.ft5336_TS_Start)
    main                                     0x08006b91   Thumb Code  1080  main.o(i.main)
    nl_func_relu_array_f32                   0x08007069   Thumb Code    36  layers_nl_generic_float.o(i.nl_func_relu_array_f32)
    nl_func_relu_generic_array_f32           0x08007091   Thumb Code   160  layers_nl_generic_float.o(i.nl_func_relu_generic_array_f32)
    nl_func_relu_thresholded_array_f32       0x08007135   Thumb Code    52  layers_nl_generic_float.o(i.nl_func_relu_thresholded_array_f32)
    nl_func_sm_array_f32                     0x0800716d   Thumb Code    58  layers_nl_generic_float.o(i.nl_func_sm_array_f32)
    nl_func_sm_channel_f32                   0x080071a9   Thumb Code   130  layers_nl_generic_float.o(i.nl_func_sm_channel_f32)
    Font24_Table                             0x0803ceb0   Data        6840  font24.o(.constdata)
    Font57_Table                             0x0803e968   Data       51072  font57.o(.constdata)
    AHBPrescTable                            0x0804b0e8   Data          16  system_stm32f7xx.o(.constdata)
    APBPrescTable                            0x0804b0f8   Data           8  system_stm32f7xx.o(.constdata)
    Region$$Table$$Base                      0x0804b158   Number         0  anon$$obj.o(Region$$Table)
    Region$$Table$$Limit                     0x0804b178   Number         0  anon$$obj.o(Region$$Table)
    radius                                   0x20000570   Data           4  main.o(.data)
    fInfcd                                   0x20000574   Data           4  main.o(.data)
    ts                                       0x2000057c   Data           4  main.o(.data)
    tsPrs                                    0x20000580   Data           4  main.o(.data)
    dbnc_cnt                                 0x20000584   Data           4  main.o(.data)
    dbnc_en                                  0x20000588   Data           4  main.o(.data)
    debug                                    0x2000058c   Data           4  main.o(.data)
    x                                        0x20000590   Data           4  main.o(.data)
    y                                        0x20000594   Data           4  main.o(.data)
    tsX                                      0x20000598   Data           4  main.o(.data)
    tsY                                      0x2000059c   Data           4  main.o(.data)
    Font24                                   0x200005d0   Data           8  font24.o(.data)
    ft5336_ts_drv                            0x200005ec   Data          40  ft5336.o(.data)
    Font57                                   0x2000061c   Data           8  font57.o(.data)
    SystemCoreClock                          0x20000624   Data           4  system_stm32f7xx.o(.data)
    uwTickFreq                               0x20000628   Data           1  stm32f7xx_hal.o(.data)
    uwTickPrio                               0x2000062c   Data           4  stm32f7xx_hal.o(.data)
    uwTick                                   0x20000630   Data           4  stm32f7xx_hal.o(.data)
    __stdout                                 0x20000634   Data           4  stdout.o(.data)
    hcrc                                     0x20000684   Data          36  main.o(.bss)
    hdma2d                                   0x200006a8   Data          64  main.o(.bss)
    hltdc                                    0x200006e8   Data         168  main.o(.bss)
    htim1                                    0x20000790   Data          64  main.o(.bss)
    huart1                                   0x200007d0   Data         128  main.o(.bss)
    huart3                                   0x20000850   Data         128  main.o(.bss)
    hsdram1                                  0x200008d0   Data          52  main.o(.bss)
    bound                                    0x20000904   Data          16  main.o(.bss)
    pic                                      0x20000940   Data       200704  main.o(.bss)
    inNN                                     0x20031940   Data        3136  main.o(.bss)
    outNN                                    0x20032580   Data          40  main.o(.bss)
    htim6                                    0x200327a8   Data          64  stm32f7xx_hal_timebase_tim.o(.bss)
    hLtdcHandler                             0x20032904   Data         168  stm32746g_discovery_lcd.o(.bss)
    sdramHandle                              0x20032ac4   Data          52  stm32746g_discovery_sdram.o(.bss)
    __initial_sp                             0x20032f50   Data           0  startup_stm32f746xx.o(STACK)



==============================================================================

Memory Map of the image

  Image Entry point : 0x080001c9

  Load Region LR_IROM1 (Base: 0x08000000, Size: 0x0004b7b4, Max: 0x00100000, ABSOLUTE, COMPRESSED[0x0004b37c])

    Execution Region ER_IROM1 (Exec base: 0x08000000, Load base: 0x08000000, Size: 0x0004b178, Max: 0x00100000, ABSOLUTE)

    Exec Addr    Load Addr    Size         Type   Attr      Idx    E Section Name        Object

    0x08000000   0x08000000   0x000001c8   Data   RO            3    RESET               startup_stm32f746xx.o
    0x080001c8   0x080001c8   0x00000000   Code   RO         7248  * .ARM.Collect$$$$00000000  mc_w.l(entry.o)
    0x080001c8   0x080001c8   0x00000004   Code   RO         7576    .ARM.Collect$$$$00000001  mc_w.l(entry2.o)
    0x080001cc   0x080001cc   0x00000004   Code   RO         7579    .ARM.Collect$$$$00000004  mc_w.l(entry5.o)
    0x080001d0   0x080001d0   0x00000000   Code   RO         7581    .ARM.Collect$$$$00000008  mc_w.l(entry7b.o)
    0x080001d0   0x080001d0   0x00000000   Code   RO         7583    .ARM.Collect$$$$0000000A  mc_w.l(entry8b.o)
    0x080001d0   0x080001d0   0x00000008   Code   RO         7584    .ARM.Collect$$$$0000000B  mc_w.l(entry9a.o)
    0x080001d8   0x080001d8   0x00000000   Code   RO         7586    .ARM.Collect$$$$0000000D  mc_w.l(entry10a.o)
    0x080001d8   0x080001d8   0x00000000   Code   RO         7588    .ARM.Collect$$$$0000000F  mc_w.l(entry11a.o)
    0x080001d8   0x080001d8   0x00000004   Code   RO         7577    .ARM.Collect$$$$00002712  mc_w.l(entry2.o)
    0x080001dc   0x080001dc   0x00000024   Code   RO            4    .text               startup_stm32f746xx.o
    0x08000200   0x08000200   0x00000062   Code   RO         7251    .text               mc_w.l(uldiv.o)
    0x08000262   0x08000262   0x0000001e   Code   RO         7253    .text               mc_w.l(llshl.o)
    0x08000280   0x08000280   0x00000024   Code   RO         7255    .text               mc_w.l(memcpya.o)
    0x080002a4   0x080002a4   0x00000024   Code   RO         7257    .text               mc_w.l(memseta.o)
    0x080002c8   0x080002c8   0x0000001a   Code   RO         7261    .text               mc_w.l(memcmp.o)
    0x080002e2   0x080002e2   0x00000026   Code   RO         7558    .text               mf_w.l(f2d.o)
    0x08000308   0x08000308   0x0000002c   Code   RO         7591    .text               mc_w.l(uidiv.o)
    0x08000334   0x08000334   0x00000020   Code   RO         7593    .text               mc_w.l(llushr.o)
    0x08000354   0x08000354   0x00000000   Code   RO         7604    .text               mc_w.l(iusefp.o)
    0x08000354   0x08000354   0x0000014e   Code   RO         7607    .text               mf_w.l(dadd.o)
    0x080004a2   0x080004a2   0x000000e4   Code   RO         7609    .text               mf_w.l(dmul.o)
    0x08000586   0x08000586   0x000000de   Code   RO         7611    .text               mf_w.l(ddiv.o)
    0x08000664   0x08000664   0x00000030   Code   RO         7613    .text               mf_w.l(dfixul.o)
    0x08000694   0x08000694   0x00000030   Code   RO         7615    .text               mf_w.l(cdrcmple.o)
    0x080006c4   0x080006c4   0x00000024   Code   RO         7619    .text               mc_w.l(init.o)
    0x080006e8   0x080006e8   0x00000024   Code   RO         7621    .text               mc_w.l(llsshr.o)
    0x0800070c   0x0800070c   0x000000ba   Code   RO         7623    .text               mf_w.l(depilogue.o)
    0x080007c6   0x080007c6   0x00000056   Code   RO         7633    .text               mc_w.l(__dczerorl2.o)
    0x0800081c   0x0800081c   0x00000038   Code   RO         1140    i.BSP_LCD_Clear     stm32746g_discovery_lcd.o
    0x08000854   0x08000854   0x00000020   Code   RO         1142    i.BSP_LCD_ClockConfig  stm32746g_discovery_lcd.o
    0x08000874   0x08000874   0x00000034   Code   RO         1144    i.BSP_LCD_DisplayChar  stm32746g_discovery_lcd.o
    0x080008a8   0x080008a8   0x00000034   Code   RO         1146    i.BSP_LCD_DisplayOn  stm32746g_discovery_lcd.o
    0x080008dc   0x080008dc   0x00000118   Code   RO         1150    i.BSP_LCD_DrawCircle  stm32746g_discovery_lcd.o
    0x080009f4   0x080009f4   0x0000007c   Code   RO         1152    i.BSP_LCD_DrawHLine  stm32746g_discovery_lcd.o
    0x08000a70   0x08000a70   0x00000064   Code   RO         1154    i.BSP_LCD_DrawPixel  stm32746g_discovery_lcd.o
    0x08000ad4   0x08000ad4   0x00000036   Code   RO         1156    i.BSP_LCD_DrawRect  stm32746g_discovery_lcd.o
    0x08000b0a   0x08000b0a   0x00000002   PAD
    0x08000b0c   0x08000b0c   0x00000088   Code   RO         1157    i.BSP_LCD_DrawVLine  stm32746g_discovery_lcd.o
    0x08000b94   0x08000b94   0x000000c4   Code   RO         1158    i.BSP_LCD_FillCircle  stm32746g_discovery_lcd.o
    0x08000c58   0x08000c58   0x00000020   Code   RO         1165    i.BSP_LCD_GetXSize  stm32746g_discovery_lcd.o
    0x08000c78   0x08000c78   0x00000020   Code   RO         1166    i.BSP_LCD_GetYSize  stm32746g_discovery_lcd.o
    0x08000c98   0x08000c98   0x000000a4   Code   RO         1167    i.BSP_LCD_Init      stm32746g_discovery_lcd.o
    0x08000d3c   0x08000d3c   0x0000007c   Code   RO         1169    i.BSP_LCD_LayerRgb565Init  stm32746g_discovery_lcd.o
    0x08000db8   0x08000db8   0x00000138   Code   RO         1171    i.BSP_LCD_MspInit   stm32746g_discovery_lcd.o
    0x08000ef0   0x08000ef0   0x000000b0   Code   RO         1172    i.BSP_LCD_ReadPixel  stm32746g_discovery_lcd.o
    0x08000fa0   0x08000fa0   0x0000000c   Code   RO         1176    i.BSP_LCD_SelectLayer  stm32746g_discovery_lcd.o
    0x08000fac   0x08000fac   0x0000001c   Code   RO         1177    i.BSP_LCD_SetBackColor  stm32746g_discovery_lcd.o
    0x08000fc8   0x08000fc8   0x0000001c   Code   RO         1180    i.BSP_LCD_SetFont   stm32746g_discovery_lcd.o
    0x08000fe4   0x08000fe4   0x0000002c   Code   RO         1183    i.BSP_LCD_SetLayerVisible  stm32746g_discovery_lcd.o
    0x08001010   0x08001010   0x00000018   Code   RO         1187    i.BSP_LCD_SetTextColor  stm32746g_discovery_lcd.o
    0x08001028   0x08001028   0x00000078   Code   RO         1504    i.BSP_SDRAM_Init    stm32746g_discovery_sdram.o
    0x080010a0   0x080010a0   0x0000008c   Code   RO         1505    i.BSP_SDRAM_Initialization_sequence  stm32746g_discovery_sdram.o
    0x0800112c   0x0800112c   0x00000168   Code   RO         1507    i.BSP_SDRAM_MspInit  stm32746g_discovery_sdram.o
    0x08001294   0x08001294   0x00000170   Code   RO         1586    i.BSP_TS_GetState   stm32746g_discovery_ts.o
    0x08001404   0x08001404   0x0000005c   Code   RO         1587    i.BSP_TS_Get_GestureId  stm32746g_discovery_ts.o
    0x08001460   0x08001460   0x0000003c   Code   RO         1591    i.BSP_TS_Init       stm32746g_discovery_ts.o
    0x0800149c   0x0800149c   0x00000002   Code   RO          615    i.BusFault_Handler  stm32f7xx_it.o
    0x0800149e   0x0800149e   0x00000002   PAD
    0x080014a0   0x080014a0   0x000000a0   Code   RO         6882    i.CRC_Lock          NetworkRuntime400_CM7_Keil.lib(ai_platform_interface.o)
    0x08001540   0x08001540   0x0000000c   Code   RO          616    i.DMA2D_IRQHandler  stm32f7xx_it.o
    0x0800154c   0x0800154c   0x00000092   Code   RO         2290    i.DMA2D_SetConfig   stm32f7xx_hal_dma2d.o
    0x080015de   0x080015de   0x00000002   PAD
    0x080015e0   0x080015e0   0x00000028   Code   RO         4832    i.DMA_CalcBaseAndBitshift  stm32f7xx_hal_dma.o
    0x08001608   0x08001608   0x00000054   Code   RO         4833    i.DMA_CheckFifoParam  stm32f7xx_hal_dma.o
    0x0800165c   0x0800165c   0x00000002   Code   RO          617    i.DebugMon_Handler  stm32f7xx_it.o
    0x0800165e   0x0800165e   0x00000002   PAD
    0x08001660   0x08001660   0x000000b0   Code   RO         1192    i.DrawChar          stm32746g_discovery_lcd.o
    0x08001710   0x08001710   0x0000005e   Code   RO         2502    i.FMC_SDRAM_Init    stm32f7xx_ll_fmc.o
    0x0800176e   0x0800176e   0x0000000c   Code   RO         2503    i.FMC_SDRAM_ProgramRefreshRate  stm32f7xx_ll_fmc.o
    0x0800177a   0x0800177a   0x00000020   Code   RO         2504    i.FMC_SDRAM_SendCommand  stm32f7xx_ll_fmc.o
    0x0800179a   0x0800179a   0x00000002   PAD
    0x0800179c   0x0800179c   0x0000008c   Code   RO         2506    i.FMC_SDRAM_Timing_Init  stm32f7xx_ll_fmc.o
    0x08001828   0x08001828   0x0000004e   Code   RO         2256    i.HAL_CRCEx_Polynomial_Set  stm32f7xx_hal_crc_ex.o
    0x08001876   0x08001876   0x00000002   PAD
    0x08001878   0x08001878   0x00000078   Code   RO         2190    i.HAL_CRC_Init      stm32f7xx_hal_crc.o
    0x080018f0   0x080018f0   0x00000028   Code   RO          704    i.HAL_CRC_MspInit   stm32f7xx_hal_msp.o
    0x08001918   0x08001918   0x00000002   Code   RO         2296    i.HAL_DMA2D_CLUTLoadingCpltCallback  stm32f7xx_hal_dma2d.o
    0x0800191a   0x0800191a   0x00000002   PAD
    0x0800191c   0x0800191c   0x000000a0   Code   RO         2302    i.HAL_DMA2D_ConfigLayer  stm32f7xx_hal_dma2d.o
    0x080019bc   0x080019bc   0x0000011c   Code   RO         2309    i.HAL_DMA2D_IRQHandler  stm32f7xx_hal_dma2d.o
    0x08001ad8   0x08001ad8   0x0000005a   Code   RO         2310    i.HAL_DMA2D_Init    stm32f7xx_hal_dma2d.o
    0x08001b32   0x08001b32   0x00000002   Code   RO         2311    i.HAL_DMA2D_LineEventCallback  stm32f7xx_hal_dma2d.o
    0x08001b34   0x08001b34   0x0000003c   Code   RO          706    i.HAL_DMA2D_MspInit  stm32f7xx_hal_msp.o
    0x08001b70   0x08001b70   0x0000010e   Code   RO         2314    i.HAL_DMA2D_PollForTransfer  stm32f7xx_hal_dma2d.o
    0x08001c7e   0x08001c7e   0x00000034   Code   RO         2317    i.HAL_DMA2D_Start   stm32f7xx_hal_dma2d.o
    0x08001cb2   0x08001cb2   0x00000062   Code   RO         4837    i.HAL_DMA_DeInit    stm32f7xx_hal_dma.o
    0x08001d14   0x08001d14   0x000000e4   Code   RO         4841    i.HAL_DMA_Init      stm32f7xx_hal_dma.o
    0x08001df8   0x08001df8   0x00000024   Code   RO         5202    i.HAL_Delay         stm32f7xx_hal.o
    0x08001e1c   0x08001e1c   0x000000b4   Code   RO          707    i.HAL_FMC_MspInit   stm32f7xx_hal_msp.o
    0x08001ed0   0x08001ed0   0x000001d8   Code   RO         4769    i.HAL_GPIO_Init     stm32f7xx_hal_gpio.o
    0x080020a8   0x080020a8   0x0000000a   Code   RO         4773    i.HAL_GPIO_WritePin  stm32f7xx_hal_gpio.o
    0x080020b2   0x080020b2   0x00000002   PAD
    0x080020b4   0x080020b4   0x0000000c   Code   RO         5210    i.HAL_GetTick       stm32f7xx_hal.o
    0x080020c0   0x080020c0   0x00000034   Code   RO         5395    i.HAL_I2C_DeInit    stm32f7xx_hal_i2c.o
    0x080020f4   0x080020f4   0x00000006   Code   RO         5403    i.HAL_I2C_GetState  stm32f7xx_hal_i2c.o
    0x080020fa   0x080020fa   0x00000002   PAD
    0x080020fc   0x080020fc   0x000000b8   Code   RO         5404    i.HAL_I2C_Init      stm32f7xx_hal_i2c.o
    0x080021b4   0x080021b4   0x00000164   Code   RO         5422    i.HAL_I2C_Mem_Read  stm32f7xx_hal_i2c.o
    0x08002318   0x08002318   0x00000158   Code   RO         5425    i.HAL_I2C_Mem_Write  stm32f7xx_hal_i2c.o
    0x08002470   0x08002470   0x00000002   Code   RO         5428    i.HAL_I2C_MspDeInit  stm32f7xx_hal_i2c.o
    0x08002472   0x08002472   0x00000002   Code   RO         5429    i.HAL_I2C_MspInit   stm32f7xx_hal_i2c.o
    0x08002474   0x08002474   0x00000010   Code   RO         5216    i.HAL_IncTick       stm32f7xx_hal.o
    0x08002484   0x08002484   0x00000016   Code   RO         5217    i.HAL_Init          stm32f7xx_hal.o
    0x0800249a   0x0800249a   0x00000002   PAD
    0x0800249c   0x0800249c   0x00000074   Code   RO          812    i.HAL_InitTick      stm32f7xx_hal_timebase_tim.o
    0x08002510   0x08002510   0x00000052   Code   RO         2796    i.HAL_LTDC_ConfigLayer  stm32f7xx_hal_ltdc.o
    0x08002562   0x08002562   0x00000002   Code   RO         2809    i.HAL_LTDC_ErrorCallback  stm32f7xx_hal_ltdc.o
    0x08002564   0x08002564   0x00000006   Code   RO         2811    i.HAL_LTDC_GetState  stm32f7xx_hal_ltdc.o
    0x0800256a   0x0800256a   0x000000c8   Code   RO         2812    i.HAL_LTDC_IRQHandler  stm32f7xx_hal_ltdc.o
    0x08002632   0x08002632   0x00000002   PAD
    0x08002634   0x08002634   0x000000f8   Code   RO         2813    i.HAL_LTDC_Init     stm32f7xx_hal_ltdc.o
    0x0800272c   0x0800272c   0x00000002   Code   RO         2814    i.HAL_LTDC_LineEventCallback  stm32f7xx_hal_ltdc.o
    0x0800272e   0x0800272e   0x00000002   PAD
    0x08002730   0x08002730   0x0000011c   Code   RO          709    i.HAL_LTDC_MspInit  stm32f7xx_hal_msp.o
    0x0800284c   0x0800284c   0x00000002   Code   RO         2819    i.HAL_LTDC_ReloadEventCallback  stm32f7xx_hal_ltdc.o
    0x0800284e   0x0800284e   0x00000002   PAD
    0x08002850   0x08002850   0x00000030   Code   RO          710    i.HAL_MspInit       stm32f7xx_hal_msp.o
    0x08002880   0x08002880   0x0000001a   Code   RO         2054    i.HAL_NVIC_EnableIRQ  stm32f7xx_hal_cortex.o
    0x0800289a   0x0800289a   0x00000002   PAD
    0x0800289c   0x0800289c   0x00000040   Code   RO         2060    i.HAL_NVIC_SetPriority  stm32f7xx_hal_cortex.o
    0x080028dc   0x080028dc   0x00000024   Code   RO         2061    i.HAL_NVIC_SetPriorityGrouping  stm32f7xx_hal_cortex.o
    0x08002900   0x08002900   0x0000006c   Code   RO         5109    i.HAL_PWREx_EnableOverDrive  stm32f7xx_hal_pwr_ex.o
    0x0800296c   0x0800296c   0x00000010   Code   RO         4986    i.HAL_PWR_EnableBkUpAccess  stm32f7xx_hal_pwr.o
    0x0800297c   0x0800297c   0x000004fc   Code   RO         4530    i.HAL_RCCEx_PeriphCLKConfig  stm32f7xx_hal_rcc_ex.o
    0x08002e78   0x08002e78   0x0000012c   Code   RO         4423    i.HAL_RCC_ClockConfig  stm32f7xx_hal_rcc.o
    0x08002fa4   0x08002fa4   0x00000040   Code   RO         4427    i.HAL_RCC_GetClockConfig  stm32f7xx_hal_rcc.o
    0x08002fe4   0x08002fe4   0x00000020   Code   RO         4430    i.HAL_RCC_GetPCLK1Freq  stm32f7xx_hal_rcc.o
    0x08003004   0x08003004   0x00000020   Code   RO         4431    i.HAL_RCC_GetPCLK2Freq  stm32f7xx_hal_rcc.o
    0x08003024   0x08003024   0x00000064   Code   RO         4432    i.HAL_RCC_GetSysClockFreq  stm32f7xx_hal_rcc.o
    0x08003088   0x08003088   0x00000338   Code   RO         4435    i.HAL_RCC_OscConfig  stm32f7xx_hal_rcc.o
    0x080033c0   0x080033c0   0x00000042   Code   RO         2643    i.HAL_SDRAM_Init    stm32f7xx_hal_sdram.o
    0x08003402   0x08003402   0x00000004   Code   RO          712    i.HAL_SDRAM_MspInit  stm32f7xx_hal_msp.o
    0x08003406   0x08003406   0x00000022   Code   RO         2646    i.HAL_SDRAM_ProgramRefreshRate  stm32f7xx_hal_sdram.o
    0x08003428   0x08003428   0x00000030   Code   RO         2652    i.HAL_SDRAM_SendCommand  stm32f7xx_hal_sdram.o
    0x08003458   0x08003458   0x00000002   Code   RO         3773    i.HAL_TIMEx_Break2Callback  stm32f7xx_hal_tim_ex.o
    0x0800345a   0x0800345a   0x00000002   Code   RO         3774    i.HAL_TIMEx_BreakCallback  stm32f7xx_hal_tim_ex.o
    0x0800345c   0x0800345c   0x00000002   Code   RO         3775    i.HAL_TIMEx_CommutCallback  stm32f7xx_hal_tim_ex.o
    0x0800345e   0x0800345e   0x00000002   PAD
    0x08003460   0x08003460   0x000000a0   Code   RO         3777    i.HAL_TIMEx_ConfigBreakDeadTime  stm32f7xx_hal_tim_ex.o
    0x08003500   0x08003500   0x00000060   Code   RO         3793    i.HAL_TIMEx_MasterConfigSynchronization  stm32f7xx_hal_tim_ex.o
    0x08003560   0x08003560   0x00000036   Code   RO         3088    i.HAL_TIM_Base_Init  stm32f7xx_hal_tim.o
    0x08003596   0x08003596   0x00000002   PAD
    0x08003598   0x08003598   0x00000028   Code   RO          714    i.HAL_TIM_Base_MspInit  stm32f7xx_hal_msp.o
    0x080035c0   0x080035c0   0x0000002c   Code   RO         3093    i.HAL_TIM_Base_Start_IT  stm32f7xx_hal_tim.o
    0x080035ec   0x080035ec   0x000000dc   Code   RO         3097    i.HAL_TIM_ConfigClockSource  stm32f7xx_hal_tim.o
    0x080036c8   0x080036c8   0x00000002   Code   RO         3117    i.HAL_TIM_IC_CaptureCallback  stm32f7xx_hal_tim.o
    0x080036ca   0x080036ca   0x00000182   Code   RO         3131    i.HAL_TIM_IRQHandler  stm32f7xx_hal_tim.o
    0x0800384c   0x0800384c   0x00000054   Code   RO          715    i.HAL_TIM_MspPostInit  stm32f7xx_hal_msp.o
    0x080038a0   0x080038a0   0x00000002   Code   RO         3134    i.HAL_TIM_OC_DelayElapsedCallback  stm32f7xx_hal_tim.o
    0x080038a2   0x080038a2   0x00000128   Code   RO         3155    i.HAL_TIM_PWM_ConfigChannel  stm32f7xx_hal_tim.o
    0x080039ca   0x080039ca   0x00000036   Code   RO         3158    i.HAL_TIM_PWM_Init  stm32f7xx_hal_tim.o
    0x08003a00   0x08003a00   0x00000002   Code   RO         3160    i.HAL_TIM_PWM_MspInit  stm32f7xx_hal_tim.o
    0x08003a02   0x08003a02   0x00000002   Code   RO         3161    i.HAL_TIM_PWM_PulseFinishedCallback  stm32f7xx_hal_tim.o
    0x08003a04   0x08003a04   0x00000014   Code   RO          247    i.HAL_TIM_PeriodElapsedCallback  main.o
    0x08003a18   0x08003a18   0x00000002   Code   RO         3174    i.HAL_TIM_TriggerCallback  stm32f7xx_hal_tim.o
    0x08003a1a   0x08003a1a   0x00000066   Code   RO         4062    i.HAL_UART_Init     stm32f7xx_hal_uart.o
    0x08003a80   0x08003a80   0x000000d8   Code   RO          717    i.HAL_UART_MspInit  stm32f7xx_hal_msp.o
    0x08003b58   0x08003b58   0x000000b6   Code   RO         4070    i.HAL_UART_Transmit  stm32f7xx_hal_uart.o
    0x08003c0e   0x08003c0e   0x00000002   Code   RO          618    i.HardFault_Handler  stm32f7xx_it.o
    0x08003c10   0x08003c10   0x00000022   Code   RO         5451    i.I2C_Flush_TXDR    stm32f7xx_hal_i2c.o
    0x08003c32   0x08003c32   0x00000002   PAD
    0x08003c34   0x08003c34   0x00000088   Code   RO         5459    i.I2C_IsAcknowledgeFailed  stm32f7xx_hal_i2c.o
    0x08003cbc   0x08003cbc   0x00000064   Code   RO         5462    i.I2C_RequestMemoryRead  stm32f7xx_hal_i2c.o
    0x08003d20   0x08003d20   0x00000064   Code   RO         5463    i.I2C_RequestMemoryWrite  stm32f7xx_hal_i2c.o
    0x08003d84   0x08003d84   0x0000002c   Code   RO         5466    i.I2C_TransferConfig  stm32f7xx_hal_i2c.o
    0x08003db0   0x08003db0   0x0000005a   Code   RO         5467    i.I2C_WaitOnFlagUntilTimeout  stm32f7xx_hal_i2c.o
    0x08003e0a   0x08003e0a   0x0000004e   Code   RO         5469    i.I2C_WaitOnSTOPFlagUntilTimeout  stm32f7xx_hal_i2c.o
    0x08003e58   0x08003e58   0x00000052   Code   RO         5470    i.I2C_WaitOnTXISFlagUntilTimeout  stm32f7xx_hal_i2c.o
    0x08003eaa   0x08003eaa   0x00000012   Code   RO          945    i.I2Cx_Error        stm32746g_discovery.o
    0x08003ebc   0x08003ebc   0x00000050   Code   RO          946    i.I2Cx_Init         stm32746g_discovery.o
    0x08003f0c   0x08003f0c   0x00000124   Code   RO          947    i.I2Cx_MspInit      stm32746g_discovery.o
    0x08004030   0x08004030   0x0000002a   Code   RO          948    i.I2Cx_ReadMultiple  stm32746g_discovery.o
    0x0800405a   0x0800405a   0x0000002a   Code   RO          949    i.I2Cx_WriteMultiple  stm32746g_discovery.o
    0x08004084   0x08004084   0x00000080   Code   RO         1195    i.LL_FillBuffer     stm32746g_discovery_lcd.o
    0x08004104   0x08004104   0x0000000c   Code   RO          619    i.LTDC_IRQHandler   stm32f7xx_it.o
    0x08004110   0x08004110   0x000001d0   Code   RO         2832    i.LTDC_SetConfig    stm32f7xx_hal_ltdc.o
    0x080042e0   0x080042e0   0x00000060   Code   RO          248    i.MX_FMC_Init       main.o
    0x08004340   0x08004340   0x000004f4   Code   RO          249    i.MX_GPIO_Init      main.o
    0x08004834   0x08004834   0x0000009c   Code   RO          250    i.MX_LTDC_Init      main.o
    0x080048d0   0x080048d0   0x000000ac   Code   RO          251    i.MX_TIM1_Init      main.o
    0x0800497c   0x0800497c   0x00000030   Code   RO          252    i.MX_USART1_UART_Init  main.o
    0x080049ac   0x080049ac   0x00000002   Code   RO          620    i.MemManage_Handler  stm32f7xx_it.o
    0x080049ae   0x080049ae   0x00000002   Code   RO          621    i.NMI_Handler       stm32f7xx_it.o
    0x080049b0   0x080049b0   0x00000002   Code   RO          622    i.PendSV_Handler    stm32f7xx_it.o
    0x080049b2   0x080049b2   0x00000002   Code   RO          623    i.SVC_Handler       stm32f7xx_it.o
    0x080049b4   0x080049b4   0x000000b8   Code   RO          254    i.SystemClock_Config  main.o
    0x08004a6c   0x08004a6c   0x00000054   Code   RO         1766    i.SystemInit        system_stm32f7xx.o
    0x08004ac0   0x08004ac0   0x0000000c   Code   RO          624    i.TIM6_DAC_IRQHandler  stm32f7xx_it.o
    0x08004acc   0x08004acc   0x000000cc   Code   RO         3176    i.TIM_Base_SetConfig  stm32f7xx_hal_tim.o
    0x08004b98   0x08004b98   0x00000012   Code   RO         3187    i.TIM_ETR_SetConfig  stm32f7xx_hal_tim.o
    0x08004baa   0x08004baa   0x00000010   Code   RO         3188    i.TIM_ITRx_SetConfig  stm32f7xx_hal_tim.o
    0x08004bba   0x08004bba   0x00000002   PAD
    0x08004bbc   0x08004bbc   0x00000074   Code   RO         3189    i.TIM_OC1_SetConfig  stm32f7xx_hal_tim.o
    0x08004c30   0x08004c30   0x00000078   Code   RO         3190    i.TIM_OC2_SetConfig  stm32f7xx_hal_tim.o
    0x08004ca8   0x08004ca8   0x00000078   Code   RO         3191    i.TIM_OC3_SetConfig  stm32f7xx_hal_tim.o
    0x08004d20   0x08004d20   0x00000058   Code   RO         3192    i.TIM_OC4_SetConfig  stm32f7xx_hal_tim.o
    0x08004d78   0x08004d78   0x00000058   Code   RO         3193    i.TIM_OC5_SetConfig  stm32f7xx_hal_tim.o
    0x08004dd0   0x08004dd0   0x00000058   Code   RO         3194    i.TIM_OC6_SetConfig  stm32f7xx_hal_tim.o
    0x08004e28   0x08004e28   0x00000022   Code   RO         3196    i.TIM_TI1_ConfigInputStage  stm32f7xx_hal_tim.o
    0x08004e4a   0x08004e4a   0x00000024   Code   RO         3198    i.TIM_TI2_ConfigInputStage  stm32f7xx_hal_tim.o
    0x08004e6e   0x08004e6e   0x00000004   Code   RO          950    i.TS_IO_Delay       stm32746g_discovery.o
    0x08004e72   0x08004e72   0x00000002   PAD
    0x08004e74   0x08004e74   0x0000000c   Code   RO          951    i.TS_IO_Init        stm32746g_discovery.o
    0x08004e80   0x08004e80   0x00000028   Code   RO          952    i.TS_IO_Read        stm32746g_discovery.o
    0x08004ea8   0x08004ea8   0x00000020   Code   RO          953    i.TS_IO_Write       stm32746g_discovery.o
    0x08004ec8   0x08004ec8   0x000000c8   Code   RO         4075    i.UART_AdvFeatureConfig  stm32f7xx_hal_uart.o
    0x08004f90   0x08004f90   0x0000003c   Code   RO         4076    i.UART_CheckIdleState  stm32f7xx_hal_uart.o
    0x08004fcc   0x08004fcc   0x00000254   Code   RO         4091    i.UART_SetConfig    stm32f7xx_hal_uart.o
    0x08005220   0x08005220   0x00000060   Code   RO         4094    i.UART_WaitOnFlagUntilTimeout  stm32f7xx_hal_uart.o
    0x08005280   0x08005280   0x00000002   Code   RO          625    i.UsageFault_Handler  stm32f7xx_it.o
    0x08005282   0x08005282   0x00000002   PAD
    0x08005284   0x08005284   0x00000020   Code   RO         7500    i.__0printf         mc_w.l(printfa.o)
    0x080052a4   0x080052a4   0x00000026   Code   RO         7560    i.__ARM_fpclassifyf  m_wm.l(fpclassifyf.o)
    0x080052ca   0x080052ca   0x00000022   Code   RO         2067    i.__NVIC_SetPriority  stm32f7xx_hal_cortex.o
    0x080052ec   0x080052ec   0x000001e8   Code   RO         7194    i.__hardfp_expf     m_wm.l(expf.o)
    0x080054d4   0x080054d4   0x00000006   Code   RO         7563    i.__mathlib_flt_infnan  m_wm.l(funder.o)
    0x080054da   0x080054da   0x00000002   PAD
    0x080054dc   0x080054dc   0x00000010   Code   RO         7566    i.__mathlib_flt_overflow  m_wm.l(funder.o)
    0x080054ec   0x080054ec   0x00000010   Code   RO         7568    i.__mathlib_flt_underflow  m_wm.l(funder.o)
    0x080054fc   0x080054fc   0x0000000e   Code   RO         7627    i.__scatterload_copy  mc_w.l(handlers.o)
    0x0800550a   0x0800550a   0x00000002   Code   RO         7628    i.__scatterload_null  mc_w.l(handlers.o)
    0x0800550c   0x0800550c   0x0000000e   Code   RO         7629    i.__scatterload_zeroinit  mc_w.l(handlers.o)
    0x0800551a   0x0800551a   0x00000002   PAD
    0x0800551c   0x0800551c   0x0000000c   Code   RO         7599    i.__set_errno       mc_w.l(errno.o)
    0x08005528   0x08005528   0x00000184   Code   RO         7507    i._fp_digits        mc_w.l(printfa.o)
    0x080056ac   0x080056ac   0x000001d2   Code   RO         6884    i._platform_network_io_bind  NetworkRuntime400_CM7_Keil.lib(ai_platform_interface.o)
    0x0800587e   0x0800587e   0x00000034   Code   RO         6885    i._platform_network_state_setup  NetworkRuntime400_CM7_Keil.lib(ai_platform_interface.o)
    0x080058b2   0x080058b2   0x00000076   Code   RO         6886    i._platform_network_state_update_output  NetworkRuntime400_CM7_Keil.lib(ai_platform_interface.o)
    0x08005928   0x08005928   0x000006dc   Code   RO         7508    i._printf_core      mc_w.l(printfa.o)
    0x08006004   0x08006004   0x00000024   Code   RO         7509    i._printf_post_padding  mc_w.l(printfa.o)
    0x08006028   0x08006028   0x0000002e   Code   RO         7510    i._printf_pre_padding  mc_w.l(printfa.o)
    0x08006056   0x08006056   0x00000002   PAD
    0x08006058   0x08006058   0x0000005c   Code   RO          255    i.aiInit            main.o
    0x080060b4   0x080060b4   0x00000048   Code   RO          256    i.aiRun             main.o
    0x080060fc   0x080060fc   0x00000044   Code   RO         7054    i.ai_array_get_byte_size  NetworkRuntime400_CM7_Keil.lib(ai_datatypes_format.o)
    0x08006140   0x08006140   0x000000ec   Code   RO         7057    i.ai_array_to_buffer_fmt  NetworkRuntime400_CM7_Keil.lib(ai_datatypes_format.o)
    0x0800622c   0x0800622c   0x0000002c   Code   RO         7113    i.ai_check_custom_types  NetworkRuntime400_CM7_Keil.lib(layers.o)
    0x08006258   0x08006258   0x00000070   Code   RO         6927    i.ai_dict4_dot_array_f32  NetworkRuntime400_CM7_Keil.lib(layers_conv2d_generic_float.o)
    0x080062c8   0x080062c8   0x000000fc   Code   RO         6928    i.ai_dict8_dot_array_f32  NetworkRuntime400_CM7_Keil.lib(layers_conv2d_generic_float.o)
    0x080063c4   0x080063c4   0x00000012   Code   RO         7114    i.ai_forward_layer  NetworkRuntime400_CM7_Keil.lib(layers.o)
    0x080063d6   0x080063d6   0x00000018   Code   RO         7117    i.ai_layers_forward_all  NetworkRuntime400_CM7_Keil.lib(layers.o)
    0x080063ee   0x080063ee   0x00000002   PAD
    0x080063f0   0x080063f0   0x00000018   Code   RO           10    i.ai_network_create  network.o
    0x08006408   0x08006408   0x00000008   Code   RO          224    i.ai_network_data_weights_get  network_data.o
    0x08006410   0x08006410   0x00000004   Code   RO           11    i.ai_network_destroy  network.o
    0x08006414   0x08006414   0x00000004   Code   RO           13    i.ai_network_get_error  network.o
    0x08006418   0x08006418   0x00000058   Code   RO           15    i.ai_network_init   network.o
    0x08006470   0x08006470   0x00000004   Code   RO           16    i.ai_network_run    network.o
    0x08006474   0x08006474   0x0000001c   Code   RO         6889    i.ai_platform_context_acquire  NetworkRuntime400_CM7_Keil.lib(ai_platform_interface.o)
    0x08006490   0x08006490   0x00000070   Code   RO         6892    i.ai_platform_network_create  NetworkRuntime400_CM7_Keil.lib(ai_platform_interface.o)
    0x08006500   0x08006500   0x00000012   Code   RO         6893    i.ai_platform_network_destroy  NetworkRuntime400_CM7_Keil.lib(ai_platform_interface.o)
    0x08006512   0x08006512   0x00000002   PAD
    0x08006514   0x08006514   0x0000001c   Code   RO         6894    i.ai_platform_network_get_error  NetworkRuntime400_CM7_Keil.lib(ai_platform_interface.o)
    0x08006530   0x08006530   0x0000007e   Code   RO         6895    i.ai_platform_network_init  NetworkRuntime400_CM7_Keil.lib(ai_platform_interface.o)
    0x080065ae   0x080065ae   0x0000009c   Code   RO         6896    i.ai_platform_network_process  NetworkRuntime400_CM7_Keil.lib(ai_platform_interface.o)
    0x0800664a   0x0800664a   0x0000000c   Code   RO         6897    i.ai_platform_network_set_error  NetworkRuntime400_CM7_Keil.lib(ai_platform_interface.o)
    0x08006656   0x08006656   0x00000002   PAD
    0x08006658   0x08006658   0x00000018   Code   RO         6961    i.ai_shape_get_size  NetworkRuntime400_CM7_Keil.lib(layers_nl_generic_float.o)
    0x08006670   0x08006670   0x0000000c   Code   RO         7125    i.core_get_error    NetworkRuntime400_CM7_Keil.lib(core_common.o)
    0x0800667c   0x0800667c   0x00000004   Code   RO         7126    i.core_init         NetworkRuntime400_CM7_Keil.lib(core_common.o)
    0x08006680   0x08006680   0x0000001a   Code   RO         7127    i.core_set_error    NetworkRuntime400_CM7_Keil.lib(core_common.o)
    0x0800669a   0x0800669a   0x00000002   PAD
    0x0800669c   0x0800669c   0x0000016c   Code   RO         6936    i.forward_dense     NetworkRuntime400_CM7_Keil.lib(layers_conv2d_generic_float.o)
    0x08006808   0x08006808   0x0000006c   Code   RO         6968    i.forward_relu      NetworkRuntime400_CM7_Keil.lib(layers_nl_generic_float.o)
    0x08006874   0x08006874   0x00000032   Code   RO         6973    i.forward_sm        NetworkRuntime400_CM7_Keil.lib(layers_nl_generic_float.o)
    0x080068a6   0x080068a6   0x00000002   PAD
    0x080068a8   0x080068a8   0x00000018   Code   RO          257    i.fputc             main.o
    0x080068c0   0x080068c0   0x00000018   Code   RO         1662    i.ft5336_I2C_InitializeIfRequired  ft5336.o
    0x080068d8   0x080068d8   0x00000010   Code   RO         1663    i.ft5336_Init       ft5336.o
    0x080068e8   0x080068e8   0x0000003a   Code   RO         1664    i.ft5336_ReadID     ft5336.o
    0x08006922   0x08006922   0x00000002   Code   RO         1665    i.ft5336_Reset      ft5336.o
    0x08006924   0x08006924   0x00000002   Code   RO         1666    i.ft5336_TS_ClearIT  ft5336.o
    0x08006926   0x08006926   0x00000002   PAD
    0x08006928   0x08006928   0x00000040   Code   RO         1667    i.ft5336_TS_DetectTouch  ft5336.o
    0x08006968   0x08006968   0x0000000a   Code   RO         1668    i.ft5336_TS_DisableIT  ft5336.o
    0x08006972   0x08006972   0x0000000a   Code   RO         1669    i.ft5336_TS_EnableIT  ft5336.o
    0x0800697c   0x0800697c   0x0000001e   Code   RO         1670    i.ft5336_TS_GetGestureID  ft5336.o
    0x0800699a   0x0800699a   0x00000002   PAD
    0x0800699c   0x0800699c   0x000000cc   Code   RO         1671    i.ft5336_TS_GetTouchInfo  ft5336.o
    0x08006a68   0x08006a68   0x00000120   Code   RO         1672    i.ft5336_TS_GetXY   ft5336.o
    0x08006b88   0x08006b88   0x00000004   Code   RO         1673    i.ft5336_TS_ITStatus  ft5336.o
    0x08006b8c   0x08006b8c   0x00000004   Code   RO         1674    i.ft5336_TS_Start   ft5336.o
    0x08006b90   0x08006b90   0x00000438   Code   RO          258    i.main              main.o
    0x08006fc8   0x08006fc8   0x000000a0   Code   RO           17    i.network_configure_weights  network.o
    0x08007068   0x08007068   0x00000028   Code   RO         6984    i.nl_func_relu_array_f32  NetworkRuntime400_CM7_Keil.lib(layers_nl_generic_float.o)
    0x08007090   0x08007090   0x000000a4   Code   RO         6985    i.nl_func_relu_generic_array_f32  NetworkRuntime400_CM7_Keil.lib(layers_nl_generic_float.o)
    0x08007134   0x08007134   0x00000038   Code   RO         6986    i.nl_func_relu_thresholded_array_f32  NetworkRuntime400_CM7_Keil.lib(layers_nl_generic_float.o)
    0x0800716c   0x0800716c   0x0000003a   Code   RO         6990    i.nl_func_sm_array_f32  NetworkRuntime400_CM7_Keil.lib(layers_nl_generic_float.o)
    0x080071a6   0x080071a6   0x00000002   PAD
    0x080071a8   0x080071a8   0x00000088   Code   RO         6991    i.nl_func_sm_channel_f32  NetworkRuntime400_CM7_Keil.lib(layers_nl_generic_float.o)
    0x08007230   0x08007230   0x00000008   Data   RO           22    .constdata          network.o
    0x08007238   0x08007238   0x00000008   Data   RO           23    .constdata          network.o
    0x08007240   0x08007240   0x00000008   Data   RO           24    .constdata          network.o
    0x08007248   0x08007248   0x00000008   Data   RO           25    .constdata          network.o
    0x08007250   0x08007250   0x00000008   Data   RO           26    .constdata          network.o
    0x08007258   0x08007258   0x00000008   Data   RO           27    .constdata          network.o
    0x08007260   0x08007260   0x00035c28   Data   RO          225    .constdata          network_data.o
    0x0803ce88   0x0803ce88   0x00000028   Data   RO          260    .constdata          main.o
    0x0803ceb0   0x0803ceb0   0x00001ab8   Data   RO          904    .constdata          font24.o
    0x0803e968   0x0803e968   0x0000c780   Data   RO         1752    .constdata          font57.o
    0x0804b0e8   0x0804b0e8   0x00000010   Data   RO         1767    .constdata          system_stm32f7xx.o
    0x0804b0f8   0x0804b0f8   0x00000008   Data   RO         1768    .constdata          system_stm32f7xx.o
    0x0804b100   0x0804b100   0x00000008   Data   RO         4847    .constdata          stm32f7xx_hal_dma.o
    0x0804b108   0x0804b108   0x00000020   Data   RO         6900    .constdata          NetworkRuntime400_CM7_Keil.lib(ai_platform_interface.o)
    0x0804b128   0x0804b128   0x00000030   Data   RO         7197    .constdata          m_wm.l(expf.o)
    0x0804b158   0x0804b158   0x00000020   Data   RO         7625    Region$$Table       anon$$obj.o


    Execution Region RW_IRAM1 (Exec base: 0x20000000, Load base: 0x0804b178, Size: 0x00032f50, Max: 0x00050000, ABSOLUTE, COMPRESSED[0x00000204])

    Exec Addr    Load Addr    Size         Type   Attr      Idx    E Section Name        Object

    0x20000000   COMPRESSED   0x00000004   Data   RW           30    .data               network.o
    0x20000004   COMPRESSED   0x00000004   Data   RW           31    .data               network.o
    0x20000008   COMPRESSED   0x00000008   Data   RW           32    .data               network.o
    0x20000010   COMPRESSED   0x00000004   Data   RW           33    .data               network.o
    0x20000014   COMPRESSED   0x00000030   Data   RW           34    .data               network.o
    0x20000044   COMPRESSED   0x00000004   Data   RW           35    .data               network.o
    0x20000048   COMPRESSED   0x00000004   Data   RW           36    .data               network.o
    0x2000004c   COMPRESSED   0x00000004   Data   RW           37    .data               network.o
    0x20000050   COMPRESSED   0x00000004   Data   RW           38    .data               network.o
    0x20000054   COMPRESSED   0x00000030   Data   RW           39    .data               network.o
    0x20000084   COMPRESSED   0x00000004   Data   RW           40    .data               network.o
    0x20000088   COMPRESSED   0x00000004   Data   RW           41    .data               network.o
    0x2000008c   COMPRESSED   0x00000008   Data   RW           42    .data               network.o
    0x20000094   COMPRESSED   0x00000004   Data   RW           43    .data               network.o
    0x20000098   COMPRESSED   0x00000030   Data   RW           44    .data               network.o
    0x200000c8   COMPRESSED   0x00000004   Data   RW           45    .data               network.o
    0x200000cc   COMPRESSED   0x00000004   Data   RW           46    .data               network.o
    0x200000d0   COMPRESSED   0x00000004   Data   RW           47    .data               network.o
    0x200000d4   COMPRESSED   0x00000004   Data   RW           48    .data               network.o
    0x200000d8   COMPRESSED   0x00000030   Data   RW           49    .data               network.o
    0x20000108   COMPRESSED   0x00000004   Data   RW           50    .data               network.o
    0x2000010c   COMPRESSED   0x00000004   Data   RW           51    .data               network.o
    0x20000110   COMPRESSED   0x00000008   Data   RW           52    .data               network.o
    0x20000118   COMPRESSED   0x00000004   Data   RW           53    .data               network.o
    0x2000011c   COMPRESSED   0x00000030   Data   RW           54    .data               network.o
    0x2000014c   COMPRESSED   0x00000004   Data   RW           55    .data               network.o
    0x20000150   COMPRESSED   0x00000004   Data   RW           56    .data               network.o
    0x20000154   COMPRESSED   0x00000004   Data   RW           57    .data               network.o
    0x20000158   COMPRESSED   0x00000004   Data   RW           58    .data               network.o
    0x2000015c   COMPRESSED   0x00000030   Data   RW           59    .data               network.o
    0x2000018c   COMPRESSED   0x00000004   Data   RW           60    .data               network.o
    0x20000190   COMPRESSED   0x00000008   Data   RW           61    .data               network.o
    0x20000198   COMPRESSED   0x00000004   Data   RW           62    .data               network.o
    0x2000019c   COMPRESSED   0x00000008   Data   RW           63    .data               network.o
    0x200001a4   COMPRESSED   0x00000018   Data   RW           64    .data               network.o
    0x200001bc   COMPRESSED   0x00000120   Data   RW           65    .data               network.o
    0x200002dc   COMPRESSED   0x00000024   Data   RW           66    .data               network.o
    0x20000300   COMPRESSED   0x00000024   Data   RW           67    .data               network.o
    0x20000324   COMPRESSED   0x00000024   Data   RW           68    .data               network.o
    0x20000348   COMPRESSED   0x00000024   Data   RW           69    .data               network.o
    0x2000036c   COMPRESSED   0x00000024   Data   RW           70    .data               network.o
    0x20000390   COMPRESSED   0x00000024   Data   RW           71    .data               network.o
    0x200003b4   COMPRESSED   0x00000024   Data   RW           72    .data               network.o
    0x200003d8   COMPRESSED   0x00000024   Data   RW           73    .data               network.o
    0x200003fc   COMPRESSED   0x00000024   Data   RW           74    .data               network.o
    0x20000420   COMPRESSED   0x00000024   Data   RW           75    .data               network.o
    0x20000444   COMPRESSED   0x00000024   Data   RW           76    .data               network.o
    0x20000468   COMPRESSED   0x00000024   Data   RW           77    .data               network.o
    0x2000048c   COMPRESSED   0x00000024   Data   RW           78    .data               network.o
    0x200004b0   COMPRESSED   0x00000024   Data   RW           79    .data               network.o
    0x200004d4   COMPRESSED   0x00000018   Data   RW           80    .data               network.o
    0x200004ec   COMPRESSED   0x0000001c   Data   RW           81    .data               network.o
    0x20000508   COMPRESSED   0x00000018   Data   RW           82    .data               network.o
    0x20000520   COMPRESSED   0x0000001c   Data   RW           83    .data               network.o
    0x2000053c   COMPRESSED   0x00000018   Data   RW           84    .data               network.o
    0x20000554   COMPRESSED   0x0000001c   Data   RW           85    .data               network.o
    0x20000570   COMPRESSED   0x00000058   Data   RW          261    .data               main.o
    0x200005c8   COMPRESSED   0x00000008   Data   RW          718    .data               stm32f7xx_hal_msp.o
    0x200005d0   COMPRESSED   0x00000008   Data   RW          905    .data               font24.o
    0x200005d8   COMPRESSED   0x00000004   Data   RW         1197    .data               stm32746g_discovery_lcd.o
    0x200005dc   COMPRESSED   0x00000002   Data   RW         1514    .data               stm32746g_discovery_sdram.o
    0x200005de   COMPRESSED   0x00000002   PAD
    0x200005e0   COMPRESSED   0x0000000c   Data   RW         1594    .data               stm32746g_discovery_ts.o
    0x200005ec   COMPRESSED   0x00000028   Data   RW         1675    .data               ft5336.o
    0x20000614   COMPRESSED   0x00000005   Data   RW         1676    .data               ft5336.o
    0x20000619   COMPRESSED   0x00000003   PAD
    0x2000061c   COMPRESSED   0x00000008   Data   RW         1753    .data               font57.o
    0x20000624   COMPRESSED   0x00000004   Data   RW         1769    .data               system_stm32f7xx.o
    0x20000628   COMPRESSED   0x0000000c   Data   RW         5224    .data               stm32f7xx_hal.o
    0x20000634   COMPRESSED   0x00000004   Data   RW         7590    .data               mc_w.l(stdout.o)
    0x20000638   COMPRESSED   0x00000004   Data   RW         7600    .data               mc_w.l(errno.o)
    0x2000063c        -       0x00000014   Zero   RW           18    .bss                network.o
    0x20000650        -       0x00000010   Zero   RW           19    .bss                network.o
    0x20000660        -       0x00000014   Zero   RW           20    .bss                network.o
    0x20000674        -       0x00000010   Zero   RW           21    .bss                network.o
    0x20000684        -       0x00032124   Zero   RW          259    .bss                main.o
    0x200327a8        -       0x00000040   Zero   RW          815    .bss                stm32f7xx_hal_timebase_tim.o
    0x200327e8        -       0x00000098   Zero   RW          954    .bss                stm32746g_discovery.o
    0x20032880        -       0x00000184   Zero   RW         1196    .bss                stm32746g_discovery_lcd.o
    0x20032a04        -       0x00000120   Zero   RW         1513    .bss                stm32746g_discovery_sdram.o
    0x20032b24        -       0x00000028   Zero   RW         1593    .bss                stm32746g_discovery_ts.o
    0x20032b4c   COMPRESSED   0x00000004   PAD
    0x20032b50        -       0x00000400   Zero   RW            1    STACK               startup_stm32f746xx.o


==============================================================================

Image component sizes


      Code (inc. data)   RO Data    RW Data    ZI Data      Debug   Object Name

         0          0       6840          8          0       1122   font24.o
         0          0      51072          8          0        650   font57.o
       716         38          0         45          0      14747   ft5336.o
      3212        192         40         88     205092     861343   main.o
       284         28         48       1392         72      43635   network.o
         8          4     220200          0          0       7138   network_data.o
        36          8        456          0       1024        860   startup_stm32f746xx.o
       562         60          0          0        152       7352   stm32746g_discovery.o
      2362        226          0          4        388      20322   stm32746g_discovery_lcd.o
       620         56          0          2        288       4156   stm32746g_discovery_sdram.o
       520         22          0         12         40       5390   stm32746g_discovery_ts.o
        86         14          0         12          0       8510   stm32f7xx_hal.o
       160         12          0          0          0      38318   stm32f7xx_hal_cortex.o
       120          6          0          0          0       1211   stm32f7xx_hal_crc.o
        78          0          0          0          0       1323   stm32f7xx_hal_crc_ex.o
       450         12          8          0          0       3800   stm32f7xx_hal_dma.o
      1006          4          0          0          0       7472   stm32f7xx_hal_dma2d.o
       482         54          0          0          0       2640   stm32f7xx_hal_gpio.o
      1610         38          0          0          0      14524   stm32f7xx_hal_i2c.o
      1006          6          0          0          0       6426   stm32f7xx_hal_ltdc.o
       956        136          0          8          0       6707   stm32f7xx_hal_msp.o
        16          4          0          0          0        571   stm32f7xx_hal_pwr.o
       108          8          0          0          0       1316   stm32f7xx_hal_pwr_ex.o
      1352         76          0          0          0       5965   stm32f7xx_hal_rcc.o
      1276         16          0          0          0       2328   stm32f7xx_hal_rcc_ex.o
       148          0          0          0          0       2816   stm32f7xx_hal_sdram.o
      1992        134          0          0          0      17294   stm32f7xx_hal_tim.o
       262         18          0          0          0       4104   stm32f7xx_hal_tim_ex.o
       116         16          0          0         64       1475   stm32f7xx_hal_timebase_tim.o
      1236         70          0          0          0       6381   stm32f7xx_hal_uart.o
        52         18          0          0          0       5263   stm32f7xx_it.o
       278          6          0          0          0       3500   stm32f7xx_ll_fmc.o
        84         16         24          4          0       1299   system_stm32f7xx.o

    ----------------------------------------------------------------------
     21238       1298     278720       1588     207124    1109958   Object Totals
         0          0         32          0          0          0   (incl. Generated)
        44          0          0          5          4          0   (incl. Padding)

    ----------------------------------------------------------------------

      Code (inc. data)   RO Data    RW Data    ZI Data      Debug   Library Member Name

       304         34          0          0          0        256   ai_datatypes_format.o
      1276         54         32          0          0       1424   ai_platform_interface.o
        42          0          0          0          0        348   core_common.o
        86          6          0          0          0        372   layers.o
       728         18          0          0          0        408   layers_conv2d_generic_float.o
       636         18          0          0          0       1048   layers_nl_generic_float.o
       488         62         48          0          0        236   expf.o
        38          0          0          0          0        116   fpclassifyf.o
        38         12          0          0          0        348   funder.o
        86          0          0          0          0          0   __dczerorl2.o
         0          0          0          0          0          0   entry.o
         0          0          0          0          0          0   entry10a.o
         0          0          0          0          0          0   entry11a.o
         8          4          0          0          0          0   entry2.o
         4          0          0          0          0          0   entry5.o
         0          0          0          0          0          0   entry7b.o
         0          0          0          0          0          0   entry8b.o
         8          4          0          0          0          0   entry9a.o
        12          6          0          4          0         68   errno.o
        30          0          0          0          0          0   handlers.o
        36          8          0          0          0         68   init.o
         0          0          0          0          0          0   iusefp.o
        30          0          0          0          0         68   llshl.o
        36          0          0          0          0         68   llsshr.o
        32          0          0          0          0         68   llushr.o
        26          0          0          0          0         80   memcmp.o
        36          0          0          0          0         68   memcpya.o
        36          0          0          0          0        108   memseta.o
      2258         90          0          0          0        452   printfa.o
         0          0          0          4          0          0   stdout.o
        44          0          0          0          0         80   uidiv.o
        98          0          0          0          0         92   uldiv.o
        48          0          0          0          0         68   cdrcmple.o
       334          0          0          0          0        148   dadd.o
       222          0          0          0          0        100   ddiv.o
       186          0          0          0          0        176   depilogue.o
        48          0          0          0          0         68   dfixul.o
       228          0          0          0          0         96   dmul.o
        38          0          0          0          0         68   f2d.o

    ----------------------------------------------------------------------
      7538        316         80          8          0       6500   Library Totals
        18          0          0          0          0          0   (incl. Padding)

    ----------------------------------------------------------------------

      Code (inc. data)   RO Data    RW Data    ZI Data      Debug   Library Name

      3072        130         32          0          0       3856   NetworkRuntime400_CM7_Keil.lib
       564         74         48          0          0        700   m_wm.l
      2780        112          0          8          0       1220   mc_w.l
      1104          0          0          0          0        724   mf_w.l

    ----------------------------------------------------------------------
      7538        316         80          8          0       6500   Library Totals

    ----------------------------------------------------------------------

==============================================================================


      Code (inc. data)   RO Data    RW Data    ZI Data      Debug   

     28776       1614     278800       1596     207124    1094906   Grand Totals
     28776       1614     278800        516     207124    1094906   ELF Image Totals (compressed)
     28776       1614     278800        516          0          0   ROM Totals

==============================================================================

    Total RO  Size (Code + RO Data)               307576 ( 300.37kB)
    Total RW  Size (RW Data + ZI Data)            208720 ( 203.83kB)
    Total ROM Size (Code + RO Data + RW Data)     308092 ( 300.87kB)

==============================================================================

