Component: ARM Compiler 5.06 update 6 (build 750) Tool: armlink [4d35ed]

==============================================================================

Section Cross References

    startup_stm32f746xx.o(RESET) refers to startup_stm32f746xx.o(STACK) for __initial_sp
    startup_stm32f746xx.o(RESET) refers to startup_stm32f746xx.o(.text) for Reset_Handler
    startup_stm32f746xx.o(RESET) refers to stm32f7xx_it.o(i.NMI_Handler) for NMI_Handler
    startup_stm32f746xx.o(RESET) refers to stm32f7xx_it.o(i.HardFault_Handler) for HardFault_Handler
    startup_stm32f746xx.o(RESET) refers to stm32f7xx_it.o(i.MemManage_Handler) for MemManage_Handler
    startup_stm32f746xx.o(RESET) refers to stm32f7xx_it.o(i.BusFault_Handler) for BusFault_Handler
    startup_stm32f746xx.o(RESET) refers to stm32f7xx_it.o(i.UsageFault_Handler) for UsageFault_Handler
    startup_stm32f746xx.o(RESET) refers to stm32f7xx_it.o(i.SVC_Handler) for SVC_Handler
    startup_stm32f746xx.o(RESET) refers to stm32f7xx_it.o(i.DebugMon_Handler) for DebugMon_Handler
    startup_stm32f746xx.o(RESET) refers to stm32f7xx_it.o(i.PendSV_Handler) for PendSV_Handler
    startup_stm32f746xx.o(RESET) refers to stm32f7xx_it.o(i.TIM1_TRG_COM_TIM11_IRQHandler) for TIM1_TRG_COM_TIM11_IRQHandler
    startup_stm32f746xx.o(RESET) refers to stm32f7xx_it.o(i.USART1_IRQHandler) for USART1_IRQHandler
    startup_stm32f746xx.o(RESET) refers to stm32f7xx_it.o(i.TIM6_DAC_IRQHandler) for TIM6_DAC_IRQHandler
    startup_stm32f746xx.o(RESET) refers to stm32f7xx_it.o(i.LTDC_IRQHandler) for LTDC_IRQHandler
    startup_stm32f746xx.o(RESET) refers to stm32f7xx_it.o(i.DMA2D_IRQHandler) for DMA2D_IRQHandler
    startup_stm32f746xx.o(.text) refers to system_stm32f7xx.o(i.SystemInit) for SystemInit
    startup_stm32f746xx.o(.text) refers to entry.o(.ARM.Collect$$$$00000000) for __main
    main.o(i.BSP_LCD_Clear) refers to main.o(i.BSP_LCD_GetYSize) for BSP_LCD_GetYSize
    main.o(i.BSP_LCD_Clear) refers to main.o(i.BSP_LCD_GetXSize) for BSP_LCD_GetXSize
    main.o(i.BSP_LCD_Clear) refers to main.o(i.LL_FillBuffer) for LL_FillBuffer
    main.o(i.BSP_LCD_Clear) refers to main.o(.data) for .data
    main.o(i.BSP_LCD_Clear) refers to main.o(.bss) for .bss
    main.o(i.BSP_LCD_ClearStringLine) refers to main.o(i.BSP_LCD_GetXSize) for BSP_LCD_GetXSize
    main.o(i.BSP_LCD_ClearStringLine) refers to main.o(i.BSP_LCD_FillRect) for BSP_LCD_FillRect
    main.o(i.BSP_LCD_ClearStringLine) refers to main.o(i.BSP_LCD_SetTextColor) for BSP_LCD_SetTextColor
    main.o(i.BSP_LCD_ClearStringLine) refers to main.o(.data) for .data
    main.o(i.BSP_LCD_ClearStringLine) refers to main.o(.bss) for .bss
    main.o(i.BSP_LCD_ClockConfig) refers to stm32f7xx_hal_rcc_ex.o(i.HAL_RCCEx_PeriphCLKConfig) for HAL_RCCEx_PeriphCLKConfig
    main.o(i.BSP_LCD_ClockConfig) refers to main.o(.bss) for .bss
    main.o(i.BSP_LCD_DeInit) refers to stm32f7xx_hal_ltdc.o(i.HAL_LTDC_DeInit) for HAL_LTDC_DeInit
    main.o(i.BSP_LCD_DeInit) refers to main.o(i.BSP_LCD_MspDeInit) for BSP_LCD_MspDeInit
    main.o(i.BSP_LCD_DeInit) refers to main.o(.bss) for .bss
    main.o(i.BSP_LCD_DisplayChar) refers to main.o(i.DrawChar) for DrawChar
    main.o(i.BSP_LCD_DisplayChar) refers to main.o(.data) for .data
    main.o(i.BSP_LCD_DisplayChar) refers to main.o(.bss) for .bss
    main.o(i.BSP_LCD_DisplayOff) refers to stm32f7xx_hal_gpio.o(i.HAL_GPIO_WritePin) for HAL_GPIO_WritePin
    main.o(i.BSP_LCD_DisplayOff) refers to main.o(.bss) for .bss
    main.o(i.BSP_LCD_DisplayOn) refers to stm32f7xx_hal_gpio.o(i.HAL_GPIO_WritePin) for HAL_GPIO_WritePin
    main.o(i.BSP_LCD_DisplayOn) refers to main.o(.bss) for .bss
    main.o(i.BSP_LCD_DisplayStringAt) refers to main.o(i.BSP_LCD_GetXSize) for BSP_LCD_GetXSize
    main.o(i.BSP_LCD_DisplayStringAt) refers to main.o(i.BSP_LCD_DisplayChar) for BSP_LCD_DisplayChar
    main.o(i.BSP_LCD_DisplayStringAt) refers to main.o(.data) for .data
    main.o(i.BSP_LCD_DisplayStringAt) refers to main.o(.bss) for .bss
    main.o(i.BSP_LCD_DisplayStringAtLine) refers to main.o(i.BSP_LCD_GetFont) for BSP_LCD_GetFont
    main.o(i.BSP_LCD_DisplayStringAtLine) refers to main.o(i.BSP_LCD_DisplayStringAt) for BSP_LCD_DisplayStringAt
    main.o(i.BSP_LCD_DrawBitmap) refers to main.o(i.BSP_LCD_GetXSize) for BSP_LCD_GetXSize
    main.o(i.BSP_LCD_DrawBitmap) refers to main.o(i.LL_ConvertLineToARGB8888) for LL_ConvertLineToARGB8888
    main.o(i.BSP_LCD_DrawBitmap) refers to main.o(.data) for .data
    main.o(i.BSP_LCD_DrawBitmap) refers to main.o(.bss) for .bss
    main.o(i.BSP_LCD_DrawCircle) refers to main.o(i.BSP_LCD_DrawPixel) for BSP_LCD_DrawPixel
    main.o(i.BSP_LCD_DrawCircle) refers to main.o(.data) for .data
    main.o(i.BSP_LCD_DrawCircle) refers to main.o(.bss) for .bss
    main.o(i.BSP_LCD_DrawEllipse) refers to main.o(i.BSP_LCD_DrawPixel) for BSP_LCD_DrawPixel
    main.o(i.BSP_LCD_DrawEllipse) refers to main.o(.data) for .data
    main.o(i.BSP_LCD_DrawEllipse) refers to main.o(.bss) for .bss
[...]
    ../Src/usart.c                           0x00000000   Number         0  usart.o ABSOLUTE
    ../clib/microlib/division.c              0x00000000   Number         0  uidiv.o ABSOLUTE
    ../clib/microlib/division.c              0x00000000   Number         0  uldiv.o ABSOLUTE
    ../clib/microlib/init/entry.s            0x00000000   Number         0  entry9b.o ABSOLUTE
    ../clib/microlib/init/entry.s            0x00000000   Number         0  entry9a.o ABSOLUTE
    ../clib/microlib/init/entry.s            0x00000000   Number         0  entry8b.o ABSOLUTE
    ../clib/microlib/init/entry.s            0x00000000   Number         0  entry7b.o ABSOLUTE
    ../clib/microlib/init/entry.s            0x00000000   Number         0  entry2.o ABSOLUTE
    ../clib/microlib/init/entry.s            0x00000000   Number         0  entry5.o ABSOLUTE
    ../clib/microlib/init/entry.s            0x00000000   Number         0  entry7a.o ABSOLUTE
    ../clib/microlib/init/entry.s            0x00000000   Number         0  entry8a.o ABSOLUTE
    ../clib/microlib/init/entry.s            0x00000000   Number         0  entry.o ABSOLUTE
    ../clib/microlib/init/entry.s            0x00000000   Number         0  entry11b.o ABSOLUTE
    ../clib/microlib/init/entry.s            0x00000000   Number         0  entry11a.o ABSOLUTE
    ../clib/microlib/init/entry.s            0x00000000   Number         0  entry10b.o ABSOLUTE
    ../clib/microlib/init/entry.s            0x00000000   Number         0  entry10a.o ABSOLUTE
    ../clib/microlib/longlong.c              0x00000000   Number         0  llshl.o ABSOLUTE
    ../clib/microlib/longlong.c              0x00000000   Number         0  llushr.o ABSOLUTE
    ../clib/microlib/longlong.c              0x00000000   Number         0  llsshr.o ABSOLUTE
    ../clib/microlib/printf/printf.c         0x00000000   Number         0  printf6.o ABSOLUTE
    ../clib/microlib/printf/printf.c         0x00000000   Number         0  printfa.o ABSOLUTE
    ../clib/microlib/printf/printf.c         0x00000000   Number         0  printf8.o ABSOLUTE
    ../clib/microlib/printf/printf.c         0x00000000   Number         0  printf7.o ABSOLUTE
    ../clib/microlib/printf/printf.c         0x00000000   Number         0  printf5.o ABSOLUTE
    ../clib/microlib/printf/printf.c         0x00000000   Number         0  printf4.o ABSOLUTE
    ../clib/microlib/printf/printf.c         0x00000000   Number         0  printf3.o ABSOLUTE
    ../clib/microlib/printf/printf.c         0x00000000   Number         0  printfb.o ABSOLUTE
    ../clib/microlib/printf/printf.c         0x00000000   Number         0  printf1.o ABSOLUTE
    ../clib/microlib/printf/printf.c         0x00000000   Number         0  printf0.o ABSOLUTE
    ../clib/microlib/printf/printf.c         0x00000000   Number         0  printf2.o ABSOLUTE
    ../clib/microlib/printf/stubs.s          0x00000000   Number         0  stubs.o ABSOLUTE
    ../clib/microlib/stdio/streams.c         0x00000000   Number         0  stdout.o ABSOLUTE
    ../clib/microlib/string/memcpy.c         0x00000000   Number         0  memcpya.o ABSOLUTE
    ../clib/microlib/string/memcpy.c         0x00000000   Number         0  memcpyb.o ABSOLUTE
    ../clib/microlib/string/memset.c         0x00000000   Number         0  memseta.o ABSOLUTE
    ../clib/microlib/stubs.s                 0x00000000   Number         0  iusefp.o ABSOLUTE
    ../fplib/microlib/fpadd.c                0x00000000   Number         0  dadd.o ABSOLUTE
    ../fplib/microlib/fpdiv.c                0x00000000   Number         0  ddiv.o ABSOLUTE
    ../fplib/microlib/fpepilogue.c           0x00000000   Number         0  depilogue.o ABSOLUTE
    ../fplib/microlib/fpfix.c                0x00000000   Number         0  dfixul.o ABSOLUTE
    ../fplib/microlib/fpmul.c                0x00000000   Number         0  dmul.o ABSOLUTE
    ..\Drivers\STM32F7xx_HAL_Driver\Src\stm32f7xx_hal.c 0x00000000   Number         0  stm32f7xx_hal.o ABSOLUTE
    ..\Drivers\STM32F7xx_HAL_Driver\Src\stm32f7xx_hal_cortex.c 0x00000000   Number         0  stm32f7xx_hal_cortex.o ABSOLUTE
    ..\Drivers\STM32F7xx_HAL_Driver\Src\stm32f7xx_hal_dma.c 0x00000000   Number         0  stm32f7xx_hal_dma.o ABSOLUTE
    ..\Drivers\STM32F7xx_HAL_Driver\Src\stm32f7xx_hal_dma2d.c 0x00000000   Number         0  stm32f7xx_hal_dma2d.o ABSOLUTE
    ..\Drivers\STM32F7xx_HAL_Driver\Src\stm32f7xx_hal_dma_ex.c 0x00000000   Number         0  stm32f7xx_hal_dma_ex.o ABSOLUTE
    ..\Drivers\STM32F7xx_HAL_Driver\Src\stm32f7xx_hal_dsi.c 0x00000000   Number         0  stm32f7xx_hal_dsi.o ABSOLUTE
    ..\Drivers\STM32F7xx_HAL_Driver\Src\stm32f7xx_hal_exti.c 0x00000000   Number         0  stm32f7xx_hal_exti.o ABSOLUTE
    ..\Drivers\STM32F7xx_HAL_Driver\Src\stm32f7xx_hal_flash.c 0x00000000   Number         0  stm32f7xx_hal_flash.o ABSOLUTE
    ..\Drivers\STM32F7xx_HAL_Driver\Src\stm32f7xx_hal_flash_ex.c 0x00000000   Number         0  stm32f7xx_hal_flash_ex.o ABSOLUTE
    ..\Drivers\STM32F7xx_HAL_Driver\Src\stm32f7xx_hal_gpio.c 0x00000000   Number         0  stm32f7xx_hal_gpio.o ABSOLUTE
    ..\Drivers\STM32F7xx_HAL_Driver\Src\stm32f7xx_hal_i2c.c 0x00000000   Number         0  stm32f7xx_hal_i2c.o ABSOLUTE
    ..\Drivers\STM32F7xx_HAL_Driver\Src\stm32f7xx_hal_i2c_ex.c 0x00000000   Number         0  stm32f7xx_hal_i2c_ex.o ABSOLUTE
    ..\Drivers\STM32F7xx_HAL_Driver\Src\stm32f7xx_hal_ltdc.c 0x00000000   Number         0  stm32f7xx_hal_ltdc.o ABSOLUTE
    ..\Drivers\STM32F7xx_HAL_Driver\Src\stm32f7xx_hal_ltdc_ex.c 0x00000000   Number         0  stm32f7xx_hal_ltdc_ex.o ABSOLUTE
    ..\Drivers\STM32F7xx_HAL_Driver\Src\stm32f7xx_hal_pwr.c 0x00000000   Number         0  stm32f7xx_hal_pwr.o ABSOLUTE
    ..\Drivers\STM32F7xx_HAL_Driver\Src\stm32f7xx_hal_pwr_ex.c 0x00000000   Number         0  stm32f7xx_hal_pwr_ex.o ABSOLUTE
    ..\Drivers\STM32F7xx_HAL_Driver\Src\stm32f7xx_hal_rcc.c 0x00000000   Number         0  stm32f7xx_hal_rcc.o ABSOLUTE
    ..\Drivers\STM32F7xx_HAL_Driver\Src\stm32f7xx_hal_rcc_ex.c 0x00000000   Number         0  stm32f7xx_hal_rcc_ex.o ABSOLUTE
    ..\Drivers\STM32F7xx_HAL_Driver\Src\stm32f7xx_hal_sdram.c 0x00000000   Number         0  stm32f7xx_hal_sdram.o ABSOLUTE
    ..\Drivers\STM32F7xx_HAL_Driver\Src\stm32f7xx_hal_tim.c 0x00000000   Number         0  stm32f7xx_hal_tim.o ABSOLUTE
    ..\Drivers\STM32F7xx_HAL_Driver\Src\stm32f7xx_hal_tim_ex.c 0x00000000   Number         0  stm32f7xx_hal_tim_ex.o ABSOLUTE
    ..\Drivers\STM32F7xx_HAL_Driver\Src\stm32f7xx_hal_uart.c 0x00000000   Number         0  stm32f7xx_hal_uart.o ABSOLUTE
    ..\Drivers\STM32F7xx_HAL_Driver\Src\stm32f7xx_hal_uart_ex.c 0x00000000   Number         0  stm32f7xx_hal_uart_ex.o ABSOLUTE
    ..\Drivers\STM32F7xx_HAL_Driver\Src\stm32f7xx_ll_fmc.c 0x00000000   Number         0  stm32f7xx_ll_fmc.o ABSOLUTE
    ..\Src\dma.c                             0x00000000   Number         0  dma.o ABSOLUTE
    ..\Src\dma2d.c                           0x00000000   Number         0  dma2d.o ABSOLUTE
    ..\Src\fmc.c                             0x00000000   Number         0  fmc.o ABSOLUTE
    ..\Src\gpio.c                            0x00000000   Number         0  gpio.o ABSOLUTE
    ..\Src\ltdc.c                            0x00000000   Number         0  ltdc.o ABSOLUTE
    ..\Src\main.c                            0x00000000   Number         0  main.o ABSOLUTE
    ..\Src\stm32f7xx_hal_msp.c               0x00000000   Number         0  stm32f7xx_hal_msp.o ABSOLUTE
    ..\Src\stm32f7xx_hal_timebase_tim.c      0x00000000   Number         0  stm32f7xx_hal_timebase_tim.o ABSOLUTE
    ..\Src\stm32f7xx_it.c                    0x00000000   Number         0  stm32f7xx_it.o ABSOLUTE
    ..\Src\system_stm32f7xx.c                0x00000000   Number         0  system_stm32f7xx.o ABSOLUTE
    ..\Src\tim.c                             0x00000000   Number         0  tim.o ABSOLUTE
    ..\Src\usart.c                           0x00000000   Number         0  usart.o ABSOLUTE
    cdrcmple.s                               0x00000000   Number         0  cdrcmple.o ABSOLUTE
    dc.s                                     0x00000000   Number         0  dc.o ABSOLUTE
    handlers.s                               0x00000000   Number         0  handlers.o ABSOLUTE
    init.s                                   0x00000000   Number         0  init.o ABSOLUTE
    startup_stm32f746xx.s                    0x00000000   Number         0  startup_stm32f746xx.o ABSOLUTE
    RESET                                    0x08000000   Section      456  startup_stm32f746xx.o(RESET)
    .ARM.Collect$$$$00000000                 0x080001c8   Section        0  entry.o(.ARM.Collect$$$$00000000)
    .ARM.Collect$$$$00000001                 0x080001c8   Section        4  entry2.o(.ARM.Collect$$$$00000001)
    .ARM.Collect$$$$00000004                 0x080001cc   Section        4  entry5.o(.ARM.Collect$$$$00000004)
    .ARM.Collect$$$$00000008                 0x080001d0   Section        0  entry7b.o(.ARM.Collect$$$$00000008)
    .ARM.Collect$$$$0000000A                 0x080001d0   Section        0  entry8b.o(.ARM.Collect$$$$0000000A)
    .ARM.Collect$$$$0000000B                 0x080001d0   Section        8  entry9a.o(.ARM.Collect$$$$0000000B)
    .ARM.Collect$$$$0000000D                 0x080001d8   Section        0  entry10a.o(.ARM.Collect$$$$0000000D)
    .ARM.Collect$$$$0000000F                 0x080001d8   Section        0  entry11a.o(.ARM.Collect$$$$0000000F)
    .ARM.Collect$$$$00002712                 0x080001d8   Section        4  entry2.o(.ARM.Collect$$$$00002712)
    __lit__00000000                          0x080001d8   Data           4  entry2.o(.ARM.Collect$$$$00002712)
    .text                                    0x080001dc   Section       36  startup_stm32f746xx.o(.text)
    $v0                                      0x080001dc   Number         0  startup_stm32f746xx.o(.text)
    .text                                    0x08000200   Section        0  uldiv.o(.text)
    .text                                    0x08000262   Section        0  memcpya.o(.text)
    .text                                    0x08000286   Section        0  memseta.o(.text)
    .text                                    0x080002aa   Section        0  uidiv.o(.text)
    .text                                    0x080002d6   Section        0  llshl.o(.text)
    .text                                    0x080002f4   Section        0  llushr.o(.text)
    .text                                    0x08000314   Section       36  init.o(.text)
    i.BSP_LCD_Clear                          0x08000338   Section        0  main.o(i.BSP_LCD_Clear)
    i.BSP_LCD_ClockConfig                    0x08000370   Section        0  main.o(i.BSP_LCD_ClockConfig)
    i.BSP_LCD_DisplayChar                    0x08000390   Section        0  main.o(i.BSP_LCD_DisplayChar)
    i.BSP_LCD_DisplayOn                      0x080003c4   Section        0  main.o(i.BSP_LCD_DisplayOn)
    i.BSP_LCD_DisplayStringAt                0x080003f8   Section        0  main.o(i.BSP_LCD_DisplayStringAt)
    i.BSP_LCD_DisplayStringAtLine            0x080004c0   Section        0  main.o(i.BSP_LCD_DisplayStringAtLine)
    i.BSP_LCD_DrawPixel                      0x080004dc   Section        0  main.o(i.BSP_LCD_DrawPixel)
    i.BSP_LCD_GetFont                        0x08000540   Section        0  main.o(i.BSP_LCD_GetFont)
    i.BSP_LCD_GetXSize                       0x0800055c   Section        0  main.o(i.BSP_LCD_GetXSize)
    i.BSP_LCD_GetYSize                       0x0800057c   Section        0  main.o(i.BSP_LCD_GetYSize)
    i.BSP_LCD_Init                           0x0800059c   Section        0  main.o(i.BSP_LCD_Init)
    i.BSP_LCD_LayerRgb565Init                0x08000640   Section        0  main.o(i.BSP_LCD_LayerRgb565Init)
    i.BSP_LCD_MspInit                        0x080006bc   Section        0  main.o(i.BSP_LCD_MspInit)
    i.BSP_LCD_SetBackColor                   0x080007f4   Section        0  main.o(i.BSP_LCD_SetBackColor)
    i.BSP_LCD_SetFont                        0x08000810   Section        0  main.o(i.BSP_LCD_SetFont)
    i.BSP_LCD_SetLayerVisible                0x0800082c   Section        0  main.o(i.BSP_LCD_SetLayerVisible)
    i.BSP_LCD_SetTextColor                   0x08000858   Section        0  main.o(i.BSP_LCD_SetTextColor)
    i.BSP_SDRAM_Init                         0x08000870   Section        0  main.o(i.BSP_SDRAM_Init)
    i.BSP_SDRAM_Initialization_sequence      0x080008e8   Section        0  main.o(i.BSP_SDRAM_Initialization_sequence)
    i.BSP_SDRAM_MspInit                      0x08000974   Section        0  main.o(i.BSP_SDRAM_MspInit)
    i.BusFault_Handler                       0x08000adc   Section        0  stm32f7xx_it.o(i.BusFault_Handler)
    i.DMA2D_IRQHandler                       0x08000ae0   Section        0  stm32f7xx_it.o(i.DMA2D_IRQHandler)
    i.DMA2D_SetConfig                        0x08000aec   Section        0  stm32f7xx_hal_dma2d.o(i.DMA2D_SetConfig)
    DMA2D_SetConfig                          0x08000aed   Thumb Code   146  stm32f7xx_hal_dma2d.o(i.DMA2D_SetConfig)
    i.DMA_CalcBaseAndBitshift                0x08000b80   Section        0  stm32f7xx_hal_dma.o(i.DMA_CalcBaseAndBitshift)
    DMA_CalcBaseAndBitshift                  0x08000b81   Thumb Code    34  stm32f7xx_hal_dma.o(i.DMA_CalcBaseAndBitshift)
    i.DMA_CheckFifoParam                     0x08000ba8   Section        0  stm32f7xx_hal_dma.o(i.DMA_CheckFifoParam)
    DMA_CheckFifoParam                       0x08000ba9   Thumb Code    84  stm32f7xx_hal_dma.o(i.DMA_CheckFifoParam)
    i.DebugMon_Handler                       0x08000bfc   Section        0  stm32f7xx_it.o(i.DebugMon_Handler)
    i.DrawChar                               0x08000c00   Section        0  main.o(i.DrawChar)
    DrawChar                                 0x08000c01   Thumb Code   168  main.o(i.DrawChar)
    i.Error_Handler                          0x08000cb0   Section        0  main.o(i.Error_Handler)
    i.FMC_SDRAM_Init                         0x08000cb2   Section        0  stm32f7xx_ll_fmc.o(i.FMC_SDRAM_Init)
    i.FMC_SDRAM_ProgramRefreshRate           0x08000d10   Section        0  stm32f7xx_ll_fmc.o(i.FMC_SDRAM_ProgramRefreshRate)
    i.FMC_SDRAM_SendCommand                  0x08000d1c   Section        0  stm32f7xx_ll_fmc.o(i.FMC_SDRAM_SendCommand)
    i.FMC_SDRAM_Timing_Init                  0x08000d3c   Section        0  stm32f7xx_ll_fmc.o(i.FMC_SDRAM_Timing_Init)
    i.HAL_DMA2D_CLUTLoadingCpltCallback      0x08000dc8   Section        0  stm32f7xx_hal_dma2d.o(i.HAL_DMA2D_CLUTLoadingCpltCallback)
    i.HAL_DMA2D_ConfigLayer                  0x08000dcc   Section        0  stm32f7xx_hal_dma2d.o(i.HAL_DMA2D_ConfigLayer)
    i.HAL_DMA2D_IRQHandler                   0x08000e6c   Section        0  stm32f7xx_hal_dma2d.o(i.HAL_DMA2D_IRQHandler)
    i.HAL_DMA2D_Init                         0x08000f88   Section        0  stm32f7xx_hal_dma2d.o(i.HAL_DMA2D_Init)
    i.HAL_DMA2D_LineEventCallback            0x08000fe2   Section        0  stm32f7xx_hal_dma2d.o(i.HAL_DMA2D_LineEventCallback)
    i.HAL_DMA2D_MspInit                      0x08000fe4   Section        0  dma2d.o(i.HAL_DMA2D_MspInit)
    i.HAL_DMA2D_PollForTransfer              0x08001020   Section        0  stm32f7xx_hal_dma2d.o(i.HAL_DMA2D_PollForTransfer)
    i.HAL_DMA2D_Start                        0x0800112e   Section        0  stm32f7xx_hal_dma2d.o(i.HAL_DMA2D_Start)
    i.HAL_DMA_Abort_IT                       0x08001162   Section        0  stm32f7xx_hal_dma.o(i.HAL_DMA_Abort_IT)
    i.HAL_DMA_DeInit                         0x08001186   Section        0  stm32f7xx_hal_dma.o(i.HAL_DMA_DeInit)
    i.HAL_DMA_Init                           0x080011e8   Section        0  stm32f7xx_hal_dma.o(i.HAL_DMA_Init)
    i.HAL_Delay                              0x080012cc   Section        0  stm32f7xx_hal.o(i.HAL_Delay)
    i.HAL_FMC_MspInit                        0x080012f0   Section        0  fmc.o(i.HAL_FMC_MspInit)
    HAL_FMC_MspInit                          0x080012f1   Thumb Code   146  fmc.o(i.HAL_FMC_MspInit)
    i.HAL_GPIO_Init                          0x080013a4   Section        0  stm32f7xx_hal_gpio.o(i.HAL_GPIO_Init)
    i.HAL_GPIO_ReadPin                       0x0800157c   Section        0  stm32f7xx_hal_gpio.o(i.HAL_GPIO_ReadPin)
    i.HAL_GPIO_TogglePin                     0x08001586   Section        0  stm32f7xx_hal_gpio.o(i.HAL_GPIO_TogglePin)
    i.HAL_GPIO_WritePin                      0x08001594   Section        0  stm32f7xx_hal_gpio.o(i.HAL_GPIO_WritePin)
    i.HAL_GetTick                            0x080015a0   Section        0  stm32f7xx_hal.o(i.HAL_GetTick)
    i.HAL_IncTick                            0x080015ac   Section        0  stm32f7xx_hal.o(i.HAL_IncTick)
    i.HAL_Init                               0x080015bc   Section        0  stm32f7xx_hal.o(i.HAL_Init)
    i.HAL_InitTick                           0x080015d4   Section        0  stm32f7xx_hal_timebase_tim.o(i.HAL_InitTick)
    i.HAL_LTDC_ConfigLayer                   0x08001648   Section        0  stm32f7xx_hal_ltdc.o(i.HAL_LTDC_ConfigLayer)
    i.HAL_LTDC_ErrorCallback                 0x0800169a   Section        0  stm32f7xx_hal_ltdc.o(i.HAL_LTDC_ErrorCallback)
    i.HAL_LTDC_GetState                      0x0800169c   Section        0  stm32f7xx_hal_ltdc.o(i.HAL_LTDC_GetState)
    i.HAL_LTDC_IRQHandler                    0x080016a2   Section        0  stm32f7xx_hal_ltdc.o(i.HAL_LTDC_IRQHandler)
    i.HAL_LTDC_Init                          0x0800176c   Section        0  stm32f7xx_hal_ltdc.o(i.HAL_LTDC_Init)
    i.HAL_LTDC_LineEventCallback             0x08001864   Section        0  stm32f7xx_hal_ltdc.o(i.HAL_LTDC_LineEventCallback)
    i.HAL_LTDC_MspInit                       0x08001868   Section        0  ltdc.o(i.HAL_LTDC_MspInit)
    i.HAL_LTDC_ReloadEventCallback           0x08001984   Section        0  stm32f7xx_hal_ltdc.o(i.HAL_LTDC_ReloadEventCallback)
    i.HAL_MspInit                            0x08001988   Section        0  stm32f7xx_hal_msp.o(i.HAL_MspInit)
    i.HAL_NVIC_EnableIRQ                     0x080019b8   Section        0  stm32f7xx_hal_cortex.o(i.HAL_NVIC_EnableIRQ)
    i.HAL_NVIC_SetPriority                   0x080019d4   Section        0  stm32f7xx_hal_cortex.o(i.HAL_NVIC_SetPriority)
    i.HAL_NVIC_SetPriorityGrouping           0x08001a14   Section        0  stm32f7xx_hal_cortex.o(i.HAL_NVIC_SetPriorityGrouping)
    i.HAL_PWREx_EnableOverDrive              0x08001a38   Section        0  stm32f7xx_hal_pwr_ex.o(i.HAL_PWREx_EnableOverDrive)
    i.HAL_PWR_EnableBkUpAccess               0x08001aa4   Section        0  stm32f7xx_hal_pwr.o(i.HAL_PWR_EnableBkUpAccess)
    i.HAL_RCCEx_PeriphCLKConfig              0x08001ab4   Section        0  stm32f7xx_hal_rcc_ex.o(i.HAL_RCCEx_PeriphCLKConfig)
    i.HAL_RCC_ClockConfig                    0x08001fb0   Section        0  stm32f7xx_hal_rcc.o(i.HAL_RCC_ClockConfig)
    i.HAL_RCC_GetClockConfig                 0x080020dc   Section        0  stm32f7xx_hal_rcc.o(i.HAL_RCC_GetClockConfig)
    i.HAL_RCC_GetPCLK1Freq                   0x0800211c   Section        0  stm32f7xx_hal_rcc.o(i.HAL_RCC_GetPCLK1Freq)
    i.HAL_RCC_GetPCLK2Freq                   0x0800213c   Section        0  stm32f7xx_hal_rcc.o(i.HAL_RCC_GetPCLK2Freq)
    i.HAL_RCC_GetSysClockFreq                0x0800215c   Section        0  stm32f7xx_hal_rcc.o(i.HAL_RCC_GetSysClockFreq)
    i.HAL_RCC_OscConfig                      0x080021c0   Section        0  stm32f7xx_hal_rcc.o(i.HAL_RCC_OscConfig)
    i.HAL_SDRAM_Init                         0x080024f8   Section        0  stm32f7xx_hal_sdram.o(i.HAL_SDRAM_Init)
    i.HAL_SDRAM_MspInit                      0x0800253a   Section        0  fmc.o(i.HAL_SDRAM_MspInit)
    i.HAL_SDRAM_ProgramRefreshRate           0x0800253e   Section        0  stm32f7xx_hal_sdram.o(i.HAL_SDRAM_ProgramRefreshRate)
    i.HAL_SDRAM_SendCommand                  0x08002560   Section        0  stm32f7xx_hal_sdram.o(i.HAL_SDRAM_SendCommand)
    i.HAL_TIMEx_Break2Callback               0x08002590   Section        0  stm32f7xx_hal_tim_ex.o(i.HAL_TIMEx_Break2Callback)
    i.HAL_TIMEx_BreakCallback                0x08002592   Section        0  stm32f7xx_hal_tim_ex.o(i.HAL_TIMEx_BreakCallback)
    i.HAL_TIMEx_CommutCallback               0x08002594   Section        0  stm32f7xx_hal_tim_ex.o(i.HAL_TIMEx_CommutCallback)
    i.HAL_TIMEx_ConfigBreakDeadTime          0x08002598   Section        0  stm32f7xx_hal_tim_ex.o(i.HAL_TIMEx_ConfigBreakDeadTime)
    i.HAL_TIMEx_MasterConfigSynchronization  0x08002638   Section        0  stm32f7xx_hal_tim_ex.o(i.HAL_TIMEx_MasterConfigSynchronization)
    i.HAL_TIM_Base_Init                      0x08002698   Section        0  stm32f7xx_hal_tim.o(i.HAL_TIM_Base_Init)
    i.HAL_TIM_Base_MspInit                   0x080026d0   Section        0  tim.o(i.HAL_TIM_Base_MspInit)
    i.HAL_TIM_Base_Start_IT                  0x0800270c   Section        0  stm32f7xx_hal_tim.o(i.HAL_TIM_Base_Start_IT)
    i.HAL_TIM_ConfigClockSource              0x08002738   Section        0  stm32f7xx_hal_tim.o(i.HAL_TIM_ConfigClockSource)
    i.HAL_TIM_IC_CaptureCallback             0x08002814   Section        0  stm32f7xx_hal_tim.o(i.HAL_TIM_IC_CaptureCallback)
    i.HAL_TIM_IRQHandler                     0x08002816   Section        0  stm32f7xx_hal_tim.o(i.HAL_TIM_IRQHandler)
    i.HAL_TIM_MspPostInit                    0x08002998   Section        0  tim.o(i.HAL_TIM_MspPostInit)
    i.HAL_TIM_OC_DelayElapsedCallback        0x080029ec   Section        0  stm32f7xx_hal_tim.o(i.HAL_TIM_OC_DelayElapsedCallback)
    i.HAL_TIM_PWM_ConfigChannel              0x080029ee   Section        0  stm32f7xx_hal_tim.o(i.HAL_TIM_PWM_ConfigChannel)
    i.HAL_TIM_PWM_Init                       0x08002b16   Section        0  stm32f7xx_hal_tim.o(i.HAL_TIM_PWM_Init)
    i.HAL_TIM_PWM_MspInit                    0x08002b4c   Section        0  stm32f7xx_hal_tim.o(i.HAL_TIM_PWM_MspInit)
    i.HAL_TIM_PWM_PulseFinishedCallback      0x08002b4e   Section        0  stm32f7xx_hal_tim.o(i.HAL_TIM_PWM_PulseFinishedCallback)
    i.HAL_TIM_PeriodElapsedCallback          0x08002b50   Section        0  main.o(i.HAL_TIM_PeriodElapsedCallback)
    i.HAL_TIM_TriggerCallback                0x08002b64   Section        0  stm32f7xx_hal_tim.o(i.HAL_TIM_TriggerCallback)
    i.HAL_UART_ErrorCallback                 0x08002b66   Section        0  stm32f7xx_hal_uart.o(i.HAL_UART_ErrorCallback)
    i.HAL_UART_IRQHandler                    0x08002b68   Section        0  stm32f7xx_hal_uart.o(i.HAL_UART_IRQHandler)
    i.HAL_UART_Init                          0x08002c90   Section        0  stm32f7xx_hal_uart.o(i.HAL_UART_Init)
    i.HAL_UART_MspInit                       0x08002cf8   Section        0  usart.o(i.HAL_UART_MspInit)
    i.HAL_UART_Transmit                      0x08002d98   Section        0  stm32f7xx_hal_uart.o(i.HAL_UART_Transmit)
    i.HAL_UART_TxCpltCallback                0x08002e4e   Section        0  stm32f7xx_hal_uart.o(i.HAL_UART_TxCpltCallback)
    i.HardFault_Handler                      0x08002e50   Section        0  stm32f7xx_it.o(i.HardFault_Handler)
    i.LL_FillBuffer                          0x08002e54   Section        0  main.o(i.LL_FillBuffer)
    LL_FillBuffer                            0x08002e55   Thumb Code   116  main.o(i.LL_FillBuffer)
    i.LTDC_IRQHandler                        0x08002ed4   Section        0  stm32f7xx_it.o(i.LTDC_IRQHandler)
    i.LTDC_SetConfig                         0x08002ee0   Section        0  stm32f7xx_hal_ltdc.o(i.LTDC_SetConfig)
    LTDC_SetConfig                           0x08002ee1   Thumb Code   464  stm32f7xx_hal_ltdc.o(i.LTDC_SetConfig)
    i.MX_DMA2D_Init                          0x080030b0   Section        0  dma2d.o(i.MX_DMA2D_Init)
    i.MX_DMA_Init                            0x080030f4   Section        0  dma.o(i.MX_DMA_Init)
    i.MX_FMC_Init                            0x08003154   Section        0  fmc.o(i.MX_FMC_Init)
    i.MX_GPIO_Init                           0x080031bc   Section        0  gpio.o(i.MX_GPIO_Init)
    i.MX_LTDC_Init                           0x080036ac   Section        0  ltdc.o(i.MX_LTDC_Init)
    i.MX_TIM1_Init                           0x08003754   Section        0  tim.o(i.MX_TIM1_Init)
    i.MX_USART1_UART_Init                    0x08003824   Section        0  usart.o(i.MX_USART1_UART_Init)
    i.MemManage_Handler                      0x08003860   Section        0  stm32f7xx_it.o(i.MemManage_Handler)
    i.NMI_Handler                            0x08003862   Section        0  stm32f7xx_it.o(i.NMI_Handler)
    i.PendSV_Handler                         0x08003864   Section        0  stm32f7xx_it.o(i.PendSV_Handler)
    i.SVC_Handler                            0x08003866   Section        0  stm32f7xx_it.o(i.SVC_Handler)
    i.SystemClock_Config                     0x08003868   Section        0  main.o(i.SystemClock_Config)
    i.SystemInit                             0x0800391c   Section        0  system_stm32f7xx.o(i.SystemInit)
    i.TIM1_TRG_COM_TIM11_IRQHandler          0x08003970   Section        0  stm32f7xx_it.o(i.TIM1_TRG_COM_TIM11_IRQHandler)
    i.TIM6_DAC_IRQHandler                    0x0800397c   Section        0  stm32f7xx_it.o(i.TIM6_DAC_IRQHandler)
    i.TIM_Base_SetConfig                     0x08003988   Section        0  stm32f7xx_hal_tim.o(i.TIM_Base_SetConfig)
    i.TIM_ETR_SetConfig                      0x08003a54   Section        0  stm32f7xx_hal_tim.o(i.TIM_ETR_SetConfig)
    i.TIM_ITRx_SetConfig                     0x08003a66   Section        0  stm32f7xx_hal_tim.o(i.TIM_ITRx_SetConfig)
    TIM_ITRx_SetConfig                       0x08003a67   Thumb Code    16  stm32f7xx_hal_tim.o(i.TIM_ITRx_SetConfig)
    i.TIM_OC1_SetConfig                      0x08003a78   Section        0  stm32f7xx_hal_tim.o(i.TIM_OC1_SetConfig)
    TIM_OC1_SetConfig                        0x08003a79   Thumb Code   102  stm32f7xx_hal_tim.o(i.TIM_OC1_SetConfig)
    i.TIM_OC2_SetConfig                      0x08003aec   Section        0  stm32f7xx_hal_tim.o(i.TIM_OC2_SetConfig)
    i.TIM_OC3_SetConfig                      0x08003b64   Section        0  stm32f7xx_hal_tim.o(i.TIM_OC3_SetConfig)
    TIM_OC3_SetConfig                        0x08003b65   Thumb Code   108  stm32f7xx_hal_tim.o(i.TIM_OC3_SetConfig)
    i.TIM_OC4_SetConfig                      0x08003bdc   Section        0  stm32f7xx_hal_tim.o(i.TIM_OC4_SetConfig)
    TIM_OC4_SetConfig                        0x08003bdd   Thumb Code    76  stm32f7xx_hal_tim.o(i.TIM_OC4_SetConfig)
    i.TIM_OC5_SetConfig                      0x08003c34   Section        0  stm32f7xx_hal_tim.o(i.TIM_OC5_SetConfig)
    TIM_OC5_SetConfig                        0x08003c35   Thumb Code    74  stm32f7xx_hal_tim.o(i.TIM_OC5_SetConfig)
    i.TIM_OC6_SetConfig                      0x08003c8c   Section        0  stm32f7xx_hal_tim.o(i.TIM_OC6_SetConfig)
    TIM_OC6_SetConfig                        0x08003c8d   Thumb Code    74  stm32f7xx_hal_tim.o(i.TIM_OC6_SetConfig)
    i.TIM_TI1_ConfigInputStage               0x08003ce4   Section        0  stm32f7xx_hal_tim.o(i.TIM_TI1_ConfigInputStage)
    TIM_TI1_ConfigInputStage                 0x08003ce5   Thumb Code    34  stm32f7xx_hal_tim.o(i.TIM_TI1_ConfigInputStage)
    i.TIM_TI2_ConfigInputStage               0x08003d06   Section        0  stm32f7xx_hal_tim.o(i.TIM_TI2_ConfigInputStage)
    TIM_TI2_ConfigInputStage                 0x08003d07   Thumb Code    36  stm32f7xx_hal_tim.o(i.TIM_TI2_ConfigInputStage)
    i.UART_AdvFeatureConfig                  0x08003d2a   Section        0  stm32f7xx_hal_uart.o(i.UART_AdvFeatureConfig)
    i.UART_CheckIdleState                    0x08003df2   Section        0  stm32f7xx_hal_uart.o(i.UART_CheckIdleState)
    i.UART_DMAAbortOnError                   0x08003e2e   Section        0  stm32f7xx_hal_uart.o(i.UART_DMAAbortOnError)
    UART_DMAAbortOnError                     0x08003e2f   Thumb Code    20  stm32f7xx_hal_uart.o(i.UART_DMAAbortOnError)
    i.UART_EndRxTransfer                     0x08003e42   Section        0  stm32f7xx_hal_uart.o(i.UART_EndRxTransfer)
    UART_EndRxTransfer                       0x08003e43   Thumb Code    32  stm32f7xx_hal_uart.o(i.UART_EndRxTransfer)
    i.UART_SetConfig                         0x08003e64   Section        0  stm32f7xx_hal_uart.o(i.UART_SetConfig)
    i.UART_WaitOnFlagUntilTimeout            0x080040b8   Section        0  stm32f7xx_hal_uart.o(i.UART_WaitOnFlagUntilTimeout)
    i.USART1_IRQHandler                      0x08004118   Section        0  stm32f7xx_it.o(i.USART1_IRQHandler)
    i.UsageFault_Handler                     0x08004124   Section        0  stm32f7xx_it.o(i.UsageFault_Handler)
    i.__0printf$1                            0x08004128   Section        0  printf1.o(i.__0printf$1)
    i.__NVIC_SetPriority                     0x08004148   Section        0  stm32f7xx_hal_cortex.o(i.__NVIC_SetPriority)
    __NVIC_SetPriority                       0x08004149   Thumb Code    34  stm32f7xx_hal_cortex.o(i.__NVIC_SetPriority)
    i.__scatterload_copy                     0x0800416a   Section       14  handlers.o(i.__scatterload_copy)
    i.__scatterload_null                     0x08004178   Section        2  handlers.o(i.__scatterload_null)
    i.__scatterload_zeroinit                 0x0800417a   Section       14  handlers.o(i.__scatterload_zeroinit)
    i._printf_core                           0x08004188   Section        0  printf1.o(i._printf_core)
    _printf_core                             0x08004189   Thumb Code   336  printf1.o(i._printf_core)
    i.fputc                                  0x080042dc   Section        0  main.o(i.fputc)
    i.main                                   0x080042f4   Section        0  main.o(i.main)
    .constdata                               0x08004448   Section     6840  main.o(.constdata)
    .constdata                               0x08005f00   Section        8  stm32f7xx_hal_dma.o(.constdata)
    flagBitshiftOffset                       0x08005f00   Data           8  stm32f7xx_hal_dma.o(.constdata)
    .constdata                               0x08005f08   Section       16  system_stm32f7xx.o(.constdata)
    .constdata                               0x08005f18   Section        8  system_stm32f7xx.o(.constdata)
    .data                                    0x20000000   Section       16  main.o(.data)
    sdramstatus                              0x20000000   Data           1  main.o(.data)
    sdramstatus                              0x20000001   Data           1  main.o(.data)
    ActiveLayer                              0x20000004   Data           4  main.o(.data)
    .data                                    0x20000010   Section        8  fmc.o(.data)
    FMC_Initialized                          0x20000010   Data           4  fmc.o(.data)
    FMC_DeInitialized                        0x20000014   Data           4  fmc.o(.data)
    .data                                    0x20000018   Section       12  stm32f7xx_hal.o(.data)
    .data                                    0x20000024   Section        4  system_stm32f7xx.o(.data)
    .data                                    0x20000028   Section        4  stdout.o(.data)
    .bss                                     0x2000002c   Section      676  main.o(.bss)
    periph_clk_init_struct                   0x2000002c   Data         132  main.o(.bss)
    dma_handle                               0x200000b0   Data          96  main.o(.bss)
    dma_handle                               0x20000110   Data          96  main.o(.bss)
    hDma2dHandler                            0x20000218   Data          64  main.o(.bss)
    DrawProp                                 0x20000258   Data          24  main.o(.bss)
    Timing                                   0x200002a4   Data          28  main.o(.bss)
    Command                                  0x200002c0   Data          16  main.o(.bss)
    .bss                                     0x200002d0   Section       96  dma.o(.bss)
    .bss                                     0x20000330   Section       64  dma2d.o(.bss)
    .bss                                     0x20000370   Section       52  fmc.o(.bss)
    .bss                                     0x200003a4   Section      168  ltdc.o(.bss)
    .bss                                     0x2000044c   Section       64  tim.o(.bss)
    .bss                                     0x2000048c   Section      128  usart.o(.bss)
    .bss                                     0x2000050c   Section       64  stm32f7xx_hal_timebase_tim.o(.bss)
    STACK                                    0x20000550   Section     1024  startup_stm32f746xx.o(STACK)

    Global Symbols

    Symbol Name                              Value     Ov Type        Size  Object(Section)

    BuildAttributes$$THM_ISAv4$E$P$D$K$B$S$7EM$VFPi5$EXTD16$VFPS$VFMA$PE$PLD8$A:L22UL41UL21$X:L11$S22US41US21$IEEE1$IW$USESV6$~STKCKD$USESV7$~SHL$OSPACE$ROPI$EBA8$MICROLIB$REQ8$PRES8$EABIv2 0x00000000   Number         0  anon$$obj.o ABSOLUTE
    __ARM_use_no_argv                        0x00000000   Number         0  main.o ABSOLUTE
    _printf_a                                0x00000000   Number         0  stubs.o ABSOLUTE
    _printf_c                                0x00000000   Number         0  stubs.o ABSOLUTE
    _printf_charcount                        0x00000000   Number         0  stubs.o ABSOLUTE
    _printf_d                                0x00000000   Number         0  stubs.o ABSOLUTE
    _printf_e                                0x00000000   Number         0  stubs.o ABSOLUTE
    _printf_f                                0x00000000   Number         0  stubs.o ABSOLUTE
    _printf_flags                            0x00000000   Number         0  stubs.o ABSOLUTE
    _printf_fp_dec                           0x00000000   Number         0  stubs.o ABSOLUTE
    _printf_fp_hex                           0x00000000   Number         0  stubs.o ABSOLUTE
    _printf_g                                0x00000000   Number         0  stubs.o ABSOLUTE
    _printf_i                                0x00000000   Number         0  stubs.o ABSOLUTE
    _printf_int_dec                          0x00000000   Number         0  stubs.o ABSOLUTE
    _printf_l                                0x00000000   Number         0  stubs.o ABSOLUTE
    _printf_lc                               0x00000000   Number         0  stubs.o ABSOLUTE
    _printf_ll                               0x00000000   Number         0  stubs.o ABSOLUTE
    _printf_lld                              0x00000000   Number         0  stubs.o ABSOLUTE
    _printf_lli                              0x00000000   Number         0  stubs.o ABSOLUTE
    _printf_llo                              0x00000000   Number         0  stubs.o ABSOLUTE
    _printf_llu                              0x00000000   Number         0  stubs.o ABSOLUTE
    _printf_llx                              0x00000000   Number         0  stubs.o ABSOLUTE
    _printf_longlong_dec                     0x00000000   Number         0  stubs.o ABSOLUTE
    _printf_longlong_hex                     0x00000000   Number         0  stubs.o ABSOLUTE
    _printf_longlong_oct                     0x00000000   Number         0  stubs.o ABSOLUTE
    _printf_ls                               0x00000000   Number         0  stubs.o ABSOLUTE
    _printf_mbtowc                           0x00000000   Number         0  stubs.o ABSOLUTE
    _printf_n                                0x00000000   Number         0  stubs.o ABSOLUTE
    _printf_o                                0x00000000   Number         0  stubs.o ABSOLUTE
    _printf_p                                0x00000000   Number         0  stubs.o ABSOLUTE
    _printf_percent                          0x00000000   Number         0  stubs.o ABSOLUTE
    _printf_pre_padding                      0x00000000   Number         0  stubs.o ABSOLUTE
    _printf_return_value                     0x00000000   Number         0  stubs.o ABSOLUTE
    _printf_s                                0x00000000   Number         0  stubs.o ABSOLUTE
    _printf_sizespec                         0x00000000   Number         0  stubs.o ABSOLUTE
    _printf_str                              0x00000000   Number         0  stubs.o ABSOLUTE
    _printf_truncate_signed                  0x00000000   Number         0  stubs.o ABSOLUTE
    _printf_truncate_unsigned                0x00000000   Number         0  stubs.o ABSOLUTE
    _printf_u                                0x00000000   Number         0  stubs.o ABSOLUTE
    _printf_wc                               0x00000000   Number         0  stubs.o ABSOLUTE
    _printf_wctomb                           0x00000000   Number         0  stubs.o ABSOLUTE
    _printf_widthprec                        0x00000000   Number         0  stubs.o ABSOLUTE
    _printf_x                                0x00000000   Number         0  stubs.o ABSOLUTE
    __cpp_initialize__aeabi_                  - Undefined Weak Reference
    __cxa_finalize                            - Undefined Weak Reference
    __decompress                              - Undefined Weak Reference
    _clock_init                               - Undefined Weak Reference
    _microlib_exit                            - Undefined Weak Reference
    __Vectors_Size                           0x000001c8   Number         0  startup_stm32f746xx.o ABSOLUTE
    __Vectors                                0x08000000   Data           4  startup_stm32f746xx.o(RESET)
    __Vectors_End                            0x080001c8   Data           0  startup_stm32f746xx.o(RESET)
    __main                                   0x080001c9   Thumb Code     0  entry.o(.ARM.Collect$$$$00000000)
    _main_stk                                0x080001c9   Thumb Code     0  entry2.o(.ARM.Collect$$$$00000001)
    _main_scatterload                        0x080001cd   Thumb Code     0  entry5.o(.ARM.Collect$$$$00000004)
    __main_after_scatterload                 0x080001d1   Thumb Code     0  entry5.o(.ARM.Collect$$$$00000004)
    _main_clock                              0x080001d1   Thumb Code     0  entry7b.o(.ARM.Collect$$$$00000008)
    _main_cpp_init                           0x080001d1   Thumb Code     0  entry8b.o(.ARM.Collect$$$$0000000A)
    _main_init                               0x080001d1   Thumb Code     0  entry9a.o(.ARM.Collect$$$$0000000B)
    __rt_final_cpp                           0x080001d9   Thumb Code     0  entry10a.o(.ARM.Collect$$$$0000000D)
    __rt_final_exit                          0x080001d9   Thumb Code     0  entry11a.o(.ARM.Collect$$$$0000000F)
    Reset_Handler                            0x080001dd   Thumb Code     8  startup_stm32f746xx.o(.text)
    SysTick_Handler                          0x080001f5   Thumb Code     2  startup_stm32f746xx.o(.text)
    ADC_IRQHandler                           0x080001f7   Thumb Code     0  startup_stm32f746xx.o(.text)
    CAN1_RX0_IRQHandler                      0x080001f7   Thumb Code     0  startup_stm32f746xx.o(.text)
    CAN1_RX1_IRQHandler                      0x080001f7   Thumb Code     0  startup_stm32f746xx.o(.text)
    CAN1_SCE_IRQHandler                      0x080001f7   Thumb Code     0  startup_stm32f746xx.o(.text)
    CAN1_TX_IRQHandler                       0x080001f7   Thumb Code     0  startup_stm32f746xx.o(.text)
    CAN2_RX0_IRQHandler                      0x080001f7   Thumb Code     0  startup_stm32f746xx.o(.text)
    CAN2_RX1_IRQHandler                      0x080001f7   Thumb Code     0  startup_stm32f746xx.o(.text)
    CAN2_SCE_IRQHandler                      0x080001f7   Thumb Code     0  startup_stm32f746xx.o(.text)
    CAN2_TX_IRQHandler                       0x080001f7   Thumb Code     0  startup_stm32f746xx.o(.text)
    CEC_IRQHandler                           0x080001f7   Thumb Code     0  startup_stm32f746xx.o(.text)
    DCMI_IRQHandler                          0x080001f7   Thumb Code     0  startup_stm32f746xx.o(.text)
    DMA1_Stream0_IRQHandler                  0x080001f7   Thumb Code     0  startup_stm32f746xx.o(.text)
    DMA1_Stream1_IRQHandler                  0x080001f7   Thumb Code     0  startup_stm32f746xx.o(.text)
    DMA1_Stream2_IRQHandler                  0x080001f7   Thumb Code     0  startup_stm32f746xx.o(.text)
    DMA1_Stream3_IRQHandler                  0x080001f7   Thumb Code     0  startup_stm32f746xx.o(.text)
    DMA1_Stream4_IRQHandler                  0x080001f7   Thumb Code     0  startup_stm32f746xx.o(.text)
    DMA1_Stream5_IRQHandler                  0x080001f7   Thumb Code     0  startup_stm32f746xx.o(.text)
    DMA1_Stream6_IRQHandler                  0x080001f7   Thumb Code     0  startup_stm32f746xx.o(.text)
    DMA1_Stream7_IRQHandler                  0x080001f7   Thumb Code     0  startup_stm32f746xx.o(.text)
    DMA2_Stream0_IRQHandler                  0x080001f7   Thumb Code     0  startup_stm32f746xx.o(.text)
    DMA2_Stream1_IRQHandler                  0x080001f7   Thumb Code     0  startup_stm32f746xx.o(.text)
    DMA2_Stream2_IRQHandler                  0x080001f7   Thumb Code     0  startup_stm32f746xx.o(.text)
    DMA2_Stream3_IRQHandler                  0x080001f7   Thumb Code     0  startup_stm32f746xx.o(.text)
    DMA2_Stream4_IRQHandler                  0x080001f7   Thumb Code     0  startup_stm32f746xx.o(.text)
    DMA2_Stream5_IRQHandler                  0x080001f7   Thumb Code     0  startup_stm32f746xx.o(.text)
    DMA2_Stream6_IRQHandler                  0x080001f7   Thumb Code     0  startup_stm32f746xx.o(.text)
    DMA2_Stream7_IRQHandler                  0x080001f7   Thumb Code     0  startup_stm32f746xx.o(.text)
    ETH_IRQHandler                           0x080001f7   Thumb Code     0  startup_stm32f746xx.o(.text)
    ETH_WKUP_IRQHandler                      0x080001f7   Thumb Code     0  startup_stm32f746xx.o(.text)
    EXTI0_IRQHandler                         0x080001f7   Thumb Code     0  startup_stm32f746xx.o(.text)
    EXTI15_10_IRQHandler                     0x080001f7   Thumb Code     0  startup_stm32f746xx.o(.text)
    EXTI1_IRQHandler                         0x080001f7   Thumb Code     0  startup_stm32f746xx.o(.text)
    EXTI2_IRQHandler                         0x080001f7   Thumb Code     0  startup_stm32f746xx.o(.text)
    EXTI3_IRQHandler                         0x080001f7   Thumb Code     0  startup_stm32f746xx.o(.text)
    EXTI4_IRQHandler                         0x080001f7   Thumb Code     0  startup_stm32f746xx.o(.text)
    EXTI9_5_IRQHandler                       0x080001f7   Thumb Code     0  startup_stm32f746xx.o(.text)
    FLASH_IRQHandler                         0x080001f7   Thumb Code     0  startup_stm32f746xx.o(.text)
    FMC_IRQHandler                           0x080001f7   Thumb Code     0  startup_stm32f746xx.o(.text)
    FPU_IRQHandler                           0x080001f7   Thumb Code     0  startup_stm32f746xx.o(.text)
    I2C1_ER_IRQHandler                       0x080001f7   Thumb Code     0  startup_stm32f746xx.o(.text)
    I2C1_EV_IRQHandler                       0x080001f7   Thumb Code     0  startup_stm32f746xx.o(.text)
    I2C2_ER_IRQHandler                       0x080001f7   Thumb Code     0  startup_stm32f746xx.o(.text)
    I2C2_EV_IRQHandler                       0x080001f7   Thumb Code     0  startup_stm32f746xx.o(.text)
    I2C3_ER_IRQHandler                       0x080001f7   Thumb Code     0  startup_stm32f746xx.o(.text)
    I2C3_EV_IRQHandler                       0x080001f7   Thumb Code     0  startup_stm32f746xx.o(.text)
    I2C4_ER_IRQHandler                       0x080001f7   Thumb Code     0  startup_stm32f746xx.o(.text)
    I2C4_EV_IRQHandler                       0x080001f7   Thumb Code     0  startup_stm32f746xx.o(.text)
    LPTIM1_IRQHandler                        0x080001f7   Thumb Code     0  startup_stm32f746xx.o(.text)
    LTDC_ER_IRQHandler                       0x080001f7   Thumb Code     0  startup_stm32f746xx.o(.text)
    OTG_FS_IRQHandler                        0x080001f7   Thumb Code     0  startup_stm32f746xx.o(.text)
    OTG_FS_WKUP_IRQHandler                   0x080001f7   Thumb Code     0  startup_stm32f746xx.o(.text)
    OTG_HS_EP1_IN_IRQHandler                 0x080001f7   Thumb Code     0  startup_stm32f746xx.o(.text)
    OTG_HS_EP1_OUT_IRQHandler                0x080001f7   Thumb Code     0  startup_stm32f746xx.o(.text)
    OTG_HS_IRQHandler                        0x080001f7   Thumb Code     0  startup_stm32f746xx.o(.text)
    OTG_HS_WKUP_IRQHandler                   0x080001f7   Thumb Code     0  startup_stm32f746xx.o(.text)
    PVD_IRQHandler                           0x080001f7   Thumb Code     0  startup_stm32f746xx.o(.text)
    QUADSPI_IRQHandler                       0x080001f7   Thumb Code     0  startup_stm32f746xx.o(.text)
    RCC_IRQHandler                           0x080001f7   Thumb Code     0  startup_stm32f746xx.o(.text)
    RNG_IRQHandler                           0x080001f7   Thumb Code     0  startup_stm32f746xx.o(.text)
    RTC_Alarm_IRQHandler                     0x080001f7   Thumb Code     0  startup_stm32f746xx.o(.text)
    RTC_WKUP_IRQHandler                      0x080001f7   Thumb Code     0  startup_stm32f746xx.o(.text)
    SAI1_IRQHandler                          0x080001f7   Thumb Code     0  startup_stm32f746xx.o(.text)
    SAI2_IRQHandler                          0x080001f7   Thumb Code     0  startup_stm32f746xx.o(.text)
    SDMMC1_IRQHandler                        0x080001f7   Thumb Code     0  startup_stm32f746xx.o(.text)
    SPDIF_RX_IRQHandler                      0x080001f7   Thumb Code     0  startup_stm32f746xx.o(.text)
    SPI1_IRQHandler                          0x080001f7   Thumb Code     0  startup_stm32f746xx.o(.text)
    SPI2_IRQHandler                          0x080001f7   Thumb Code     0  startup_stm32f746xx.o(.text)
    SPI3_IRQHandler                          0x080001f7   Thumb Code     0  startup_stm32f746xx.o(.text)
    SPI4_IRQHandler                          0x080001f7   Thumb Code     0  startup_stm32f746xx.o(.text)
    SPI5_IRQHandler                          0x080001f7   Thumb Code     0  startup_stm32f746xx.o(.text)
    SPI6_IRQHandler                          0x080001f7   Thumb Code     0  startup_stm32f746xx.o(.text)
    TAMP_STAMP_IRQHandler                    0x080001f7   Thumb Code     0  startup_stm32f746xx.o(.text)
    TIM1_BRK_TIM9_IRQHandler                 0x080001f7   Thumb Code     0  startup_stm32f746xx.o(.text)
    TIM1_CC_IRQHandler                       0x080001f7   Thumb Code     0  startup_stm32f746xx.o(.text)
    TIM1_UP_TIM10_IRQHandler                 0x080001f7   Thumb Code     0  startup_stm32f746xx.o(.text)
    TIM2_IRQHandler                          0x080001f7   Thumb Code     0  startup_stm32f746xx.o(.text)
    TIM3_IRQHandler                          0x080001f7   Thumb Code     0  startup_stm32f746xx.o(.text)
    TIM4_IRQHandler                          0x080001f7   Thumb Code     0  startup_stm32f746xx.o(.text)
    TIM5_IRQHandler                          0x080001f7   Thumb Code     0  startup_stm32f746xx.o(.text)
    TIM7_IRQHandler                          0x080001f7   Thumb Code     0  startup_stm32f746xx.o(.text)
    TIM8_BRK_TIM12_IRQHandler                0x080001f7   Thumb Code     0  startup_stm32f746xx.o(.text)
    TIM8_CC_IRQHandler                       0x080001f7   Thumb Code     0  startup_stm32f746xx.o(.text)
    TIM8_TRG_COM_TIM14_IRQHandler            0x080001f7   Thumb Code     0  startup_stm32f746xx.o(.text)
    TIM8_UP_TIM13_IRQHandler                 0x080001f7   Thumb Code     0  startup_stm32f746xx.o(.text)
    UART4_IRQHandler                         0x080001f7   Thumb Code     0  startup_stm32f746xx.o(.text)
    UART5_IRQHandler                         0x080001f7   Thumb Code     0  startup_stm32f746xx.o(.text)
    UART7_IRQHandler                         0x080001f7   Thumb Code     0  startup_stm32f746xx.o(.text)
    UART8_IRQHandler                         0x080001f7   Thumb Code     0  startup_stm32f746xx.o(.text)
    USART2_IRQHandler                        0x080001f7   Thumb Code     0  startup_stm32f746xx.o(.text)
    USART3_IRQHandler                        0x080001f7   Thumb Code     0  startup_stm32f746xx.o(.text)
    USART6_IRQHandler                        0x080001f7   Thumb Code     0  startup_stm32f746xx.o(.text)
    WWDG_IRQHandler                          0x080001f7   Thumb Code     0  startup_stm32f746xx.o(.text)
    __aeabi_uldivmod                         0x08000201   Thumb Code    98  uldiv.o(.text)
    __aeabi_memcpy                           0x08000263   Thumb Code    36  memcpya.o(.text)
    __aeabi_memcpy4                          0x08000263   Thumb Code     0  memcpya.o(.text)
    __aeabi_memcpy8                          0x08000263   Thumb Code     0  memcpya.o(.text)
    __aeabi_memset                           0x08000287   Thumb Code    14  memseta.o(.text)
    __aeabi_memset4                          0x08000287   Thumb Code     0  memseta.o(.text)
    __aeabi_memset8                          0x08000287   Thumb Code     0  memseta.o(.text)
    __aeabi_memclr                           0x08000295   Thumb Code     4  memseta.o(.text)
    __aeabi_memclr4                          0x08000295   Thumb Code     0  memseta.o(.text)
    __aeabi_memclr8                          0x08000295   Thumb Code     0  memseta.o(.text)
    _memset$wrapper                          0x08000299   Thumb Code    18  memseta.o(.text)
    __aeabi_uidiv                            0x080002ab   Thumb Code     0  uidiv.o(.text)
    __aeabi_uidivmod                         0x080002ab   Thumb Code    44  uidiv.o(.text)
    __aeabi_llsl                             0x080002d7   Thumb Code    30  llshl.o(.text)
    _ll_shift_l                              0x080002d7   Thumb Code     0  llshl.o(.text)
    __aeabi_llsr                             0x080002f5   Thumb Code    32  llushr.o(.text)
    _ll_ushift_r                             0x080002f5   Thumb Code     0  llushr.o(.text)
    __scatterload                            0x08000315   Thumb Code    28  init.o(.text)
    __scatterload_rt2                        0x08000315   Thumb Code     0  init.o(.text)
    BSP_LCD_Clear                            0x08000339   Thumb Code    48  main.o(i.BSP_LCD_Clear)
    BSP_LCD_ClockConfig                      0x08000371   Thumb Code    26  main.o(i.BSP_LCD_ClockConfig)
    BSP_LCD_DisplayChar                      0x08000391   Thumb Code    44  main.o(i.BSP_LCD_DisplayChar)
    BSP_LCD_DisplayOn                        0x080003c5   Thumb Code    38  main.o(i.BSP_LCD_DisplayOn)
    BSP_LCD_DisplayStringAt                  0x080003f9   Thumb Code   192  main.o(i.BSP_LCD_DisplayStringAt)
    BSP_LCD_DisplayStringAtLine              0x080004c1   Thumb Code    28  main.o(i.BSP_LCD_DisplayStringAtLine)
    BSP_LCD_DrawPixel                        0x080004dd   Thumb Code    90  main.o(i.BSP_LCD_DrawPixel)
    BSP_LCD_GetFont                          0x08000541   Thumb Code    18  main.o(i.BSP_LCD_GetFont)
    BSP_LCD_GetXSize                         0x0800055d   Thumb Code    22  main.o(i.BSP_LCD_GetXSize)
    BSP_LCD_GetYSize                         0x0800057d   Thumb Code    22  main.o(i.BSP_LCD_GetYSize)
    BSP_LCD_Init                             0x0800059d   Thumb Code   142  main.o(i.BSP_LCD_Init)
    BSP_LCD_LayerRgb565Init                  0x08000641   Thumb Code   114  main.o(i.BSP_LCD_LayerRgb565Init)
    BSP_LCD_MspInit                          0x080006bd   Thumb Code   286  main.o(i.BSP_LCD_MspInit)
    BSP_LCD_SetBackColor                     0x080007f5   Thumb Code    18  main.o(i.BSP_LCD_SetBackColor)
    BSP_LCD_SetFont                          0x08000811   Thumb Code    18  main.o(i.BSP_LCD_SetFont)
    BSP_LCD_SetLayerVisible                  0x0800082d   Thumb Code    40  main.o(i.BSP_LCD_SetLayerVisible)
    BSP_LCD_SetTextColor                     0x08000859   Thumb Code    16  main.o(i.BSP_LCD_SetTextColor)
    BSP_SDRAM_Init                           0x08000871   Thumb Code   108  main.o(i.BSP_SDRAM_Init)
    BSP_SDRAM_Initialization_sequence        0x080008e9   Thumb Code   134  main.o(i.BSP_SDRAM_Initialization_sequence)
    BSP_SDRAM_MspInit                        0x08000975   Thumb Code   322  main.o(i.BSP_SDRAM_MspInit)
    BusFault_Handler                         0x08000add   Thumb Code     2  stm32f7xx_it.o(i.BusFault_Handler)
    DMA2D_IRQHandler                         0x08000ae1   Thumb Code     6  stm32f7xx_it.o(i.DMA2D_IRQHandler)
    DebugMon_Handler                         0x08000bfd   Thumb Code     2  stm32f7xx_it.o(i.DebugMon_Handler)
    Error_Handler                            0x08000cb1   Thumb Code     2  main.o(i.Error_Handler)
    FMC_SDRAM_Init                           0x08000cb3   Thumb Code    94  stm32f7xx_ll_fmc.o(i.FMC_SDRAM_Init)
    FMC_SDRAM_ProgramRefreshRate             0x08000d11   Thumb Code    12  stm32f7xx_ll_fmc.o(i.FMC_SDRAM_ProgramRefreshRate)
    FMC_SDRAM_SendCommand                    0x08000d1d   Thumb Code    32  stm32f7xx_ll_fmc.o(i.FMC_SDRAM_SendCommand)
    FMC_SDRAM_Timing_Init                    0x08000d3d   Thumb Code   134  stm32f7xx_ll_fmc.o(i.FMC_SDRAM_Timing_Init)
    HAL_DMA2D_CLUTLoadingCpltCallback        0x08000dc9   Thumb Code     2  stm32f7xx_hal_dma2d.o(i.HAL_DMA2D_CLUTLoadingCpltCallback)
    HAL_DMA2D_ConfigLayer                    0x08000dcd   Thumb Code   156  stm32f7xx_hal_dma2d.o(i.HAL_DMA2D_ConfigLayer)
    HAL_DMA2D_IRQHandler                     0x08000e6d   Thumb Code   284  stm32f7xx_hal_dma2d.o(i.HAL_DMA2D_IRQHandler)
    HAL_DMA2D_Init                           0x08000f89   Thumb Code    90  stm32f7xx_hal_dma2d.o(i.HAL_DMA2D_Init)
    HAL_DMA2D_LineEventCallback              0x08000fe3   Thumb Code     2  stm32f7xx_hal_dma2d.o(i.HAL_DMA2D_LineEventCallback)
    HAL_DMA2D_MspInit                        0x08000fe5   Thumb Code    50  dma2d.o(i.HAL_DMA2D_MspInit)
    HAL_DMA2D_PollForTransfer                0x08001021   Thumb Code   270  stm32f7xx_hal_dma2d.o(i.HAL_DMA2D_PollForTransfer)
    HAL_DMA2D_Start                          0x0800112f   Thumb Code    52  stm32f7xx_hal_dma2d.o(i.HAL_DMA2D_Start)
    HAL_DMA_Abort_IT                         0x08001163   Thumb Code    36  stm32f7xx_hal_dma.o(i.HAL_DMA_Abort_IT)
    HAL_DMA_DeInit                           0x08001187   Thumb Code    98  stm32f7xx_hal_dma.o(i.HAL_DMA_DeInit)
    HAL_DMA_Init                             0x080011e9   Thumb Code   222  stm32f7xx_hal_dma.o(i.HAL_DMA_Init)
    HAL_Delay                                0x080012cd   Thumb Code    32  stm32f7xx_hal.o(i.HAL_Delay)
    HAL_GPIO_Init                            0x080013a5   Thumb Code   418  stm32f7xx_hal_gpio.o(i.HAL_GPIO_Init)
    HAL_GPIO_ReadPin                         0x0800157d   Thumb Code    10  stm32f7xx_hal_gpio.o(i.HAL_GPIO_ReadPin)
    HAL_GPIO_TogglePin                       0x08001587   Thumb Code    14  stm32f7xx_hal_gpio.o(i.HAL_GPIO_TogglePin)
    HAL_GPIO_WritePin                        0x08001595   Thumb Code    10  stm32f7xx_hal_gpio.o(i.HAL_GPIO_WritePin)
    HAL_GetTick                              0x080015a1   Thumb Code     6  stm32f7xx_hal.o(i.HAL_GetTick)
    HAL_IncTick                              0x080015ad   Thumb Code    12  stm32f7xx_hal.o(i.HAL_IncTick)
    HAL_Init                                 0x080015bd   Thumb Code    22  stm32f7xx_hal.o(i.HAL_Init)
    HAL_InitTick                             0x080015d5   Thumb Code   100  stm32f7xx_hal_timebase_tim.o(i.HAL_InitTick)
    HAL_LTDC_ConfigLayer                     0x08001649   Thumb Code    82  stm32f7xx_hal_ltdc.o(i.HAL_LTDC_ConfigLayer)
    HAL_LTDC_ErrorCallback                   0x0800169b   Thumb Code     2  stm32f7xx_hal_ltdc.o(i.HAL_LTDC_ErrorCallback)
    HAL_LTDC_GetState                        0x0800169d   Thumb Code     6  stm32f7xx_hal_ltdc.o(i.HAL_LTDC_GetState)
    HAL_LTDC_IRQHandler                      0x080016a3   Thumb Code   200  stm32f7xx_hal_ltdc.o(i.HAL_LTDC_IRQHandler)
    HAL_LTDC_Init                            0x0800176d   Thumb Code   242  stm32f7xx_hal_ltdc.o(i.HAL_LTDC_Init)
    HAL_LTDC_LineEventCallback               0x08001865   Thumb Code     2  stm32f7xx_hal_ltdc.o(i.HAL_LTDC_LineEventCallback)
    HAL_LTDC_MspInit                         0x08001869   Thumb Code   256  ltdc.o(i.HAL_LTDC_MspInit)
    HAL_LTDC_ReloadEventCallback             0x08001985   Thumb Code     2  stm32f7xx_hal_ltdc.o(i.HAL_LTDC_ReloadEventCallback)
    HAL_MspInit                              0x08001989   Thumb Code    42  stm32f7xx_hal_msp.o(i.HAL_MspInit)
    HAL_NVIC_EnableIRQ                       0x080019b9   Thumb Code    26  stm32f7xx_hal_cortex.o(i.HAL_NVIC_EnableIRQ)
    HAL_NVIC_SetPriority                     0x080019d5   Thumb Code    60  stm32f7xx_hal_cortex.o(i.HAL_NVIC_SetPriority)
    HAL_NVIC_SetPriorityGrouping             0x08001a15   Thumb Code    28  stm32f7xx_hal_cortex.o(i.HAL_NVIC_SetPriorityGrouping)
    HAL_PWREx_EnableOverDrive                0x08001a39   Thumb Code   100  stm32f7xx_hal_pwr_ex.o(i.HAL_PWREx_EnableOverDrive)
    HAL_PWR_EnableBkUpAccess                 0x08001aa5   Thumb Code    12  stm32f7xx_hal_pwr.o(i.HAL_PWR_EnableBkUpAccess)
    HAL_RCCEx_PeriphCLKConfig                0x08001ab5   Thumb Code  1276  stm32f7xx_hal_rcc_ex.o(i.HAL_RCCEx_PeriphCLKConfig)
    HAL_RCC_ClockConfig                      0x08001fb1   Thumb Code   282  stm32f7xx_hal_rcc.o(i.HAL_RCC_ClockConfig)
    HAL_RCC_GetClockConfig                   0x080020dd   Thumb Code    56  stm32f7xx_hal_rcc.o(i.HAL_RCC_GetClockConfig)
    HAL_RCC_GetPCLK1Freq                     0x0800211d   Thumb Code    20  stm32f7xx_hal_rcc.o(i.HAL_RCC_GetPCLK1Freq)
    HAL_RCC_GetPCLK2Freq                     0x0800213d   Thumb Code    20  stm32f7xx_hal_rcc.o(i.HAL_RCC_GetPCLK2Freq)
    HAL_RCC_GetSysClockFreq                  0x0800215d   Thumb Code    88  stm32f7xx_hal_rcc.o(i.HAL_RCC_GetSysClockFreq)
    HAL_RCC_OscConfig                        0x080021c1   Thumb Code   810  stm32f7xx_hal_rcc.o(i.HAL_RCC_OscConfig)
    HAL_SDRAM_Init                           0x080024f9   Thumb Code    66  stm32f7xx_hal_sdram.o(i.HAL_SDRAM_Init)
    HAL_SDRAM_MspInit                        0x0800253b   Thumb Code     4  fmc.o(i.HAL_SDRAM_MspInit)
    HAL_SDRAM_ProgramRefreshRate             0x0800253f   Thumb Code    34  stm32f7xx_hal_sdram.o(i.HAL_SDRAM_ProgramRefreshRate)
    HAL_SDRAM_SendCommand                    0x08002561   Thumb Code    48  stm32f7xx_hal_sdram.o(i.HAL_SDRAM_SendCommand)
    HAL_TIMEx_Break2Callback                 0x08002591   Thumb Code     2  stm32f7xx_hal_tim_ex.o(i.HAL_TIMEx_Break2Callback)
    HAL_TIMEx_BreakCallback                  0x08002593   Thumb Code     2  stm32f7xx_hal_tim_ex.o(i.HAL_TIMEx_BreakCallback)
    HAL_TIMEx_CommutCallback                 0x08002595   Thumb Code     2  stm32f7xx_hal_tim_ex.o(i.HAL_TIMEx_CommutCallback)
    HAL_TIMEx_ConfigBreakDeadTime            0x08002599   Thumb Code   150  stm32f7xx_hal_tim_ex.o(i.HAL_TIMEx_ConfigBreakDeadTime)
    HAL_TIMEx_MasterConfigSynchronization    0x08002639   Thumb Code    88  stm32f7xx_hal_tim_ex.o(i.HAL_TIMEx_MasterConfigSynchronization)
    HAL_TIM_Base_Init                        0x08002699   Thumb Code    54  stm32f7xx_hal_tim.o(i.HAL_TIM_Base_Init)
    HAL_TIM_Base_MspInit                     0x080026d1   Thumb Code    50  tim.o(i.HAL_TIM_Base_MspInit)
    HAL_TIM_Base_Start_IT                    0x0800270d   Thumb Code    40  stm32f7xx_hal_tim.o(i.HAL_TIM_Base_Start_IT)
    HAL_TIM_ConfigClockSource                0x08002739   Thumb Code   214  stm32f7xx_hal_tim.o(i.HAL_TIM_ConfigClockSource)
    HAL_TIM_IC_CaptureCallback               0x08002815   Thumb Code     2  stm32f7xx_hal_tim.o(i.HAL_TIM_IC_CaptureCallback)
    HAL_TIM_IRQHandler                       0x08002817   Thumb Code   386  stm32f7xx_hal_tim.o(i.HAL_TIM_IRQHandler)
    HAL_TIM_MspPostInit                      0x08002999   Thumb Code    72  tim.o(i.HAL_TIM_MspPostInit)
    HAL_TIM_OC_DelayElapsedCallback          0x080029ed   Thumb Code     2  stm32f7xx_hal_tim.o(i.HAL_TIM_OC_DelayElapsedCallback)
    HAL_TIM_PWM_ConfigChannel                0x080029ef   Thumb Code   296  stm32f7xx_hal_tim.o(i.HAL_TIM_PWM_ConfigChannel)
    HAL_TIM_PWM_Init                         0x08002b17   Thumb Code    54  stm32f7xx_hal_tim.o(i.HAL_TIM_PWM_Init)
    HAL_TIM_PWM_MspInit                      0x08002b4d   Thumb Code     2  stm32f7xx_hal_tim.o(i.HAL_TIM_PWM_MspInit)
    HAL_TIM_PWM_PulseFinishedCallback        0x08002b4f   Thumb Code     2  stm32f7xx_hal_tim.o(i.HAL_TIM_PWM_PulseFinishedCallback)
    HAL_TIM_PeriodElapsedCallback            0x08002b51   Thumb Code    14  main.o(i.HAL_TIM_PeriodElapsedCallback)
    HAL_TIM_TriggerCallback                  0x08002b65   Thumb Code     2  stm32f7xx_hal_tim.o(i.HAL_TIM_TriggerCallback)
    HAL_UART_ErrorCallback                   0x08002b67   Thumb Code     2  stm32f7xx_hal_uart.o(i.HAL_UART_ErrorCallback)
    HAL_UART_IRQHandler                      0x08002b69   Thumb Code   292  stm32f7xx_hal_uart.o(i.HAL_UART_IRQHandler)
    HAL_UART_Init                            0x08002c91   Thumb Code   102  stm32f7xx_hal_uart.o(i.HAL_UART_Init)
    HAL_UART_MspInit                         0x08002cf9   Thumb Code   142  usart.o(i.HAL_UART_MspInit)
    HAL_UART_Transmit                        0x08002d99   Thumb Code   182  stm32f7xx_hal_uart.o(i.HAL_UART_Transmit)
    HAL_UART_TxCpltCallback                  0x08002e4f   Thumb Code     2  stm32f7xx_hal_uart.o(i.HAL_UART_TxCpltCallback)
    HardFault_Handler                        0x08002e51   Thumb Code     2  stm32f7xx_it.o(i.HardFault_Handler)
    LTDC_IRQHandler                          0x08002ed5   Thumb Code     6  stm32f7xx_it.o(i.LTDC_IRQHandler)
    MX_DMA2D_Init                            0x080030b1   Thumb Code    58  dma2d.o(i.MX_DMA2D_Init)
    MX_DMA_Init                              0x080030f5   Thumb Code    82  dma.o(i.MX_DMA_Init)
    MX_FMC_Init                              0x08003155   Thumb Code    96  fmc.o(i.MX_FMC_Init)
    MX_GPIO_Init                             0x080031bd   Thumb Code  1246  gpio.o(i.MX_GPIO_Init)
    MX_LTDC_Init                             0x080036ad   Thumb Code   160  ltdc.o(i.MX_LTDC_Init)
    MX_TIM1_Init                             0x08003755   Thumb Code   200  tim.o(i.MX_TIM1_Init)
    MX_USART1_UART_Init                      0x08003825   Thumb Code    52  usart.o(i.MX_USART1_UART_Init)
    MemManage_Handler                        0x08003861   Thumb Code     2  stm32f7xx_it.o(i.MemManage_Handler)
    NMI_Handler                              0x08003863   Thumb Code     2  stm32f7xx_it.o(i.NMI_Handler)
    PendSV_Handler                           0x08003865   Thumb Code     2  stm32f7xx_it.o(i.PendSV_Handler)
    SVC_Handler                              0x08003867   Thumb Code     2  stm32f7xx_it.o(i.SVC_Handler)
    SystemClock_Config                       0x08003869   Thumb Code   172  main.o(i.SystemClock_Config)
    SystemInit                               0x0800391d   Thumb Code    68  system_stm32f7xx.o(i.SystemInit)
    TIM1_TRG_COM_TIM11_IRQHandler            0x08003971   Thumb Code     6  stm32f7xx_it.o(i.TIM1_TRG_COM_TIM11_IRQHandler)
    TIM6_DAC_IRQHandler                      0x0800397d   Thumb Code     6  stm32f7xx_it.o(i.TIM6_DAC_IRQHandler)
    TIM_Base_SetConfig                       0x08003989   Thumb Code   158  stm32f7xx_hal_tim.o(i.TIM_Base_SetConfig)
    TIM_ETR_SetConfig                        0x08003a55   Thumb Code    18  stm32f7xx_hal_tim.o(i.TIM_ETR_SetConfig)
    TIM_OC2_SetConfig                        0x08003aed   Thumb Code   108  stm32f7xx_hal_tim.o(i.TIM_OC2_SetConfig)
    UART_AdvFeatureConfig                    0x08003d2b   Thumb Code   200  stm32f7xx_hal_uart.o(i.UART_AdvFeatureConfig)
    UART_CheckIdleState                      0x08003df3   Thumb Code    60  stm32f7xx_hal_uart.o(i.UART_CheckIdleState)
    UART_SetConfig                           0x08003e65   Thumb Code   546  stm32f7xx_hal_uart.o(i.UART_SetConfig)
    UART_WaitOnFlagUntilTimeout              0x080040b9   Thumb Code    96  stm32f7xx_hal_uart.o(i.UART_WaitOnFlagUntilTimeout)
    USART1_IRQHandler                        0x08004119   Thumb Code     6  stm32f7xx_it.o(i.USART1_IRQHandler)
    UsageFault_Handler                       0x08004125   Thumb Code     2  stm32f7xx_it.o(i.UsageFault_Handler)
    __0printf$1                              0x08004129   Thumb Code    22  printf1.o(i.__0printf$1)
    __1printf$1                              0x08004129   Thumb Code     0  printf1.o(i.__0printf$1)
    __2printf                                0x08004129   Thumb Code     0  printf1.o(i.__0printf$1)
    __scatterload_copy                       0x0800416b   Thumb Code    14  handlers.o(i.__scatterload_copy)
    __scatterload_null                       0x08004179   Thumb Code     2  handlers.o(i.__scatterload_null)
    __scatterload_zeroinit                   0x0800417b   Thumb Code    14  handlers.o(i.__scatterload_zeroinit)
    fputc                                    0x080042dd   Thumb Code    20  main.o(i.fputc)
    main                                     0x080042f5   Thumb Code   280  main.o(i.main)
    Font24_Table                             0x08004448   Data        6840  main.o(.constdata)
    AHBPrescTable                            0x08005f08   Data          16  system_stm32f7xx.o(.constdata)
    APBPrescTable                            0x08005f18   Data           8  system_stm32f7xx.o(.constdata)
    Region$$Table$$Base                      0x08005f20   Number         0  anon$$obj.o(Region$$Table)
    Region$$Table$$Limit                     0x08005f40   Number         0  anon$$obj.o(Region$$Table)
    Font24                                   0x20000008   Data           8  main.o(.data)
    uwTickFreq                               0x20000018   Data           1  stm32f7xx_hal.o(.data)
    uwTickPrio                               0x2000001c   Data           4  stm32f7xx_hal.o(.data)
    uwTick                                   0x20000020   Data           4  stm32f7xx_hal.o(.data)
    SystemCoreClock                          0x20000024   Data           4  system_stm32f7xx.o(.data)
    __stdout                                 0x20000028   Data           4  stdout.o(.data)
    hLtdcHandler                             0x20000170   Data         168  main.o(.bss)
    sdramHandle                              0x20000270   Data          52  main.o(.bss)
    hdma_memtomem_dma2_stream0               0x200002d0   Data          96  dma.o(.bss)
    hdma2d                                   0x20000330   Data          64  dma2d.o(.bss)
    hsdram1                                  0x20000370   Data          52  fmc.o(.bss)
    hltdc                                    0x200003a4   Data         168  ltdc.o(.bss)
    htim1                                    0x2000044c   Data          64  tim.o(.bss)
    huart1                                   0x2000048c   Data         128  usart.o(.bss)
    htim6                                    0x2000050c   Data          64  stm32f7xx_hal_timebase_tim.o(.bss)
    __initial_sp                             0x20000950   Data           0  startup_stm32f746xx.o(STACK)



==============================================================================

Memory Map of the image

  Image Entry point : 0x080001c9

  Load Region LR_IROM1 (Base: 0x08000000, Size: 0x00005f6c, Max: 0x00100000, ABSOLUTE)

    Execution Region ER_IROM1 (Exec base: 0x08000000, Load base: 0x08000000, Size: 0x00005f40, Max: 0x00100000, ABSOLUTE)

    Exec Addr    Load Addr    Size         Type   Attr      Idx    E Section Name        Object

    0x08000000   0x08000000   0x000001c8   Data   RO            3    RESET               startup_stm32f746xx.o
    0x080001c8   0x080001c8   0x00000000   Code   RO         4916  * .ARM.Collect$$$$00000000  mc_w.l(entry.o)
    0x080001c8   0x080001c8   0x00000004   Code   RO         5188    .ARM.Collect$$$$00000001  mc_w.l(entry2.o)
    0x080001cc   0x080001cc   0x00000004   Code   RO         5191    .ARM.Collect$$$$00000004  mc_w.l(entry5.o)
    0x080001d0   0x080001d0   0x00000000   Code   RO         5193    .ARM.Collect$$$$00000008  mc_w.l(entry7b.o)
    0x080001d0   0x080001d0   0x00000000   Code   RO         5195    .ARM.Collect$$$$0000000A  mc_w.l(entry8b.o)
    0x080001d0   0x080001d0   0x00000008   Code   RO         5196    .ARM.Collect$$$$0000000B  mc_w.l(entry9a.o)
    0x080001d8   0x080001d8   0x00000000   Code   RO         5198    .ARM.Collect$$$$0000000D  mc_w.l(entry10a.o)
    0x080001d8   0x080001d8   0x00000000   Code   RO         5200    .ARM.Collect$$$$0000000F  mc_w.l(entry11a.o)
    0x080001d8   0x080001d8   0x00000004   Code   RO         5189    .ARM.Collect$$$$00002712  mc_w.l(entry2.o)
    0x080001dc   0x080001dc   0x00000024   Code   RO            4    .text               startup_stm32f746xx.o
    0x08000200   0x08000200   0x00000062   Code   RO         4919    .text               mc_w.l(uldiv.o)
    0x08000262   0x08000262   0x00000024   Code   RO         4921    .text               mc_w.l(memcpya.o)
    0x08000286   0x08000286   0x00000024   Code   RO         4923    .text               mc_w.l(memseta.o)
    0x080002aa   0x080002aa   0x0000002c   Code   RO         5203    .text               mc_w.l(uidiv.o)
    0x080002d6   0x080002d6   0x0000001e   Code   RO         5205    .text               mc_w.l(llshl.o)
    0x080002f4   0x080002f4   0x00000020   Code   RO         5207    .text               mc_w.l(llushr.o)
    0x08000314   0x08000314   0x00000024   Code   RO         5220    .text               mc_w.l(init.o)
    0x08000338   0x08000338   0x00000038   Code   RO           13    i.BSP_LCD_Clear     main.o
    0x08000370   0x08000370   0x00000020   Code   RO           15    i.BSP_LCD_ClockConfig  main.o
    0x08000390   0x08000390   0x00000034   Code   RO           17    i.BSP_LCD_DisplayChar  main.o
    0x080003c4   0x080003c4   0x00000034   Code   RO           19    i.BSP_LCD_DisplayOn  main.o
    0x080003f8   0x080003f8   0x000000c8   Code   RO           20    i.BSP_LCD_DisplayStringAt  main.o
    0x080004c0   0x080004c0   0x0000001c   Code   RO           21    i.BSP_LCD_DisplayStringAtLine  main.o
    0x080004dc   0x080004dc   0x00000064   Code   RO           27    i.BSP_LCD_DrawPixel  main.o
    0x08000540   0x08000540   0x0000001c   Code   RO           36    i.BSP_LCD_GetFont   main.o
    0x0800055c   0x0800055c   0x00000020   Code   RO           38    i.BSP_LCD_GetXSize  main.o
    0x0800057c   0x0800057c   0x00000020   Code   RO           39    i.BSP_LCD_GetYSize  main.o
    0x0800059c   0x0800059c   0x000000a4   Code   RO           40    i.BSP_LCD_Init      main.o
    0x08000640   0x08000640   0x0000007c   Code   RO           42    i.BSP_LCD_LayerRgb565Init  main.o
    0x080006bc   0x080006bc   0x00000138   Code   RO           44    i.BSP_LCD_MspInit   main.o
    0x080007f4   0x080007f4   0x0000001c   Code   RO           50    i.BSP_LCD_SetBackColor  main.o
    0x08000810   0x08000810   0x0000001c   Code   RO           53    i.BSP_LCD_SetFont   main.o
    0x0800082c   0x0800082c   0x0000002c   Code   RO           56    i.BSP_LCD_SetLayerVisible  main.o
    0x08000858   0x08000858   0x00000018   Code   RO           60    i.BSP_LCD_SetTextColor  main.o
    0x08000870   0x08000870   0x00000078   Code   RO           66    i.BSP_SDRAM_Init    main.o
    0x080008e8   0x080008e8   0x0000008c   Code   RO           67    i.BSP_SDRAM_Initialization_sequence  main.o
    0x08000974   0x08000974   0x00000168   Code   RO           69    i.BSP_SDRAM_MspInit  main.o
    0x08000adc   0x08000adc   0x00000002   Code   RO          921    i.BusFault_Handler  stm32f7xx_it.o
    0x08000ade   0x08000ade   0x00000002   PAD
    0x08000ae0   0x08000ae0   0x0000000c   Code   RO          922    i.DMA2D_IRQHandler  stm32f7xx_it.o
    0x08000aec   0x08000aec   0x00000092   Code   RO         1219    i.DMA2D_SetConfig   stm32f7xx_hal_dma2d.o
    0x08000b7e   0x08000b7e   0x00000002   PAD
    0x08000b80   0x08000b80   0x00000028   Code   RO         3761    i.DMA_CalcBaseAndBitshift  stm32f7xx_hal_dma.o
    0x08000ba8   0x08000ba8   0x00000054   Code   RO         3762    i.DMA_CheckFifoParam  stm32f7xx_hal_dma.o
    0x08000bfc   0x08000bfc   0x00000002   Code   RO          923    i.DebugMon_Handler  stm32f7xx_it.o
    0x08000bfe   0x08000bfe   0x00000002   PAD
    0x08000c00   0x08000c00   0x000000b0   Code   RO           75    i.DrawChar          main.o
    0x08000cb0   0x08000cb0   0x00000002   Code   RO           76    i.Error_Handler     main.o
    0x08000cb2   0x08000cb2   0x0000005e   Code   RO         1431    i.FMC_SDRAM_Init    stm32f7xx_ll_fmc.o
    0x08000d10   0x08000d10   0x0000000c   Code   RO         1432    i.FMC_SDRAM_ProgramRefreshRate  stm32f7xx_ll_fmc.o
    0x08000d1c   0x08000d1c   0x00000020   Code   RO         1433    i.FMC_SDRAM_SendCommand  stm32f7xx_ll_fmc.o
    0x08000d3c   0x08000d3c   0x0000008c   Code   RO         1435    i.FMC_SDRAM_Timing_Init  stm32f7xx_ll_fmc.o
    0x08000dc8   0x08000dc8   0x00000002   Code   RO         1225    i.HAL_DMA2D_CLUTLoadingCpltCallback  stm32f7xx_hal_dma2d.o
    0x08000dca   0x08000dca   0x00000002   PAD
    0x08000dcc   0x08000dcc   0x000000a0   Code   RO         1231    i.HAL_DMA2D_ConfigLayer  stm32f7xx_hal_dma2d.o
    0x08000e6c   0x08000e6c   0x0000011c   Code   RO         1238    i.HAL_DMA2D_IRQHandler  stm32f7xx_hal_dma2d.o
    0x08000f88   0x08000f88   0x0000005a   Code   RO         1239    i.HAL_DMA2D_Init    stm32f7xx_hal_dma2d.o
    0x08000fe2   0x08000fe2   0x00000002   Code   RO         1240    i.HAL_DMA2D_LineEventCallback  stm32f7xx_hal_dma2d.o
    0x08000fe4   0x08000fe4   0x0000003c   Code   RO          700    i.HAL_DMA2D_MspInit  dma2d.o
    0x08001020   0x08001020   0x0000010e   Code   RO         1243    i.HAL_DMA2D_PollForTransfer  stm32f7xx_hal_dma2d.o
    0x0800112e   0x0800112e   0x00000034   Code   RO         1246    i.HAL_DMA2D_Start   stm32f7xx_hal_dma2d.o
    0x08001162   0x08001162   0x00000024   Code   RO         3765    i.HAL_DMA_Abort_IT  stm32f7xx_hal_dma.o
    0x08001186   0x08001186   0x00000062   Code   RO         3766    i.HAL_DMA_DeInit    stm32f7xx_hal_dma.o
    0x080011e8   0x080011e8   0x000000e4   Code   RO         3770    i.HAL_DMA_Init      stm32f7xx_hal_dma.o
    0x080012cc   0x080012cc   0x00000024   Code   RO         4131    i.HAL_Delay         stm32f7xx_hal.o
    0x080012f0   0x080012f0   0x000000b4   Code   RO          741    i.HAL_FMC_MspInit   fmc.o
    0x080013a4   0x080013a4   0x000001d8   Code   RO         3698    i.HAL_GPIO_Init     stm32f7xx_hal_gpio.o
    0x0800157c   0x0800157c   0x0000000a   Code   RO         3700    i.HAL_GPIO_ReadPin  stm32f7xx_hal_gpio.o
    0x08001586   0x08001586   0x0000000e   Code   RO         3701    i.HAL_GPIO_TogglePin  stm32f7xx_hal_gpio.o
    0x08001594   0x08001594   0x0000000a   Code   RO         3702    i.HAL_GPIO_WritePin  stm32f7xx_hal_gpio.o
    0x0800159e   0x0800159e   0x00000002   PAD
    0x080015a0   0x080015a0   0x0000000c   Code   RO         4139    i.HAL_GetTick       stm32f7xx_hal.o
    0x080015ac   0x080015ac   0x00000010   Code   RO         4145    i.HAL_IncTick       stm32f7xx_hal.o
    0x080015bc   0x080015bc   0x00000016   Code   RO         4146    i.HAL_Init          stm32f7xx_hal.o
    0x080015d2   0x080015d2   0x00000002   PAD
    0x080015d4   0x080015d4   0x00000074   Code   RO         1045    i.HAL_InitTick      stm32f7xx_hal_timebase_tim.o
    0x08001648   0x08001648   0x00000052   Code   RO         1725    i.HAL_LTDC_ConfigLayer  stm32f7xx_hal_ltdc.o
    0x0800169a   0x0800169a   0x00000002   Code   RO         1738    i.HAL_LTDC_ErrorCallback  stm32f7xx_hal_ltdc.o
    0x0800169c   0x0800169c   0x00000006   Code   RO         1740    i.HAL_LTDC_GetState  stm32f7xx_hal_ltdc.o
    0x080016a2   0x080016a2   0x000000c8   Code   RO         1741    i.HAL_LTDC_IRQHandler  stm32f7xx_hal_ltdc.o
    0x0800176a   0x0800176a   0x00000002   PAD
    0x0800176c   0x0800176c   0x000000f8   Code   RO         1742    i.HAL_LTDC_Init     stm32f7xx_hal_ltdc.o
    0x08001864   0x08001864   0x00000002   Code   RO         1743    i.HAL_LTDC_LineEventCallback  stm32f7xx_hal_ltdc.o
    0x08001866   0x08001866   0x00000002   PAD
    0x08001868   0x08001868   0x0000011c   Code   RO          790    i.HAL_LTDC_MspInit  ltdc.o
    0x08001984   0x08001984   0x00000002   Code   RO         1748    i.HAL_LTDC_ReloadEventCallback  stm32f7xx_hal_ltdc.o
    0x08001986   0x08001986   0x00000002   PAD
    0x08001988   0x08001988   0x00000030   Code   RO         1021    i.HAL_MspInit       stm32f7xx_hal_msp.o
    0x080019b8   0x080019b8   0x0000001a   Code   RO         1089    i.HAL_NVIC_EnableIRQ  stm32f7xx_hal_cortex.o
    0x080019d2   0x080019d2   0x00000002   PAD
    0x080019d4   0x080019d4   0x00000040   Code   RO         1095    i.HAL_NVIC_SetPriority  stm32f7xx_hal_cortex.o
    0x08001a14   0x08001a14   0x00000024   Code   RO         1096    i.HAL_NVIC_SetPriorityGrouping  stm32f7xx_hal_cortex.o
    0x08001a38   0x08001a38   0x0000006c   Code   RO         4038    i.HAL_PWREx_EnableOverDrive  stm32f7xx_hal_pwr_ex.o
    0x08001aa4   0x08001aa4   0x00000010   Code   RO         3915    i.HAL_PWR_EnableBkUpAccess  stm32f7xx_hal_pwr.o
    0x08001ab4   0x08001ab4   0x000004fc   Code   RO         3459    i.HAL_RCCEx_PeriphCLKConfig  stm32f7xx_hal_rcc_ex.o
    0x08001fb0   0x08001fb0   0x0000012c   Code   RO         3352    i.HAL_RCC_ClockConfig  stm32f7xx_hal_rcc.o
    0x080020dc   0x080020dc   0x00000040   Code   RO         3356    i.HAL_RCC_GetClockConfig  stm32f7xx_hal_rcc.o
    0x0800211c   0x0800211c   0x00000020   Code   RO         3359    i.HAL_RCC_GetPCLK1Freq  stm32f7xx_hal_rcc.o
    0x0800213c   0x0800213c   0x00000020   Code   RO         3360    i.HAL_RCC_GetPCLK2Freq  stm32f7xx_hal_rcc.o
    0x0800215c   0x0800215c   0x00000064   Code   RO         3361    i.HAL_RCC_GetSysClockFreq  stm32f7xx_hal_rcc.o
    0x080021c0   0x080021c0   0x00000338   Code   RO         3364    i.HAL_RCC_OscConfig  stm32f7xx_hal_rcc.o
    0x080024f8   0x080024f8   0x00000042   Code   RO         1572    i.HAL_SDRAM_Init    stm32f7xx_hal_sdram.o
    0x0800253a   0x0800253a   0x00000004   Code   RO          743    i.HAL_SDRAM_MspInit  fmc.o
    0x0800253e   0x0800253e   0x00000022   Code   RO         1575    i.HAL_SDRAM_ProgramRefreshRate  stm32f7xx_hal_sdram.o
    0x08002560   0x08002560   0x00000030   Code   RO         1581    i.HAL_SDRAM_SendCommand  stm32f7xx_hal_sdram.o
    0x08002590   0x08002590   0x00000002   Code   RO         2702    i.HAL_TIMEx_Break2Callback  stm32f7xx_hal_tim_ex.o
    0x08002592   0x08002592   0x00000002   Code   RO         2703    i.HAL_TIMEx_BreakCallback  stm32f7xx_hal_tim_ex.o
    0x08002594   0x08002594   0x00000002   Code   RO         2704    i.HAL_TIMEx_CommutCallback  stm32f7xx_hal_tim_ex.o
    0x08002596   0x08002596   0x00000002   PAD
    0x08002598   0x08002598   0x000000a0   Code   RO         2706    i.HAL_TIMEx_ConfigBreakDeadTime  stm32f7xx_hal_tim_ex.o
    0x08002638   0x08002638   0x00000060   Code   RO         2722    i.HAL_TIMEx_MasterConfigSynchronization  stm32f7xx_hal_tim_ex.o
    0x08002698   0x08002698   0x00000036   Code   RO         2017    i.HAL_TIM_Base_Init  stm32f7xx_hal_tim.o
    0x080026ce   0x080026ce   0x00000002   PAD
    0x080026d0   0x080026d0   0x0000003c   Code   RO          832    i.HAL_TIM_Base_MspInit  tim.o
    0x0800270c   0x0800270c   0x0000002c   Code   RO         2022    i.HAL_TIM_Base_Start_IT  stm32f7xx_hal_tim.o
    0x08002738   0x08002738   0x000000dc   Code   RO         2026    i.HAL_TIM_ConfigClockSource  stm32f7xx_hal_tim.o
    0x08002814   0x08002814   0x00000002   Code   RO         2046    i.HAL_TIM_IC_CaptureCallback  stm32f7xx_hal_tim.o
    0x08002816   0x08002816   0x00000182   Code   RO         2060    i.HAL_TIM_IRQHandler  stm32f7xx_hal_tim.o
    0x08002998   0x08002998   0x00000054   Code   RO          833    i.HAL_TIM_MspPostInit  tim.o
    0x080029ec   0x080029ec   0x00000002   Code   RO         2063    i.HAL_TIM_OC_DelayElapsedCallback  stm32f7xx_hal_tim.o
    0x080029ee   0x080029ee   0x00000128   Code   RO         2084    i.HAL_TIM_PWM_ConfigChannel  stm32f7xx_hal_tim.o
    0x08002b16   0x08002b16   0x00000036   Code   RO         2087    i.HAL_TIM_PWM_Init  stm32f7xx_hal_tim.o
    0x08002b4c   0x08002b4c   0x00000002   Code   RO         2089    i.HAL_TIM_PWM_MspInit  stm32f7xx_hal_tim.o
    0x08002b4e   0x08002b4e   0x00000002   Code   RO         2090    i.HAL_TIM_PWM_PulseFinishedCallback  stm32f7xx_hal_tim.o
    0x08002b50   0x08002b50   0x00000014   Code   RO           78    i.HAL_TIM_PeriodElapsedCallback  main.o
    0x08002b64   0x08002b64   0x00000002   Code   RO         2103    i.HAL_TIM_TriggerCallback  stm32f7xx_hal_tim.o
    0x08002b66   0x08002b66   0x00000002   Code   RO         2987    i.HAL_UART_ErrorCallback  stm32f7xx_hal_uart.o
    0x08002b68   0x08002b68   0x00000128   Code   RO         2990    i.HAL_UART_IRQHandler  stm32f7xx_hal_uart.o
    0x08002c90   0x08002c90   0x00000066   Code   RO         2991    i.HAL_UART_Init     stm32f7xx_hal_uart.o
    0x08002cf6   0x08002cf6   0x00000002   PAD
    0x08002cf8   0x08002cf8   0x000000a0   Code   RO          880    i.HAL_UART_MspInit  usart.o
    0x08002d98   0x08002d98   0x000000b6   Code   RO         2999    i.HAL_UART_Transmit  stm32f7xx_hal_uart.o
    0x08002e4e   0x08002e4e   0x00000002   Code   RO         3002    i.HAL_UART_TxCpltCallback  stm32f7xx_hal_uart.o
    0x08002e50   0x08002e50   0x00000002   Code   RO          924    i.HardFault_Handler  stm32f7xx_it.o
    0x08002e52   0x08002e52   0x00000002   PAD
    0x08002e54   0x08002e54   0x00000080   Code   RO           80    i.LL_FillBuffer     main.o
    0x08002ed4   0x08002ed4   0x0000000c   Code   RO          925    i.LTDC_IRQHandler   stm32f7xx_it.o
    0x08002ee0   0x08002ee0   0x000001d0   Code   RO         1761    i.LTDC_SetConfig    stm32f7xx_hal_ltdc.o
    0x080030b0   0x080030b0   0x00000044   Code   RO          701    i.MX_DMA2D_Init     dma2d.o
    0x080030f4   0x080030f4   0x00000060   Code   RO          669    i.MX_DMA_Init       dma.o
    0x08003154   0x08003154   0x00000068   Code   RO          744    i.MX_FMC_Init       fmc.o
    0x080031bc   0x080031bc   0x000004f0   Code   RO          645    i.MX_GPIO_Init      gpio.o
    0x080036ac   0x080036ac   0x000000a8   Code   RO          791    i.MX_LTDC_Init      ltdc.o
    0x08003754   0x08003754   0x000000d0   Code   RO          834    i.MX_TIM1_Init      tim.o
    0x08003824   0x08003824   0x0000003c   Code   RO          881    i.MX_USART1_UART_Init  usart.o
    0x08003860   0x08003860   0x00000002   Code   RO          926    i.MemManage_Handler  stm32f7xx_it.o
    0x08003862   0x08003862   0x00000002   Code   RO          927    i.NMI_Handler       stm32f7xx_it.o
    0x08003864   0x08003864   0x00000002   Code   RO          928    i.PendSV_Handler    stm32f7xx_it.o
    0x08003866   0x08003866   0x00000002   Code   RO          929    i.SVC_Handler       stm32f7xx_it.o
    0x08003868   0x08003868   0x000000b4   Code   RO           81    i.SystemClock_Config  main.o
    0x0800391c   0x0800391c   0x00000054   Code   RO         4882    i.SystemInit        system_stm32f7xx.o
    0x08003970   0x08003970   0x0000000c   Code   RO          930    i.TIM1_TRG_COM_TIM11_IRQHandler  stm32f7xx_it.o
    0x0800397c   0x0800397c   0x0000000c   Code   RO          931    i.TIM6_DAC_IRQHandler  stm32f7xx_it.o
    0x08003988   0x08003988   0x000000cc   Code   RO         2105    i.TIM_Base_SetConfig  stm32f7xx_hal_tim.o
    0x08003a54   0x08003a54   0x00000012   Code   RO         2116    i.TIM_ETR_SetConfig  stm32f7xx_hal_tim.o
    0x08003a66   0x08003a66   0x00000010   Code   RO         2117    i.TIM_ITRx_SetConfig  stm32f7xx_hal_tim.o
    0x08003a76   0x08003a76   0x00000002   PAD
    0x08003a78   0x08003a78   0x00000074   Code   RO         2118    i.TIM_OC1_SetConfig  stm32f7xx_hal_tim.o
    0x08003aec   0x08003aec   0x00000078   Code   RO         2119    i.TIM_OC2_SetConfig  stm32f7xx_hal_tim.o
    0x08003b64   0x08003b64   0x00000078   Code   RO         2120    i.TIM_OC3_SetConfig  stm32f7xx_hal_tim.o
    0x08003bdc   0x08003bdc   0x00000058   Code   RO         2121    i.TIM_OC4_SetConfig  stm32f7xx_hal_tim.o
    0x08003c34   0x08003c34   0x00000058   Code   RO         2122    i.TIM_OC5_SetConfig  stm32f7xx_hal_tim.o
    0x08003c8c   0x08003c8c   0x00000058   Code   RO         2123    i.TIM_OC6_SetConfig  stm32f7xx_hal_tim.o
    0x08003ce4   0x08003ce4   0x00000022   Code   RO         2125    i.TIM_TI1_ConfigInputStage  stm32f7xx_hal_tim.o
    0x08003d06   0x08003d06   0x00000024   Code   RO         2127    i.TIM_TI2_ConfigInputStage  stm32f7xx_hal_tim.o
    0x08003d2a   0x08003d2a   0x000000c8   Code   RO         3004    i.UART_AdvFeatureConfig  stm32f7xx_hal_uart.o
    0x08003df2   0x08003df2   0x0000003c   Code   RO         3005    i.UART_CheckIdleState  stm32f7xx_hal_uart.o
    0x08003e2e   0x08003e2e   0x00000014   Code   RO         3006    i.UART_DMAAbortOnError  stm32f7xx_hal_uart.o
    0x08003e42   0x08003e42   0x00000020   Code   RO         3016    i.UART_EndRxTransfer  stm32f7xx_hal_uart.o
    0x08003e62   0x08003e62   0x00000002   PAD
    0x08003e64   0x08003e64   0x00000254   Code   RO         3020    i.UART_SetConfig    stm32f7xx_hal_uart.o
    0x080040b8   0x080040b8   0x00000060   Code   RO         3023    i.UART_WaitOnFlagUntilTimeout  stm32f7xx_hal_uart.o
    0x08004118   0x08004118   0x0000000c   Code   RO          932    i.USART1_IRQHandler  stm32f7xx_it.o
    0x08004124   0x08004124   0x00000002   Code   RO          933    i.UsageFault_Handler  stm32f7xx_it.o
    0x08004126   0x08004126   0x00000002   PAD
    0x08004128   0x08004128   0x00000020   Code   RO         4972    i.__0printf$1       mc_w.l(printf1.o)
    0x08004148   0x08004148   0x00000022   Code   RO         1102    i.__NVIC_SetPriority  stm32f7xx_hal_cortex.o
    0x0800416a   0x0800416a   0x0000000e   Code   RO         5228    i.__scatterload_copy  mc_w.l(handlers.o)
    0x08004178   0x08004178   0x00000002   Code   RO         5229    i.__scatterload_null  mc_w.l(handlers.o)
    0x0800417a   0x0800417a   0x0000000e   Code   RO         5230    i.__scatterload_zeroinit  mc_w.l(handlers.o)
    0x08004188   0x08004188   0x00000154   Code   RO         4979    i._printf_core      mc_w.l(printf1.o)
    0x080042dc   0x080042dc   0x00000018   Code   RO           82    i.fputc             main.o
    0x080042f4   0x080042f4   0x00000154   Code   RO           83    i.main              main.o
    0x08004448   0x08004448   0x00001ab8   Data   RO           86    .constdata          main.o
    0x08005f00   0x08005f00   0x00000008   Data   RO         3776    .constdata          stm32f7xx_hal_dma.o
    0x08005f08   0x08005f08   0x00000010   Data   RO         4883    .constdata          system_stm32f7xx.o
    0x08005f18   0x08005f18   0x00000008   Data   RO         4884    .constdata          system_stm32f7xx.o
    0x08005f20   0x08005f20   0x00000020   Data   RO         5226    Region$$Table       anon$$obj.o


    Execution Region RW_IRAM1 (Exec base: 0x20000000, Load base: 0x08005f40, Size: 0x00000950, Max: 0x00050000, ABSOLUTE)

    Exec Addr    Load Addr    Size         Type   Attr      Idx    E Section Name        Object

    0x20000000   0x08005f40   0x00000010   Data   RW           91    .data               main.o
    0x20000010   0x08005f50   0x00000008   Data   RW          746    .data               fmc.o
    0x20000018   0x08005f58   0x0000000c   Data   RW         4153    .data               stm32f7xx_hal.o
    0x20000024   0x08005f64   0x00000004   Data   RW         4885    .data               system_stm32f7xx.o
    0x20000028   0x08005f68   0x00000004   Data   RW         5202    .data               mc_w.l(stdout.o)
    0x2000002c        -       0x000002a4   Zero   RW           84    .bss                main.o
    0x200002d0        -       0x00000060   Zero   RW          670    .bss                dma.o
    0x20000330        -       0x00000040   Zero   RW          702    .bss                dma2d.o
    0x20000370        -       0x00000034   Zero   RW          745    .bss                fmc.o
    0x200003a4        -       0x000000a8   Zero   RW          792    .bss                ltdc.o
    0x2000044c        -       0x00000040   Zero   RW          835    .bss                tim.o
    0x2000048c        -       0x00000080   Zero   RW          882    .bss                usart.o
    0x2000050c        -       0x00000040   Zero   RW         1048    .bss                stm32f7xx_hal_timebase_tim.o
    0x2000054c   0x08005f6c   0x00000004   PAD
    0x20000550        -       0x00000400   Zero   RW            1    STACK               startup_stm32f746xx.o


==============================================================================

Image component sizes


      Code (inc. data)   RO Data    RW Data    ZI Data      Debug   Object Name

        96         14          0          0         96       1123   dma.o
       128         20          0          0         64       1669   dma2d.o
       288         42          0          8         52       2288   fmc.o
      1264         70          0          0          0       1763   gpio.o
       452         36          0          0        168       2082   ltdc.o
      2826        328       6840         16        676     864680   main.o
        36          8        456          0       1024        860   startup_stm32f746xx.o
        86         14          0         12          0       8510   stm32f7xx_hal.o
       160         12          0          0          0      38318   stm32f7xx_hal_cortex.o
       486         12          8          0          0       4479   stm32f7xx_hal_dma.o
      1006          4          0          0          0       7472   stm32f7xx_hal_dma2d.o
       506         54          0          0          0       3968   stm32f7xx_hal_gpio.o
      1006          6          0          0          0       6426   stm32f7xx_hal_ltdc.o
        48          6          0          0          0        870   stm32f7xx_hal_msp.o
        16          4          0          0          0        571   stm32f7xx_hal_pwr.o
       108          8          0          0          0       1316   stm32f7xx_hal_pwr_ex.o
      1352         76          0          0          0       5965   stm32f7xx_hal_rcc.o
      1276         16          0          0          0       2328   stm32f7xx_hal_rcc_ex.o
       148          0          0          0          0       2816   stm32f7xx_hal_sdram.o
      1992        134          0          0          0      17294   stm32f7xx_hal_tim.o
       262         18          0          0          0       4104   stm32f7xx_hal_tim_ex.o
       116         16          0          0         64       1475   stm32f7xx_hal_timebase_tim.o
      1588         74          0          0          0      10010   stm32f7xx_hal_uart.o
        76         30          0          0          0       6255   stm32f7xx_it.o
       278          6          0          0          0       3500   stm32f7xx_ll_fmc.o
        84         16         24          4          0       1299   system_stm32f7xx.o
       352         30          0          0         64       2588   tim.o
       220         26          0          0        128       1814   usart.o

    ----------------------------------------------------------------------
     16290       1080       7360         40       2340    1005843   Object Totals
         0          0         32          0          0          0   (incl. Generated)
        34          0          0          0          4          0   (incl. Padding)

    ----------------------------------------------------------------------

      Code (inc. data)   RO Data    RW Data    ZI Data      Debug   Library Member Name

         0          0          0          0          0          0   entry.o
         0          0          0          0          0          0   entry10a.o
         0          0          0          0          0          0   entry11a.o
         8          4          0          0          0          0   entry2.o
         4          0          0          0          0          0   entry5.o
         0          0          0          0          0          0   entry7b.o
         0          0          0          0          0          0   entry8b.o
         8          4          0          0          0          0   entry9a.o
        30          0          0          0          0          0   handlers.o
        36          8          0          0          0         68   init.o
        30          0          0          0          0         68   llshl.o
        32          0          0          0          0         68   llushr.o
        36          0          0          0          0         68   memcpya.o
        36          0          0          0          0        108   memseta.o
       372         14          0          0          0        184   printf1.o
         0          0          0          4          0          0   stdout.o
        44          0          0          0          0         80   uidiv.o
        98          0          0          0          0         92   uldiv.o

    ----------------------------------------------------------------------
       734         30          0          4          0        736   Library Totals
         0          0          0          0          0          0   (incl. Padding)

    ----------------------------------------------------------------------

      Code (inc. data)   RO Data    RW Data    ZI Data      Debug   Library Name

       734         30          0          4          0        736   mc_w.l

    ----------------------------------------------------------------------
       734         30          0          4          0        736   Library Totals

    ----------------------------------------------------------------------

==============================================================================


      Code (inc. data)   RO Data    RW Data    ZI Data      Debug   

     17024       1110       7360         44       2340     992871   Grand Totals
     17024       1110       7360         44       2340     992871   ELF Image Totals
     17024       1110       7360         44          0          0   ROM Totals

==============================================================================

    Total RO  Size (Code + RO Data)                24384 (  23.81kB)
    Total RW  Size (RW Data + ZI Data)              2384 (   2.33kB)
    Total ROM Size (Code + RO Data + RW Data)      24428 (  23.86kB)

==============================================================================

