Component: ARM Compiler 5.06 update 6 (build 750) Tool: armlink [4d35ed]

==============================================================================

Section Cross References

    startup_stm32f746xx.o(RESET) refers to startup_stm32f746xx.o(STACK) for __initial_sp
    startup_stm32f746xx.o(RESET) refers to startup_stm32f746xx.o(.text) for Reset_Handler
    startup_stm32f746xx.o(RESET) refers to stm32f7xx_it.o(i.NMI_Handler) for NMI_Handler
    startup_stm32f746xx.o(RESET) refers to stm32f7xx_it.o(i.HardFault_Handler) for HardFault_Handler
    startup_stm32f746xx.o(RESET) refers to stm32f7xx_it.o(i.MemManage_Handler) for MemManage_Handler
    startup_stm32f746xx.o(RESET) refers to stm32f7xx_it.o(i.BusFault_Handler) for BusFault_Handler
    startup_stm32f746xx.o(RESET) refers to stm32f7xx_it.o(i.UsageFault_Handler) for UsageFault_Handler
    startup_stm32f746xx.o(RESET) refers to stm32f7xx_it.o(i.SVC_Handler) for SVC_Handler
    startup_stm32f746xx.o(RESET) refers to stm32f7xx_it.o(i.DebugMon_Handler) for DebugMon_Handler
    startup_stm32f746xx.o(RESET) refers to stm32f7xx_it.o(i.PendSV_Handler) for PendSV_Handler
    startup_stm32f746xx.o(RESET) refers to stm32f7xx_it.o(i.TIM6_DAC_IRQHandler) for TIM6_DAC_IRQHandler
    startup_stm32f746xx.o(RESET) refers to stm32f7xx_it.o(i.SAI2_IRQHandler) for SAI2_IRQHandler
    startup_stm32f746xx.o(.text) refers to system_stm32f7xx.o(i.SystemInit) for SystemInit
    startup_stm32f746xx.o(.text) refers to entry.o(.ARM.Collect$$$$00000000) for __main
    main.o(i.HAL_TIM_PeriodElapsedCallback) refers to stm32f7xx_hal.o(i.HAL_IncTick) for HAL_IncTick
    main.o(i.SystemClock_Config) refers to memseta.o(.text) for __aeabi_memclr4
    main.o(i.SystemClock_Config) refers to stm32f7xx_hal_pwr.o(i.HAL_PWR_EnableBkUpAccess) for HAL_PWR_EnableBkUpAccess
    main.o(i.SystemClock_Config) refers to stm32f7xx_hal_rcc.o(i.HAL_RCC_OscConfig) for HAL_RCC_OscConfig
    main.o(i.SystemClock_Config) refers to stm32f7xx_hal_pwr_ex.o(i.HAL_PWREx_EnableOverDrive) for HAL_PWREx_EnableOverDrive
    main.o(i.SystemClock_Config) refers to stm32f7xx_hal_rcc.o(i.HAL_RCC_ClockConfig) for HAL_RCC_ClockConfig
    main.o(i.SystemClock_Config) refers to stm32f7xx_hal_rcc_ex.o(i.HAL_RCCEx_PeriphCLKConfig) for HAL_RCCEx_PeriphCLKConfig
    main.o(i.fputc) refers to stm32f7xx_hal_uart.o(i.HAL_UART_Transmit) for HAL_UART_Transmit
    main.o(i.fputc) refers to usart.o(.bss) for huart1
    main.o(i.main) refers to stm32f7xx_hal.o(i.HAL_Init) for HAL_Init
    main.o(i.main) refers to main.o(i.SystemClock_Config) for SystemClock_Config
    main.o(i.main) refers to gpio.o(i.MX_GPIO_Init) for MX_GPIO_Init
    main.o(i.main) refers to dma2d.o(i.MX_DMA2D_Init) for MX_DMA2D_Init
    main.o(i.main) refers to fmc.o(i.MX_FMC_Init) for MX_FMC_Init
    main.o(i.main) refers to ltdc.o(i.MX_LTDC_Init) for MX_LTDC_Init
    main.o(i.main) refers to sai.o(i.MX_SAI2_Init) for MX_SAI2_Init
    main.o(i.main) refers to tim.o(i.MX_TIM1_Init) for MX_TIM1_Init
    main.o(i.main) refers to usart.o(i.MX_USART1_UART_Init) for MX_USART1_UART_Init
    main.o(i.main) refers to stm32746g_discovery_sdram.o(i.BSP_SDRAM_Init) for BSP_SDRAM_Init
    main.o(i.main) refers to stm32746g_discovery_lcd.o(i.BSP_LCD_Init) for BSP_LCD_Init
    main.o(i.main) refers to stm32746g_discovery_lcd.o(i.BSP_LCD_LayerRgb565Init) for BSP_LCD_LayerRgb565Init
    main.o(i.main) refers to stm32746g_discovery_lcd.o(i.BSP_LCD_SetLayerVisible) for BSP_LCD_SetLayerVisible
    main.o(i.main) refers to stm32746g_discovery_lcd.o(i.BSP_LCD_SelectLayer) for BSP_LCD_SelectLayer
    main.o(i.main) refers to stm32746g_discovery_lcd.o(i.BSP_LCD_SetBackColor) for BSP_LCD_SetBackColor
    main.o(i.main) refers to stm32746g_discovery_lcd.o(i.BSP_LCD_SetTextColor) for BSP_LCD_SetTextColor
    main.o(i.main) refers to stm32746g_discovery_lcd.o(i.BSP_LCD_Clear) for BSP_LCD_Clear
    main.o(i.main) refers to stm32746g_discovery_lcd.o(i.BSP_LCD_SetFont) for BSP_LCD_SetFont
    main.o(i.main) refers to stm32746g_discovery_lcd.o(i.BSP_LCD_DisplayOn) for BSP_LCD_DisplayOn
    main.o(i.main) refers to stm32746g_discovery_audio.o(i.BSP_AUDIO_IN_Init) for BSP_AUDIO_IN_Init
    main.o(i.main) refers to stm32746g_discovery_lcd.o(i.BSP_LCD_GetYSize) for BSP_LCD_GetYSize
    main.o(i.main) refers to stm32746g_discovery_lcd.o(i.BSP_LCD_GetXSize) for BSP_LCD_GetXSize
    main.o(i.main) refers to stm32746g_discovery_ts.o(i.BSP_TS_Init) for BSP_TS_Init
    main.o(i.main) refers to stm32746g_discovery_audio.o(i.BSP_AUDIO_IN_Record) for BSP_AUDIO_IN_Record
    main.o(i.main) refers to dflti.o(.text) for __aeabi_i2d
    main.o(i.main) refers to ddiv.o(.text) for __aeabi_ddiv
    main.o(i.main) refers to f2d.o(.text) for __aeabi_f2d
    main.o(i.main) refers to sin.o(i.__hardfp_sin) for __hardfp_sin
    main.o(i.main) refers to dmul.o(.text) for __aeabi_dmul
    main.o(i.main) refers to dfixi.o(.text) for __aeabi_d2iz
[...]
    _main_stk                                0x08000289   Thumb Code     0  entry2.o(.ARM.Collect$$$$00000001)
    _main_scatterload                        0x0800028d   Thumb Code     0  entry5.o(.ARM.Collect$$$$00000004)
    __main_after_scatterload                 0x08000291   Thumb Code     0  entry5.o(.ARM.Collect$$$$00000004)
    _main_clock                              0x08000291   Thumb Code     0  entry7b.o(.ARM.Collect$$$$00000008)
    _main_cpp_init                           0x08000291   Thumb Code     0  entry8b.o(.ARM.Collect$$$$0000000A)
    _main_init                               0x08000291   Thumb Code     0  entry9a.o(.ARM.Collect$$$$0000000B)
    __rt_final_cpp                           0x08000299   Thumb Code     0  entry10a.o(.ARM.Collect$$$$0000000D)
    __rt_final_exit                          0x08000299   Thumb Code     0  entry11a.o(.ARM.Collect$$$$0000000F)
    Reset_Handler                            0x0800029d   Thumb Code     8  startup_stm32f746xx.o(.text)
    SysTick_Handler                          0x080002b5   Thumb Code     2  startup_stm32f746xx.o(.text)
    ADC_IRQHandler                           0x080002b7   Thumb Code     0  startup_stm32f746xx.o(.text)
    CAN1_RX0_IRQHandler                      0x080002b7   Thumb Code     0  startup_stm32f746xx.o(.text)
    CAN1_RX1_IRQHandler                      0x080002b7   Thumb Code     0  startup_stm32f746xx.o(.text)
    CAN1_SCE_IRQHandler                      0x080002b7   Thumb Code     0  startup_stm32f746xx.o(.text)
    CAN1_TX_IRQHandler                       0x080002b7   Thumb Code     0  startup_stm32f746xx.o(.text)
    CAN2_RX0_IRQHandler                      0x080002b7   Thumb Code     0  startup_stm32f746xx.o(.text)
    CAN2_RX1_IRQHandler                      0x080002b7   Thumb Code     0  startup_stm32f746xx.o(.text)
    CAN2_SCE_IRQHandler                      0x080002b7   Thumb Code     0  startup_stm32f746xx.o(.text)
    CAN2_TX_IRQHandler                       0x080002b7   Thumb Code     0  startup_stm32f746xx.o(.text)
    CEC_IRQHandler                           0x080002b7   Thumb Code     0  startup_stm32f746xx.o(.text)
    DCMI_IRQHandler                          0x080002b7   Thumb Code     0  startup_stm32f746xx.o(.text)
    DMA1_Stream0_IRQHandler                  0x080002b7   Thumb Code     0  startup_stm32f746xx.o(.text)
    DMA1_Stream1_IRQHandler                  0x080002b7   Thumb Code     0  startup_stm32f746xx.o(.text)
    DMA1_Stream2_IRQHandler                  0x080002b7   Thumb Code     0  startup_stm32f746xx.o(.text)
    DMA1_Stream3_IRQHandler                  0x080002b7   Thumb Code     0  startup_stm32f746xx.o(.text)
    DMA1_Stream4_IRQHandler                  0x080002b7   Thumb Code     0  startup_stm32f746xx.o(.text)
    DMA1_Stream5_IRQHandler                  0x080002b7   Thumb Code     0  startup_stm32f746xx.o(.text)
    DMA1_Stream6_IRQHandler                  0x080002b7   Thumb Code     0  startup_stm32f746xx.o(.text)
    DMA1_Stream7_IRQHandler                  0x080002b7   Thumb Code     0  startup_stm32f746xx.o(.text)
    DMA2D_IRQHandler                         0x080002b7   Thumb Code     0  startup_stm32f746xx.o(.text)
    DMA2_Stream0_IRQHandler                  0x080002b7   Thumb Code     0  startup_stm32f746xx.o(.text)
    DMA2_Stream1_IRQHandler                  0x080002b7   Thumb Code     0  startup_stm32f746xx.o(.text)
    DMA2_Stream2_IRQHandler                  0x080002b7   Thumb Code     0  startup_stm32f746xx.o(.text)
    DMA2_Stream3_IRQHandler                  0x080002b7   Thumb Code     0  startup_stm32f746xx.o(.text)
    DMA2_Stream4_IRQHandler                  0x080002b7   Thumb Code     0  startup_stm32f746xx.o(.text)
    DMA2_Stream5_IRQHandler                  0x080002b7   Thumb Code     0  startup_stm32f746xx.o(.text)
    DMA2_Stream6_IRQHandler                  0x080002b7   Thumb Code     0  startup_stm32f746xx.o(.text)
    DMA2_Stream7_IRQHandler                  0x080002b7   Thumb Code     0  startup_stm32f746xx.o(.text)
    ETH_IRQHandler                           0x080002b7   Thumb Code     0  startup_stm32f746xx.o(.text)
    ETH_WKUP_IRQHandler                      0x080002b7   Thumb Code     0  startup_stm32f746xx.o(.text)
    EXTI0_IRQHandler                         0x080002b7   Thumb Code     0  startup_stm32f746xx.o(.text)
    EXTI15_10_IRQHandler                     0x080002b7   Thumb Code     0  startup_stm32f746xx.o(.text)
    EXTI1_IRQHandler                         0x080002b7   Thumb Code     0  startup_stm32f746xx.o(.text)
    EXTI2_IRQHandler                         0x080002b7   Thumb Code     0  startup_stm32f746xx.o(.text)
    EXTI3_IRQHandler                         0x080002b7   Thumb Code     0  startup_stm32f746xx.o(.text)
    EXTI4_IRQHandler                         0x080002b7   Thumb Code     0  startup_stm32f746xx.o(.text)
    EXTI9_5_IRQHandler                       0x080002b7   Thumb Code     0  startup_stm32f746xx.o(.text)
    FLASH_IRQHandler                         0x080002b7   Thumb Code     0  startup_stm32f746xx.o(.text)
    FMC_IRQHandler                           0x080002b7   Thumb Code     0  startup_stm32f746xx.o(.text)
    FPU_IRQHandler                           0x080002b7   Thumb Code     0  startup_stm32f746xx.o(.text)
    I2C1_ER_IRQHandler                       0x080002b7   Thumb Code     0  startup_stm32f746xx.o(.text)
    I2C1_EV_IRQHandler                       0x080002b7   Thumb Code     0  startup_stm32f746xx.o(.text)
    I2C2_ER_IRQHandler                       0x080002b7   Thumb Code     0  startup_stm32f746xx.o(.text)
    I2C2_EV_IRQHandler                       0x080002b7   Thumb Code     0  startup_stm32f746xx.o(.text)
    I2C3_ER_IRQHandler                       0x080002b7   Thumb Code     0  startup_stm32f746xx.o(.text)
    I2C3_EV_IRQHandler                       0x080002b7   Thumb Code     0  startup_stm32f746xx.o(.text)
    I2C4_ER_IRQHandler                       0x080002b7   Thumb Code     0  startup_stm32f746xx.o(.text)
    I2C4_EV_IRQHandler                       0x080002b7   Thumb Code     0  startup_stm32f746xx.o(.text)
    LPTIM1_IRQHandler                        0x080002b7   Thumb Code     0  startup_stm32f746xx.o(.text)
    LTDC_ER_IRQHandler                       0x080002b7   Thumb Code     0  startup_stm32f746xx.o(.text)
    LTDC_IRQHandler                          0x080002b7   Thumb Code     0  startup_stm32f746xx.o(.text)
    OTG_FS_IRQHandler                        0x080002b7   Thumb Code     0  startup_stm32f746xx.o(.text)
    OTG_FS_WKUP_IRQHandler                   0x080002b7   Thumb Code     0  startup_stm32f746xx.o(.text)
    OTG_HS_EP1_IN_IRQHandler                 0x080002b7   Thumb Code     0  startup_stm32f746xx.o(.text)
    OTG_HS_EP1_OUT_IRQHandler                0x080002b7   Thumb Code     0  startup_stm32f746xx.o(.text)
    OTG_HS_IRQHandler                        0x080002b7   Thumb Code     0  startup_stm32f746xx.o(.text)
    OTG_HS_WKUP_IRQHandler                   0x080002b7   Thumb Code     0  startup_stm32f746xx.o(.text)
    PVD_IRQHandler                           0x080002b7   Thumb Code     0  startup_stm32f746xx.o(.text)
    QUADSPI_IRQHandler                       0x080002b7   Thumb Code     0  startup_stm32f746xx.o(.text)
    RCC_IRQHandler                           0x080002b7   Thumb Code     0  startup_stm32f746xx.o(.text)
    RNG_IRQHandler                           0x080002b7   Thumb Code     0  startup_stm32f746xx.o(.text)
    RTC_Alarm_IRQHandler                     0x080002b7   Thumb Code     0  startup_stm32f746xx.o(.text)
    RTC_WKUP_IRQHandler                      0x080002b7   Thumb Code     0  startup_stm32f746xx.o(.text)
    SAI1_IRQHandler                          0x080002b7   Thumb Code     0  startup_stm32f746xx.o(.text)
    SDMMC1_IRQHandler                        0x080002b7   Thumb Code     0  startup_stm32f746xx.o(.text)
    SPDIF_RX_IRQHandler                      0x080002b7   Thumb Code     0  startup_stm32f746xx.o(.text)
    SPI1_IRQHandler                          0x080002b7   Thumb Code     0  startup_stm32f746xx.o(.text)
    SPI2_IRQHandler                          0x080002b7   Thumb Code     0  startup_stm32f746xx.o(.text)
    SPI3_IRQHandler                          0x080002b7   Thumb Code     0  startup_stm32f746xx.o(.text)
    SPI4_IRQHandler                          0x080002b7   Thumb Code     0  startup_stm32f746xx.o(.text)
    SPI5_IRQHandler                          0x080002b7   Thumb Code     0  startup_stm32f746xx.o(.text)
    SPI6_IRQHandler                          0x080002b7   Thumb Code     0  startup_stm32f746xx.o(.text)
    TAMP_STAMP_IRQHandler                    0x080002b7   Thumb Code     0  startup_stm32f746xx.o(.text)
    TIM1_BRK_TIM9_IRQHandler                 0x080002b7   Thumb Code     0  startup_stm32f746xx.o(.text)
    TIM1_CC_IRQHandler                       0x080002b7   Thumb Code     0  startup_stm32f746xx.o(.text)
    TIM1_TRG_COM_TIM11_IRQHandler            0x080002b7   Thumb Code     0  startup_stm32f746xx.o(.text)
    TIM1_UP_TIM10_IRQHandler                 0x080002b7   Thumb Code     0  startup_stm32f746xx.o(.text)
    TIM2_IRQHandler                          0x080002b7   Thumb Code     0  startup_stm32f746xx.o(.text)
    TIM3_IRQHandler                          0x080002b7   Thumb Code     0  startup_stm32f746xx.o(.text)
    TIM4_IRQHandler                          0x080002b7   Thumb Code     0  startup_stm32f746xx.o(.text)
    TIM5_IRQHandler                          0x080002b7   Thumb Code     0  startup_stm32f746xx.o(.text)
    TIM7_IRQHandler                          0x080002b7   Thumb Code     0  startup_stm32f746xx.o(.text)
    TIM8_BRK_TIM12_IRQHandler                0x080002b7   Thumb Code     0  startup_stm32f746xx.o(.text)
    TIM8_CC_IRQHandler                       0x080002b7   Thumb Code     0  startup_stm32f746xx.o(.text)
    TIM8_TRG_COM_TIM14_IRQHandler            0x080002b7   Thumb Code     0  startup_stm32f746xx.o(.text)
    TIM8_UP_TIM13_IRQHandler                 0x080002b7   Thumb Code     0  startup_stm32f746xx.o(.text)
    UART4_IRQHandler                         0x080002b7   Thumb Code     0  startup_stm32f746xx.o(.text)
    UART5_IRQHandler                         0x080002b7   Thumb Code     0  startup_stm32f746xx.o(.text)
    UART7_IRQHandler                         0x080002b7   Thumb Code     0  startup_stm32f746xx.o(.text)
    UART8_IRQHandler                         0x080002b7   Thumb Code     0  startup_stm32f746xx.o(.text)
    USART1_IRQHandler                        0x080002b7   Thumb Code     0  startup_stm32f746xx.o(.text)
    USART2_IRQHandler                        0x080002b7   Thumb Code     0  startup_stm32f746xx.o(.text)
    USART3_IRQHandler                        0x080002b7   Thumb Code     0  startup_stm32f746xx.o(.text)
    USART6_IRQHandler                        0x080002b7   Thumb Code     0  startup_stm32f746xx.o(.text)
    WWDG_IRQHandler                          0x080002b7   Thumb Code     0  startup_stm32f746xx.o(.text)
    arm_cmplx_mag_f32                        0x080002c1   Thumb Code   250  arm_cmplx_mag_f32.o(.text)
    stage_rfft_f32                           0x080003c1   Thumb Code   170  arm_rfft_fast_f32.o(.text)
    merge_rfft_f32                           0x0800046b   Thumb Code   168  arm_rfft_fast_f32.o(.text)
    arm_rfft_fast_f32                        0x08000513   Thumb Code    66  arm_rfft_fast_f32.o(.text)
    arm_rfft_fast_init_f32                   0x08000555   Thumb Code   198  arm_rfft_fast_init_f32.o(.text)
    arm_cfft_radix8by2_f32                   0x0800067d   Thumb Code   418  arm_cfft_f32.o(.text)
    arm_cfft_radix8by4_f32                   0x0800081f   Thumb Code  1118  arm_cfft_f32.o(.text)
    arm_cfft_f32                             0x08000c7d   Thumb Code   336  arm_cfft_f32.o(.text)
    arm_radix8_butterfly_f32                 0x08000dcd   Thumb Code  1226  arm_cfft_radix8_f32.o(.text)
    __aeabi_uldivmod                         0x08001297   Thumb Code    98  uldiv.o(.text)
    __aeabi_memcpy                           0x080012f9   Thumb Code    36  memcpya.o(.text)
    __aeabi_memcpy4                          0x080012f9   Thumb Code     0  memcpya.o(.text)
    __aeabi_memcpy8                          0x080012f9   Thumb Code     0  memcpya.o(.text)
    __aeabi_memset                           0x0800131d   Thumb Code    14  memseta.o(.text)
    __aeabi_memset4                          0x0800131d   Thumb Code     0  memseta.o(.text)
    __aeabi_memset8                          0x0800131d   Thumb Code     0  memseta.o(.text)
    __aeabi_memclr                           0x0800132b   Thumb Code     4  memseta.o(.text)
    __aeabi_memclr4                          0x0800132b   Thumb Code     0  memseta.o(.text)
    __aeabi_memclr8                          0x0800132b   Thumb Code     0  memseta.o(.text)
    _memset$wrapper                          0x0800132f   Thumb Code    18  memseta.o(.text)
    __aeabi_dmul                             0x08001341   Thumb Code   228  dmul.o(.text)
    __aeabi_ddiv                             0x08001425   Thumb Code   222  ddiv.o(.text)
    __aeabi_i2d                              0x08001503   Thumb Code    34  dflti.o(.text)
    __aeabi_d2iz                             0x08001525   Thumb Code    62  dfixi.o(.text)
    __aeabi_f2d                              0x08001563   Thumb Code    38  f2d.o(.text)
    __aeabi_uidiv                            0x08001589   Thumb Code     0  uidiv.o(.text)
    __aeabi_uidivmod                         0x08001589   Thumb Code    44  uidiv.o(.text)
    __aeabi_llsl                             0x080015b5   Thumb Code    30  llshl.o(.text)
    _ll_shift_l                              0x080015b5   Thumb Code     0  llshl.o(.text)
    __aeabi_llsr                             0x080015d3   Thumb Code    32  llushr.o(.text)
    _ll_ushift_r                             0x080015d3   Thumb Code     0  llushr.o(.text)
    __I$use$fp                               0x080015f3   Thumb Code     0  iusefp.o(.text)
    _double_round                            0x080015f3   Thumb Code    30  depilogue.o(.text)
    _double_epilogue                         0x08001611   Thumb Code   156  depilogue.o(.text)
    __aeabi_dadd                             0x080016ad   Thumb Code   322  dadd.o(.text)
    __aeabi_dsub                             0x080017ef   Thumb Code     6  dadd.o(.text)
    __aeabi_drsub                            0x080017f5   Thumb Code     6  dadd.o(.text)
    __aeabi_d2ulz                            0x080017fb   Thumb Code    48  dfixul.o(.text)
    __aeabi_cdrcmple                         0x0800182d   Thumb Code    48  cdrcmple.o(.text)
    __scatterload                            0x0800185d   Thumb Code    28  init.o(.text)
    __scatterload_rt2                        0x0800185d   Thumb Code     0  init.o(.text)
    __aeabi_lasr                             0x08001881   Thumb Code    36  llsshr.o(.text)
    _ll_sshift_r                             0x08001881   Thumb Code     0  llsshr.o(.text)
    __aeabi_ui2d                             0x080018a5   Thumb Code    26  dfltui.o(.text)
    AUDIO_IO_DeInit                          0x080018bf   Thumb Code     2  stm32746g_discovery.o(i.AUDIO_IO_DeInit)
    AUDIO_IO_Delay                           0x080018c1   Thumb Code     4  stm32746g_discovery.o(i.AUDIO_IO_Delay)
    AUDIO_IO_Init                            0x080018c5   Thumb Code     6  stm32746g_discovery.o(i.AUDIO_IO_Init)
    AUDIO_IO_Read                            0x080018d1   Thumb Code    46  stm32746g_discovery.o(i.AUDIO_IO_Read)
    AUDIO_IO_Write                           0x08001905   Thumb Code    46  stm32746g_discovery.o(i.AUDIO_IO_Write)
    BSP_AUDIO_IN_Error_CallBack              0x08001939   Thumb Code     2  stm32746g_discovery_audio.o(i.BSP_AUDIO_IN_Error_CallBack)
    BSP_AUDIO_IN_HalfTransfer_CallBack       0x0800193b   Thumb Code     2  main.o(i.BSP_AUDIO_IN_HalfTransfer_CallBack)
    BSP_AUDIO_IN_Init                        0x0800193d   Thumb Code    14  stm32746g_discovery_audio.o(i.BSP_AUDIO_IN_Init)
    BSP_AUDIO_IN_InitEx                      0x0800194d   Thumb Code   134  stm32746g_discovery_audio.o(i.BSP_AUDIO_IN_InitEx)
    BSP_AUDIO_IN_MspInit                     0x080019e5   Thumb Code   216  stm32746g_discovery_audio.o(i.BSP_AUDIO_IN_MspInit)
    BSP_AUDIO_IN_Record                      0x08001ad5   Thumb Code    16  stm32746g_discovery_audio.o(i.BSP_AUDIO_IN_Record)
    BSP_AUDIO_IN_Stop                        0x08001ae9   Thumb Code    42  stm32746g_discovery_audio.o(i.BSP_AUDIO_IN_Stop)
    BSP_AUDIO_IN_TransferComplete_CallBack   0x08001b1d   Thumb Code     2  main.o(i.BSP_AUDIO_IN_TransferComplete_CallBack)
    BSP_AUDIO_OUT_ClockConfig                0x08001b1f   Thumb Code    82  stm32746g_discovery_audio.o(i.BSP_AUDIO_OUT_ClockConfig)
    BSP_AUDIO_OUT_Error_CallBack             0x08001b71   Thumb Code     2  stm32746g_discovery_audio.o(i.BSP_AUDIO_OUT_Error_CallBack)
    BSP_AUDIO_OUT_MspInit                    0x08001b75   Thumb Code   290  stm32746g_discovery_audio.o(i.BSP_AUDIO_OUT_MspInit)
    BSP_LCD_Clear                            0x08001cad   Thumb Code    48  stm32746g_discovery_lcd.o(i.BSP_LCD_Clear)
    BSP_LCD_ClockConfig                      0x08001ce5   Thumb Code    26  stm32746g_discovery_lcd.o(i.BSP_LCD_ClockConfig)
    BSP_LCD_DisplayChar                      0x08001d05   Thumb Code    44  stm32746g_discovery_lcd.o(i.BSP_LCD_DisplayChar)
    BSP_LCD_DisplayOn                        0x08001d39   Thumb Code    38  stm32746g_discovery_lcd.o(i.BSP_LCD_DisplayOn)
    BSP_LCD_DisplayStringAt                  0x08001d6d   Thumb Code   192  stm32746g_discovery_lcd.o(i.BSP_LCD_DisplayStringAt)
    BSP_LCD_DrawLine                         0x08001e35   Thumb Code   186  stm32746g_discovery_lcd.o(i.BSP_LCD_DrawLine)
    BSP_LCD_DrawPixel                        0x08001ef9   Thumb Code    90  stm32746g_discovery_lcd.o(i.BSP_LCD_DrawPixel)
    BSP_LCD_GetXSize                         0x08001f5d   Thumb Code    22  stm32746g_discovery_lcd.o(i.BSP_LCD_GetXSize)
    BSP_LCD_GetYSize                         0x08001f7d   Thumb Code    22  stm32746g_discovery_lcd.o(i.BSP_LCD_GetYSize)
    BSP_LCD_Init                             0x08001f9d   Thumb Code   142  stm32746g_discovery_lcd.o(i.BSP_LCD_Init)
    BSP_LCD_LayerRgb565Init                  0x08002041   Thumb Code   114  stm32746g_discovery_lcd.o(i.BSP_LCD_LayerRgb565Init)
    BSP_LCD_MspInit                          0x080020bd   Thumb Code   286  stm32746g_discovery_lcd.o(i.BSP_LCD_MspInit)
    BSP_LCD_SelectLayer                      0x080021f5   Thumb Code     6  stm32746g_discovery_lcd.o(i.BSP_LCD_SelectLayer)
    BSP_LCD_SetBackColor                     0x08002201   Thumb Code    18  stm32746g_discovery_lcd.o(i.BSP_LCD_SetBackColor)
    BSP_LCD_SetFont                          0x0800221d   Thumb Code    18  stm32746g_discovery_lcd.o(i.BSP_LCD_SetFont)
    BSP_LCD_SetLayerVisible                  0x08002239   Thumb Code    40  stm32746g_discovery_lcd.o(i.BSP_LCD_SetLayerVisible)
    BSP_LCD_SetTextColor                     0x08002265   Thumb Code    16  stm32746g_discovery_lcd.o(i.BSP_LCD_SetTextColor)
    BSP_SDRAM_Init                           0x0800227d   Thumb Code   108  stm32746g_discovery_sdram.o(i.BSP_SDRAM_Init)
    BSP_SDRAM_Initialization_sequence        0x080022f5   Thumb Code   134  stm32746g_discovery_sdram.o(i.BSP_SDRAM_Initialization_sequence)
    BSP_SDRAM_MspInit                        0x08002381   Thumb Code   322  stm32746g_discovery_sdram.o(i.BSP_SDRAM_MspInit)
    BSP_TS_GetState                          0x080024e9   Thumb Code   360  stm32746g_discovery_ts.o(i.BSP_TS_GetState)
    BSP_TS_Get_GestureId                     0x08002659   Thumb Code    88  stm32746g_discovery_ts.o(i.BSP_TS_Get_GestureId)
    BSP_TS_Init                              0x080026b5   Thumb Code    50  stm32746g_discovery_ts.o(i.BSP_TS_Init)
    BusFault_Handler                         0x080026f1   Thumb Code     2  stm32f7xx_it.o(i.BusFault_Handler)
    DebugMon_Handler                         0x08002835   Thumb Code     2  stm32f7xx_it.o(i.DebugMon_Handler)
    Error_Handler                            0x080028e9   Thumb Code     2  main.o(i.Error_Handler)
    FMC_SDRAM_Init                           0x080028eb   Thumb Code    94  stm32f7xx_ll_fmc.o(i.FMC_SDRAM_Init)
    FMC_SDRAM_ProgramRefreshRate             0x08002949   Thumb Code    12  stm32f7xx_ll_fmc.o(i.FMC_SDRAM_ProgramRefreshRate)
    FMC_SDRAM_SendCommand                    0x08002955   Thumb Code    32  stm32f7xx_ll_fmc.o(i.FMC_SDRAM_SendCommand)
    FMC_SDRAM_Timing_Init                    0x08002975   Thumb Code   134  stm32f7xx_ll_fmc.o(i.FMC_SDRAM_Timing_Init)
    HAL_DMA2D_ConfigLayer                    0x08002a01   Thumb Code   156  stm32f7xx_hal_dma2d.o(i.HAL_DMA2D_ConfigLayer)
    HAL_DMA2D_Init                           0x08002aa1   Thumb Code    90  stm32f7xx_hal_dma2d.o(i.HAL_DMA2D_Init)
    HAL_DMA2D_MspInit                        0x08002afd   Thumb Code    30  dma2d.o(i.HAL_DMA2D_MspInit)
    HAL_DMA2D_PollForTransfer                0x08002b25   Thumb Code   270  stm32f7xx_hal_dma2d.o(i.HAL_DMA2D_PollForTransfer)
    HAL_DMA2D_Start                          0x08002c33   Thumb Code    52  stm32f7xx_hal_dma2d.o(i.HAL_DMA2D_Start)
    HAL_DMA_Abort                            0x08002c67   Thumb Code   146  stm32f7xx_hal_dma.o(i.HAL_DMA_Abort)
    HAL_DMA_Abort_IT                         0x08002cf9   Thumb Code    36  stm32f7xx_hal_dma.o(i.HAL_DMA_Abort_IT)
    HAL_DMA_DeInit                           0x08002d1d   Thumb Code    98  stm32f7xx_hal_dma.o(i.HAL_DMA_DeInit)
    HAL_DMA_Init                             0x08002d81   Thumb Code   222  stm32f7xx_hal_dma.o(i.HAL_DMA_Init)
    HAL_DMA_Start_IT                         0x08002e65   Thumb Code   122  stm32f7xx_hal_dma.o(i.HAL_DMA_Start_IT)
    HAL_Delay                                0x08002ee1   Thumb Code    32  stm32f7xx_hal.o(i.HAL_Delay)
    HAL_GPIO_DeInit                          0x08002fb9   Thumb Code   340  stm32f7xx_hal_gpio.o(i.HAL_GPIO_DeInit)
    HAL_GPIO_Init                            0x0800313d   Thumb Code   418  stm32f7xx_hal_gpio.o(i.HAL_GPIO_Init)
    HAL_GPIO_WritePin                        0x08003315   Thumb Code    10  stm32f7xx_hal_gpio.o(i.HAL_GPIO_WritePin)
    HAL_GetTick                              0x08003321   Thumb Code     6  stm32f7xx_hal.o(i.HAL_GetTick)
    HAL_I2C_DeInit                           0x0800332d   Thumb Code    52  stm32f7xx_hal_i2c.o(i.HAL_I2C_DeInit)
    HAL_I2C_GetState                         0x08003361   Thumb Code     6  stm32f7xx_hal_i2c.o(i.HAL_I2C_GetState)
    HAL_I2C_Init                             0x08003369   Thumb Code   180  stm32f7xx_hal_i2c.o(i.HAL_I2C_Init)
    HAL_I2C_Mem_Read                         0x08003421   Thumb Code   346  stm32f7xx_hal_i2c.o(i.HAL_I2C_Mem_Read)
    HAL_I2C_Mem_Write                        0x08003585   Thumb Code   340  stm32f7xx_hal_i2c.o(i.HAL_I2C_Mem_Write)
    HAL_I2C_MspDeInit                        0x080036dd   Thumb Code     2  stm32f7xx_hal_i2c.o(i.HAL_I2C_MspDeInit)
    HAL_I2C_MspInit                          0x080036df   Thumb Code     2  stm32f7xx_hal_i2c.o(i.HAL_I2C_MspInit)
    HAL_IncTick                              0x080036e1   Thumb Code    12  stm32f7xx_hal.o(i.HAL_IncTick)
    HAL_Init                                 0x080036f1   Thumb Code    22  stm32f7xx_hal.o(i.HAL_Init)
    HAL_InitTick                             0x08003709   Thumb Code   100  stm32f7xx_hal_timebase_tim.o(i.HAL_InitTick)
    HAL_LTDC_ConfigLayer                     0x0800377d   Thumb Code    82  stm32f7xx_hal_ltdc.o(i.HAL_LTDC_ConfigLayer)
    HAL_LTDC_GetState                        0x080037cf   Thumb Code     6  stm32f7xx_hal_ltdc.o(i.HAL_LTDC_GetState)
    HAL_LTDC_Init                            0x080037d5   Thumb Code   242  stm32f7xx_hal_ltdc.o(i.HAL_LTDC_Init)
    HAL_LTDC_MspInit                         0x080038cd   Thumb Code   240  ltdc.o(i.HAL_LTDC_MspInit)
    HAL_MspInit                              0x080039d9   Thumb Code    42  stm32f7xx_hal_msp.o(i.HAL_MspInit)
    HAL_NVIC_DisableIRQ                      0x08003a09   Thumb Code    34  stm32f7xx_hal_cortex.o(i.HAL_NVIC_DisableIRQ)
    HAL_NVIC_EnableIRQ                       0x08003a2b   Thumb Code    26  stm32f7xx_hal_cortex.o(i.HAL_NVIC_EnableIRQ)
    HAL_NVIC_SetPriority                     0x08003a45   Thumb Code    60  stm32f7xx_hal_cortex.o(i.HAL_NVIC_SetPriority)
    HAL_NVIC_SetPriorityGrouping             0x08003a85   Thumb Code    28  stm32f7xx_hal_cortex.o(i.HAL_NVIC_SetPriorityGrouping)
    HAL_PWREx_EnableOverDrive                0x08003aa9   Thumb Code   100  stm32f7xx_hal_pwr_ex.o(i.HAL_PWREx_EnableOverDrive)
    HAL_PWR_EnableBkUpAccess                 0x08003b15   Thumb Code    12  stm32f7xx_hal_pwr.o(i.HAL_PWR_EnableBkUpAccess)
    HAL_RCCEx_GetPeriphCLKConfig             0x08003b25   Thumb Code   298  stm32f7xx_hal_rcc_ex.o(i.HAL_RCCEx_GetPeriphCLKConfig)
    HAL_RCCEx_GetPeriphCLKFreq               0x08003c59   Thumb Code   268  stm32f7xx_hal_rcc_ex.o(i.HAL_RCCEx_GetPeriphCLKFreq)
    HAL_RCCEx_PeriphCLKConfig                0x08003d79   Thumb Code  1276  stm32f7xx_hal_rcc_ex.o(i.HAL_RCCEx_PeriphCLKConfig)
    HAL_RCC_ClockConfig                      0x08004275   Thumb Code   282  stm32f7xx_hal_rcc.o(i.HAL_RCC_ClockConfig)
    HAL_RCC_GetClockConfig                   0x080043a1   Thumb Code    56  stm32f7xx_hal_rcc.o(i.HAL_RCC_GetClockConfig)
    HAL_RCC_GetPCLK1Freq                     0x080043e1   Thumb Code    20  stm32f7xx_hal_rcc.o(i.HAL_RCC_GetPCLK1Freq)
    HAL_RCC_GetPCLK2Freq                     0x08004401   Thumb Code    20  stm32f7xx_hal_rcc.o(i.HAL_RCC_GetPCLK2Freq)
    HAL_RCC_GetSysClockFreq                  0x08004421   Thumb Code    88  stm32f7xx_hal_rcc.o(i.HAL_RCC_GetSysClockFreq)
    HAL_RCC_OscConfig                        0x08004485   Thumb Code   810  stm32f7xx_hal_rcc.o(i.HAL_RCC_OscConfig)
    HAL_SAI_Abort                            0x080047bd   Thumb Code   166  stm32f7xx_hal_sai.o(i.HAL_SAI_Abort)
    HAL_SAI_DMAStop                          0x08004863   Thumb Code   146  stm32f7xx_hal_sai.o(i.HAL_SAI_DMAStop)
    HAL_SAI_DeInit                           0x080048f5   Thumb Code    66  stm32f7xx_hal_sai.o(i.HAL_SAI_DeInit)
    HAL_SAI_ErrorCallback                    0x08004939   Thumb Code    46  stm32746g_discovery_audio.o(i.HAL_SAI_ErrorCallback)
    HAL_SAI_GetState                         0x0800496d   Thumb Code     6  stm32f7xx_hal_sai.o(i.HAL_SAI_GetState)
    HAL_SAI_IRQHandler                       0x08004975   Thumb Code   276  stm32f7xx_hal_sai.o(i.HAL_SAI_IRQHandler)
    HAL_SAI_Init                             0x08004a8d   Thumb Code   470  stm32f7xx_hal_sai.o(i.HAL_SAI_Init)
    HAL_SAI_MspDeInit                        0x08004c75   Thumb Code    94  sai.o(i.HAL_SAI_MspDeInit)
    HAL_SAI_MspInit                          0x08004ce9   Thumb Code   172  sai.o(i.HAL_SAI_MspInit)
    HAL_SAI_Receive_DMA                      0x08004da9   Thumb Code   158  stm32f7xx_hal_sai.o(i.HAL_SAI_Receive_DMA)
    HAL_SAI_RxCpltCallback                   0x08004e55   Thumb Code     8  stm32746g_discovery_audio.o(i.HAL_SAI_RxCpltCallback)
    HAL_SAI_RxHalfCpltCallback               0x08004e5d   Thumb Code     8  stm32746g_discovery_audio.o(i.HAL_SAI_RxHalfCpltCallback)
    HAL_SDRAM_Init                           0x08004e65   Thumb Code    66  stm32f7xx_hal_sdram.o(i.HAL_SDRAM_Init)
    HAL_SDRAM_MspInit                        0x08004ea7   Thumb Code     4  fmc.o(i.HAL_SDRAM_MspInit)
    HAL_SDRAM_ProgramRefreshRate             0x08004eab   Thumb Code    34  stm32f7xx_hal_sdram.o(i.HAL_SDRAM_ProgramRefreshRate)
    HAL_SDRAM_SendCommand                    0x08004ecd   Thumb Code    48  stm32f7xx_hal_sdram.o(i.HAL_SDRAM_SendCommand)
    HAL_TIMEx_Break2Callback                 0x08004efd   Thumb Code     2  stm32f7xx_hal_tim_ex.o(i.HAL_TIMEx_Break2Callback)
    HAL_TIMEx_BreakCallback                  0x08004eff   Thumb Code     2  stm32f7xx_hal_tim_ex.o(i.HAL_TIMEx_BreakCallback)
    HAL_TIMEx_CommutCallback                 0x08004f01   Thumb Code     2  stm32f7xx_hal_tim_ex.o(i.HAL_TIMEx_CommutCallback)
    HAL_TIMEx_ConfigBreakDeadTime            0x08004f05   Thumb Code   150  stm32f7xx_hal_tim_ex.o(i.HAL_TIMEx_ConfigBreakDeadTime)
    HAL_TIMEx_MasterConfigSynchronization    0x08004fa5   Thumb Code    88  stm32f7xx_hal_tim_ex.o(i.HAL_TIMEx_MasterConfigSynchronization)
    HAL_TIM_Base_Init                        0x08005005   Thumb Code    54  stm32f7xx_hal_tim.o(i.HAL_TIM_Base_Init)
    HAL_TIM_Base_MspInit                     0x0800503d   Thumb Code    30  tim.o(i.HAL_TIM_Base_MspInit)
    HAL_TIM_Base_Start_IT                    0x08005065   Thumb Code    40  stm32f7xx_hal_tim.o(i.HAL_TIM_Base_Start_IT)
    HAL_TIM_ConfigClockSource                0x08005091   Thumb Code   214  stm32f7xx_hal_tim.o(i.HAL_TIM_ConfigClockSource)
    HAL_TIM_IC_CaptureCallback               0x0800516d   Thumb Code     2  stm32f7xx_hal_tim.o(i.HAL_TIM_IC_CaptureCallback)
    HAL_TIM_IRQHandler                       0x0800516f   Thumb Code   386  stm32f7xx_hal_tim.o(i.HAL_TIM_IRQHandler)
    HAL_TIM_MspPostInit                      0x080052f1   Thumb Code    72  tim.o(i.HAL_TIM_MspPostInit)
    HAL_TIM_OC_DelayElapsedCallback          0x08005345   Thumb Code     2  stm32f7xx_hal_tim.o(i.HAL_TIM_OC_DelayElapsedCallback)
    HAL_TIM_PWM_ConfigChannel                0x08005347   Thumb Code   296  stm32f7xx_hal_tim.o(i.HAL_TIM_PWM_ConfigChannel)
    HAL_TIM_PWM_Init                         0x0800546f   Thumb Code    54  stm32f7xx_hal_tim.o(i.HAL_TIM_PWM_Init)
    HAL_TIM_PWM_MspInit                      0x080054a5   Thumb Code     2  stm32f7xx_hal_tim.o(i.HAL_TIM_PWM_MspInit)
    HAL_TIM_PWM_PulseFinishedCallback        0x080054a7   Thumb Code     2  stm32f7xx_hal_tim.o(i.HAL_TIM_PWM_PulseFinishedCallback)
    HAL_TIM_PeriodElapsedCallback            0x080054a9   Thumb Code    14  main.o(i.HAL_TIM_PeriodElapsedCallback)
    HAL_TIM_TriggerCallback                  0x080054bd   Thumb Code     2  stm32f7xx_hal_tim.o(i.HAL_TIM_TriggerCallback)
    HAL_UART_Init                            0x080054bf   Thumb Code   102  stm32f7xx_hal_uart.o(i.HAL_UART_Init)
    HAL_UART_MspInit                         0x08005525   Thumb Code   126  usart.o(i.HAL_UART_MspInit)
    HardFault_Handler                        0x080055b5   Thumb Code     2  stm32f7xx_it.o(i.HardFault_Handler)
    MX_DMA2D_Init                            0x08005c79   Thumb Code    56  dma2d.o(i.MX_DMA2D_Init)
    MX_FMC_Init                              0x08005cb9   Thumb Code    96  fmc.o(i.MX_FMC_Init)
    MX_GPIO_Init                             0x08005d21   Thumb Code  1206  gpio.o(i.MX_GPIO_Init)
    MX_LTDC_Init                             0x080061e5   Thumb Code   160  ltdc.o(i.MX_LTDC_Init)
    MX_SAI2_Init                             0x0800628d   Thumb Code   146  sai.o(i.MX_SAI2_Init)
    MX_TIM1_Init                             0x0800632d   Thumb Code   200  tim.o(i.MX_TIM1_Init)
    MX_USART1_UART_Init                      0x080063fd   Thumb Code    52  usart.o(i.MX_USART1_UART_Init)
    MemManage_Handler                        0x08006439   Thumb Code     2  stm32f7xx_it.o(i.MemManage_Handler)
    NMI_Handler                              0x0800643b   Thumb Code     2  stm32f7xx_it.o(i.NMI_Handler)
    PendSV_Handler                           0x0800643d   Thumb Code     2  stm32f7xx_it.o(i.PendSV_Handler)
    SAI2_IRQHandler                          0x08006441   Thumb Code    18  stm32f7xx_it.o(i.SAI2_IRQHandler)
    SVC_Handler                              0x08006689   Thumb Code     2  stm32f7xx_it.o(i.SVC_Handler)
    SystemClock_Config                       0x0800668d   Thumb Code   174  main.o(i.SystemClock_Config)
    SystemInit                               0x08006749   Thumb Code    68  system_stm32f7xx.o(i.SystemInit)
    TIM6_DAC_IRQHandler                      0x0800679d   Thumb Code     6  stm32f7xx_it.o(i.TIM6_DAC_IRQHandler)
    TIM_Base_SetConfig                       0x080067a9   Thumb Code   158  stm32f7xx_hal_tim.o(i.TIM_Base_SetConfig)
    TIM_ETR_SetConfig                        0x08006875   Thumb Code    18  stm32f7xx_hal_tim.o(i.TIM_ETR_SetConfig)
    TIM_OC2_SetConfig                        0x0800690d   Thumb Code   108  stm32f7xx_hal_tim.o(i.TIM_OC2_SetConfig)
    TS_IO_Delay                              0x08006b4b   Thumb Code     4  stm32746g_discovery.o(i.TS_IO_Delay)
    TS_IO_Init                               0x08006b51   Thumb Code     6  stm32746g_discovery.o(i.TS_IO_Init)
    TS_IO_Read                               0x08006b5d   Thumb Code    34  stm32746g_discovery.o(i.TS_IO_Read)
    TS_IO_Write                              0x08006b85   Thumb Code    26  stm32746g_discovery.o(i.TS_IO_Write)
    UART_AdvFeatureConfig                    0x08006ba5   Thumb Code   200  stm32f7xx_hal_uart.o(i.UART_AdvFeatureConfig)
    UART_CheckIdleState                      0x08006c6d   Thumb Code    60  stm32f7xx_hal_uart.o(i.UART_CheckIdleState)
    UART_SetConfig                           0x08006ca9   Thumb Code   546  stm32f7xx_hal_uart.o(i.UART_SetConfig)
    UART_WaitOnFlagUntilTimeout              0x08006efd   Thumb Code    96  stm32f7xx_hal_uart.o(i.UART_WaitOnFlagUntilTimeout)
    UsageFault_Handler                       0x08006f5d   Thumb Code     2  stm32f7xx_it.o(i.UsageFault_Handler)
    __0sprintf                               0x08006f61   Thumb Code    34  printfa.o(i.__0sprintf)
    __1sprintf                               0x08006f61   Thumb Code     0  printfa.o(i.__0sprintf)
    __2sprintf                               0x08006f61   Thumb Code     0  printfa.o(i.__0sprintf)
    __c89sprintf                             0x08006f61   Thumb Code     0  printfa.o(i.__0sprintf)
    sprintf                                  0x08006f61   Thumb Code     0  printfa.o(i.__0sprintf)
    __ARM_fpclassify                         0x08006f89   Thumb Code    48  fpclassify.o(i.__ARM_fpclassify)
    __hardfp_sin                             0x08006fe1   Thumb Code   180  sin.o(i.__hardfp_sin)
    __ieee754_rem_pio2                       0x080070a9   Thumb Code   938  rred.o(i.__ieee754_rem_pio2)
    __kernel_cos                             0x080074e1   Thumb Code   322  cos_i.o(i.__kernel_cos)
    __kernel_poly                            0x08007651   Thumb Code   248  poly.o(i.__kernel_poly)
    __kernel_sin                             0x08007749   Thumb Code   280  sin_i.o(i.__kernel_sin)
    __mathlib_dbl_infnan                     0x08007879   Thumb Code    20  dunder.o(i.__mathlib_dbl_infnan)
    __mathlib_dbl_invalid                    0x08007891   Thumb Code    24  dunder.o(i.__mathlib_dbl_invalid)
    __mathlib_dbl_underflow                  0x080078b1   Thumb Code    24  dunder.o(i.__mathlib_dbl_underflow)
    __scatterload_copy                       0x080078d1   Thumb Code    14  handlers.o(i.__scatterload_copy)
    __scatterload_null                       0x080078df   Thumb Code     2  handlers.o(i.__scatterload_null)
    __scatterload_zeroinit                   0x080078e1   Thumb Code    14  handlers.o(i.__scatterload_zeroinit)
    __set_errno                              0x080078f1   Thumb Code     6  errno.o(i.__set_errno)
    fabs                                     0x080081b9   Thumb Code    24  fabs.o(i.fabs)
    ft5336_Init                              0x080081e9   Thumb Code    16  ft5336.o(i.ft5336_Init)
    ft5336_ReadID                            0x080081f9   Thumb Code    58  ft5336.o(i.ft5336_ReadID)
    ft5336_Reset                             0x08008233   Thumb Code     2  ft5336.o(i.ft5336_Reset)
    ft5336_TS_ClearIT                        0x08008235   Thumb Code     2  ft5336.o(i.ft5336_TS_ClearIT)
    ft5336_TS_DetectTouch                    0x08008239   Thumb Code    60  ft5336.o(i.ft5336_TS_DetectTouch)
    ft5336_TS_DisableIT                      0x08008279   Thumb Code    10  ft5336.o(i.ft5336_TS_DisableIT)
    ft5336_TS_EnableIT                       0x08008283   Thumb Code    10  ft5336.o(i.ft5336_TS_EnableIT)
    ft5336_TS_GetGestureID                   0x0800828d   Thumb Code    30  ft5336.o(i.ft5336_TS_GetGestureID)
    ft5336_TS_GetTouchInfo                   0x080082ad   Thumb Code   200  ft5336.o(i.ft5336_TS_GetTouchInfo)
    ft5336_TS_GetXY                          0x08008379   Thumb Code   282  ft5336.o(i.ft5336_TS_GetXY)
    ft5336_TS_ITStatus                       0x08008499   Thumb Code     4  ft5336.o(i.ft5336_TS_ITStatus)
    ft5336_TS_Start                          0x0800849d   Thumb Code     4  ft5336.o(i.ft5336_TS_Start)
    main                                     0x080084a1   Thumb Code  1264  main.o(i.main)
    wm8994_DeInit                            0x08008991   Thumb Code     4  wm8994.o(i.wm8994_DeInit)
    wm8994_Init                              0x08008995   Thumb Code  1530  wm8994.o(i.wm8994_Init)
    wm8994_Pause                             0x08008f95   Thumb Code    26  wm8994.o(i.wm8994_Pause)
    wm8994_Play                              0x08008faf   Thumb Code     6  wm8994.o(i.wm8994_Play)
    wm8994_ReadID                            0x08008fb5   Thumb Code    20  wm8994.o(i.wm8994_ReadID)
    wm8994_Reset                             0x08008fc9   Thumb Code    22  wm8994.o(i.wm8994_Reset)
    wm8994_Resume                            0x08008fe5   Thumb Code     6  wm8994.o(i.wm8994_Resume)
    wm8994_SetFrequency                      0x08008feb   Thumb Code   130  wm8994.o(i.wm8994_SetFrequency)
    wm8994_SetMute                           0x0800906d   Thumb Code    82  wm8994.o(i.wm8994_SetMute)
    wm8994_SetOutputMode                     0x080090c5   Thumb Code   188  wm8994.o(i.wm8994_SetOutputMode)
    wm8994_SetVolume                         0x08009181   Thumb Code   280  wm8994.o(i.wm8994_SetVolume)
    wm8994_Stop                              0x0800929d   Thumb Code   120  wm8994.o(i.wm8994_Stop)
    Font24_Table                             0x08009318   Data        6840  font24.o(.constdata)
    AHBPrescTable                            0x0800add8   Data          16  system_stm32f7xx.o(.constdata)
    APBPrescTable                            0x0800ade8   Data           8  system_stm32f7xx.o(.constdata)
    twiddleCoef_16                           0x0800adf0   Data         128  arm_common_tables.o(.constdata)
    twiddleCoef_32                           0x0800ae70   Data         256  arm_common_tables.o(.constdata)
    twiddleCoef_64                           0x0800af70   Data         512  arm_common_tables.o(.constdata)
    twiddleCoef_128                          0x0800b170   Data        1024  arm_common_tables.o(.constdata)
    twiddleCoef_256                          0x0800b570   Data        2048  arm_common_tables.o(.constdata)
    twiddleCoef_512                          0x0800bd70   Data        4096  arm_common_tables.o(.constdata)
    twiddleCoef_1024                         0x0800cd70   Data        8192  arm_common_tables.o(.constdata)
    twiddleCoef_2048                         0x0800ed70   Data       16384  arm_common_tables.o(.constdata)
    armBitRevIndexTable16                    0x08012d70   Data          40  arm_common_tables.o(.constdata)
    armBitRevIndexTable32                    0x08012d98   Data          96  arm_common_tables.o(.constdata)
    armBitRevIndexTable64                    0x08012df8   Data         112  arm_common_tables.o(.constdata)
    armBitRevIndexTable128                   0x08012e68   Data         416  arm_common_tables.o(.constdata)
    armBitRevIndexTable256                   0x08013008   Data         880  arm_common_tables.o(.constdata)
    armBitRevIndexTable512                   0x08013378   Data         896  arm_common_tables.o(.constdata)
    armBitRevIndexTable1024                  0x080136f8   Data        3600  arm_common_tables.o(.constdata)
    armBitRevIndexTable2048                  0x08014508   Data        7616  arm_common_tables.o(.constdata)
    twiddleCoef_rfft_32                      0x080162c8   Data         128  arm_common_tables.o(.constdata)
    twiddleCoef_rfft_64                      0x08016348   Data         256  arm_common_tables.o(.constdata)
    twiddleCoef_rfft_128                     0x08016448   Data         512  arm_common_tables.o(.constdata)
    twiddleCoef_rfft_256                     0x08016648   Data        1024  arm_common_tables.o(.constdata)
    twiddleCoef_rfft_512                     0x08016a48   Data        2048  arm_common_tables.o(.constdata)
    twiddleCoef_rfft_1024                    0x08017248   Data        4096  arm_common_tables.o(.constdata)
    twiddleCoef_rfft_2048                    0x08018248   Data        8192  arm_common_tables.o(.constdata)
    twiddleCoef_rfft_4096                    0x0801a248   Data       16384  arm_common_tables.o(.constdata)
    Region$$Table$$Base                      0x0801e368   Number         0  anon$$obj.o(Region$$Table)
    Region$$Table$$Limit                     0x0801e388   Number         0  anon$$obj.o(Region$$Table)
    tsX                                      0x20000000   Data           2  main.o(.data)
    tsY                                      0x20000002   Data           2  main.o(.data)
    baseline                                 0x20000004   Data           4  main.o(.data)
    fftBaseL                                 0x20000008   Data           4  main.o(.data)
    halfHeight                               0x2000000c   Data           4  main.o(.data)
    fftHalfH                                 0x20000010   Data           4  main.o(.data)
    top                                      0x20000014   Data           4  main.o(.data)
    fftTop                                   0x20000018   Data           4  main.o(.data)
    bottom                                   0x2000001c   Data           4  main.o(.data)
    fftBottom                                0x20000020   Data           4  main.o(.data)
    timeLiveDisp                             0x20000024   Data           4  main.o(.data)
    ts                                       0x20000028   Data           4  main.o(.data)
    tsPrs                                    0x2000002c   Data           4  main.o(.data)
    dbnc_cnt                                 0x20000030   Data           4  main.o(.data)
    dbnc_en                                  0x20000034   Data           4  main.o(.data)
    x                                        0x20000038   Data           4  main.o(.data)
    y                                        0x2000003c   Data           4  main.o(.data)
    timeScale                                0x20000040   Data           8  main.o(.data)
    signal                                   0x20000048   Data           8  main.o(.data)
    fftSig                                   0x20000050   Data           8  main.o(.data)
    idx                                      0x20000058   Data           8  main.o(.data)
    f                                        0x20000060   Data           8  main.o(.data)
    pwr                                      0x20000068   Data           8  main.o(.data)
    Font24                                   0x2000007c   Data           8  font24.o(.data)
    ft5336_ts_drv                            0x20000084   Data          40  ft5336.o(.data)
    AudioInVolume                            0x200000b4   Data           2  stm32746g_discovery_audio.o(.data)
    audio_drv                                0x200000b8   Data           4  stm32746g_discovery_audio.o(.data)
    wm8994_drv                               0x200000d0   Data          48  wm8994.o(.data)
    uwTickFreq                               0x2000010c   Data           1  stm32f7xx_hal.o(.data)
    uwTickPrio                               0x20000110   Data           4  stm32f7xx_hal.o(.data)
    uwTick                                   0x20000114   Data           4  stm32f7xx_hal.o(.data)
    SystemCoreClock                          0x20000118   Data           4  system_stm32f7xx.o(.data)
    fftIn                                    0x20000920   Data        4096  main.o(.bss)
    fftOut                                   0x20001920   Data        4096  main.o(.bss)
    outBuff                                  0x20002920   Data        4096  main.o(.bss)
    str                                      0x2000394c   Data         100  main.o(.bss)
    hdma2d                                   0x200039b0   Data          64  dma2d.o(.bss)
    hsdram1                                  0x200039f0   Data          52  fmc.o(.bss)
    hltdc                                    0x20003a24   Data         168  ltdc.o(.bss)
    hsai_BlockA2                             0x20003acc   Data         132  sai.o(.bss)
    hsai_BlockB2                             0x20003b50   Data         132  sai.o(.bss)
    htim1                                    0x20003bd4   Data          64  tim.o(.bss)
    huart1                                   0x20003c14   Data         128  usart.o(.bss)
    htim6                                    0x20003c94   Data          64  stm32f7xx_hal_timebase_tim.o(.bss)
    haudio_out_sai                           0x20003d6c   Data         132  stm32746g_discovery_audio.o(.bss)
    haudio_in_sai                            0x20003df0   Data         132  stm32746g_discovery_audio.o(.bss)
    hLtdcHandler                             0x20004018   Data         168  stm32746g_discovery_lcd.o(.bss)
    sdramHandle                              0x200041d8   Data          52  stm32746g_discovery_sdram.o(.bss)
    __initial_sp                             0x20004660   Data           0  startup_stm32f746xx.o(STACK)



==============================================================================

Memory Map of the image

  Image Entry point : 0x08000289

  Load Region LR_IROM1 (Base: 0x08000000, Size: 0x0001e4a8, Max: 0x00100000, ABSOLUTE)

    Execution Region ER_IROM1 (Exec base: 0x08000000, Load base: 0x08000000, Size: 0x0001e388, Max: 0x00100000, ABSOLUTE)

    Exec Addr    Load Addr    Size         Type   Attr      Idx    E Section Name        Object

    0x08000000   0x08000000   0x000001c8   Data   RO            3    RESET               startup_stm32f746xx.o
    0x080001c8   0x080001c8   0x000000c0   Code   RO         6336    . text              arm_cortexM7lfsp_math.lib(arm_bitreversal2.o)
    0x08000288   0x08000288   0x00000000   Code   RO         6352  * .ARM.Collect$$$$00000000  mc_w.l(entry.o)
    0x08000288   0x08000288   0x00000004   Code   RO         6662    .ARM.Collect$$$$00000001  mc_w.l(entry2.o)
    0x0800028c   0x0800028c   0x00000004   Code   RO         6665    .ARM.Collect$$$$00000004  mc_w.l(entry5.o)
    0x08000290   0x08000290   0x00000000   Code   RO         6667    .ARM.Collect$$$$00000008  mc_w.l(entry7b.o)
    0x08000290   0x08000290   0x00000000   Code   RO         6669    .ARM.Collect$$$$0000000A  mc_w.l(entry8b.o)
    0x08000290   0x08000290   0x00000008   Code   RO         6670    .ARM.Collect$$$$0000000B  mc_w.l(entry9a.o)
    0x08000298   0x08000298   0x00000000   Code   RO         6672    .ARM.Collect$$$$0000000D  mc_w.l(entry10a.o)
    0x08000298   0x08000298   0x00000000   Code   RO         6674    .ARM.Collect$$$$0000000F  mc_w.l(entry11a.o)
    0x08000298   0x08000298   0x00000004   Code   RO         6663    .ARM.Collect$$$$00002712  mc_w.l(entry2.o)
    0x0800029c   0x0800029c   0x00000024   Code   RO            4    .text               startup_stm32f746xx.o
    0x080002c0   0x080002c0   0x00000100   Code   RO         6107    .text               arm_cortexM7lfsp_math.lib(arm_cmplx_mag_f32.o)
    0x080003c0   0x080003c0   0x00000194   Code   RO         6153    .text               arm_cortexM7lfsp_math.lib(arm_rfft_fast_f32.o)
    0x08000554   0x08000554   0x00000128   Code   RO         6181    .text               arm_cortexM7lfsp_math.lib(arm_rfft_fast_init_f32.o)
    0x0800067c   0x0800067c   0x00000750   Code   RO         6209    .text               arm_cortexM7lfsp_math.lib(arm_cfft_f32.o)
    0x08000dcc   0x08000dcc   0x000004ca   Code   RO         6315    .text               arm_cortexM7lfsp_math.lib(arm_cfft_radix8_f32.o)
    0x08001296   0x08001296   0x00000062   Code   RO         6355    .text               mc_w.l(uldiv.o)
    0x080012f8   0x080012f8   0x00000024   Code   RO         6357    .text               mc_w.l(memcpya.o)
    0x0800131c   0x0800131c   0x00000024   Code   RO         6359    .text               mc_w.l(memseta.o)
    0x08001340   0x08001340   0x000000e4   Code   RO         6624    .text               mf_w.l(dmul.o)
    0x08001424   0x08001424   0x000000de   Code   RO         6626    .text               mf_w.l(ddiv.o)
    0x08001502   0x08001502   0x00000022   Code   RO         6628    .text               mf_w.l(dflti.o)
    0x08001524   0x08001524   0x0000003e   Code   RO         6630    .text               mf_w.l(dfixi.o)
    0x08001562   0x08001562   0x00000026   Code   RO         6632    .text               mf_w.l(f2d.o)
    0x08001588   0x08001588   0x0000002c   Code   RO         6677    .text               mc_w.l(uidiv.o)
    0x080015b4   0x080015b4   0x0000001e   Code   RO         6679    .text               mc_w.l(llshl.o)
    0x080015d2   0x080015d2   0x00000020   Code   RO         6681    .text               mc_w.l(llushr.o)
    0x080015f2   0x080015f2   0x00000000   Code   RO         6690    .text               mc_w.l(iusefp.o)
    0x080015f2   0x080015f2   0x000000ba   Code   RO         6691    .text               mf_w.l(depilogue.o)
    0x080016ac   0x080016ac   0x0000014e   Code   RO         6693    .text               mf_w.l(dadd.o)
    0x080017fa   0x080017fa   0x00000030   Code   RO         6697    .text               mf_w.l(dfixul.o)
    0x0800182a   0x0800182a   0x00000002   PAD
    0x0800182c   0x0800182c   0x00000030   Code   RO         6699    .text               mf_w.l(cdrcmple.o)
    0x0800185c   0x0800185c   0x00000024   Code   RO         6711    .text               mc_w.l(init.o)
    0x08001880   0x08001880   0x00000024   Code   RO         6713    .text               mc_w.l(llsshr.o)
    0x080018a4   0x080018a4   0x0000001a   Code   RO         6715    .text               mf_w.l(dfltui.o)
    0x080018be   0x080018be   0x00000002   Code   RO          883    i.AUDIO_IO_DeInit   stm32746g_discovery.o
    0x080018c0   0x080018c0   0x00000004   Code   RO          884    i.AUDIO_IO_Delay    stm32746g_discovery.o
    0x080018c4   0x080018c4   0x0000000c   Code   RO          885    i.AUDIO_IO_Init     stm32746g_discovery.o
    0x080018d0   0x080018d0   0x00000034   Code   RO          886    i.AUDIO_IO_Read     stm32746g_discovery.o
    0x08001904   0x08001904   0x00000034   Code   RO          887    i.AUDIO_IO_Write    stm32746g_discovery.o
    0x08001938   0x08001938   0x00000002   Code   RO         1103    i.BSP_AUDIO_IN_Error_CallBack  stm32746g_discovery_audio.o
    0x0800193a   0x0800193a   0x00000002   Code   RO           13    i.BSP_AUDIO_IN_HalfTransfer_CallBack  main.o
    0x0800193c   0x0800193c   0x0000000e   Code   RO         1105    i.BSP_AUDIO_IN_Init  stm32746g_discovery_audio.o
    0x0800194a   0x0800194a   0x00000002   PAD
    0x0800194c   0x0800194c   0x00000098   Code   RO         1106    i.BSP_AUDIO_IN_InitEx  stm32746g_discovery_audio.o
    0x080019e4   0x080019e4   0x000000f0   Code   RO         1108    i.BSP_AUDIO_IN_MspInit  stm32746g_discovery_audio.o
    0x08001ad4   0x08001ad4   0x00000014   Code   RO         1111    i.BSP_AUDIO_IN_Record  stm32746g_discovery_audio.o
    0x08001ae8   0x08001ae8   0x00000034   Code   RO         1114    i.BSP_AUDIO_IN_Stop  stm32746g_discovery_audio.o
    0x08001b1c   0x08001b1c   0x00000002   Code   RO           14    i.BSP_AUDIO_IN_TransferComplete_CallBack  main.o
    0x08001b1e   0x08001b1e   0x00000052   Code   RO         1117    i.BSP_AUDIO_OUT_ClockConfig  stm32746g_discovery_audio.o
    0x08001b70   0x08001b70   0x00000002   Code   RO         1119    i.BSP_AUDIO_OUT_Error_CallBack  stm32746g_discovery_audio.o
    0x08001b72   0x08001b72   0x00000002   PAD
    0x08001b74   0x08001b74   0x00000138   Code   RO         1123    i.BSP_AUDIO_OUT_MspInit  stm32746g_discovery_audio.o
    0x08001cac   0x08001cac   0x00000038   Code   RO         1377    i.BSP_LCD_Clear     stm32746g_discovery_lcd.o
    0x08001ce4   0x08001ce4   0x00000020   Code   RO         1379    i.BSP_LCD_ClockConfig  stm32746g_discovery_lcd.o
    0x08001d04   0x08001d04   0x00000034   Code   RO         1381    i.BSP_LCD_DisplayChar  stm32746g_discovery_lcd.o
    0x08001d38   0x08001d38   0x00000034   Code   RO         1383    i.BSP_LCD_DisplayOn  stm32746g_discovery_lcd.o
    0x08001d6c   0x08001d6c   0x000000c8   Code   RO         1384    i.BSP_LCD_DisplayStringAt  stm32746g_discovery_lcd.o
    0x08001e34   0x08001e34   0x000000c4   Code   RO         1390    i.BSP_LCD_DrawLine  stm32746g_discovery_lcd.o
    0x08001ef8   0x08001ef8   0x00000064   Code   RO         1391    i.BSP_LCD_DrawPixel  stm32746g_discovery_lcd.o
    0x08001f5c   0x08001f5c   0x00000020   Code   RO         1402    i.BSP_LCD_GetXSize  stm32746g_discovery_lcd.o
    0x08001f7c   0x08001f7c   0x00000020   Code   RO         1403    i.BSP_LCD_GetYSize  stm32746g_discovery_lcd.o
    0x08001f9c   0x08001f9c   0x000000a4   Code   RO         1404    i.BSP_LCD_Init      stm32746g_discovery_lcd.o
    0x08002040   0x08002040   0x0000007c   Code   RO         1406    i.BSP_LCD_LayerRgb565Init  stm32746g_discovery_lcd.o
    0x080020bc   0x080020bc   0x00000138   Code   RO         1408    i.BSP_LCD_MspInit   stm32746g_discovery_lcd.o
    0x080021f4   0x080021f4   0x0000000c   Code   RO         1413    i.BSP_LCD_SelectLayer  stm32746g_discovery_lcd.o
    0x08002200   0x08002200   0x0000001c   Code   RO         1414    i.BSP_LCD_SetBackColor  stm32746g_discovery_lcd.o
    0x0800221c   0x0800221c   0x0000001c   Code   RO         1417    i.BSP_LCD_SetFont   stm32746g_discovery_lcd.o
    0x08002238   0x08002238   0x0000002c   Code   RO         1420    i.BSP_LCD_SetLayerVisible  stm32746g_discovery_lcd.o
    0x08002264   0x08002264   0x00000018   Code   RO         1424    i.BSP_LCD_SetTextColor  stm32746g_discovery_lcd.o
    0x0800227c   0x0800227c   0x00000078   Code   RO         1741    i.BSP_SDRAM_Init    stm32746g_discovery_sdram.o
    0x080022f4   0x080022f4   0x0000008c   Code   RO         1742    i.BSP_SDRAM_Initialization_sequence  stm32746g_discovery_sdram.o
    0x08002380   0x08002380   0x00000168   Code   RO         1744    i.BSP_SDRAM_MspInit  stm32746g_discovery_sdram.o
    0x080024e8   0x080024e8   0x00000170   Code   RO         1823    i.BSP_TS_GetState   stm32746g_discovery_ts.o
    0x08002658   0x08002658   0x0000005c   Code   RO         1824    i.BSP_TS_Get_GestureId  stm32746g_discovery_ts.o
    0x080026b4   0x080026b4   0x0000003c   Code   RO         1828    i.BSP_TS_Init       stm32746g_discovery_ts.o
    0x080026f0   0x080026f0   0x00000002   Code   RO          575    i.BusFault_Handler  stm32f7xx_it.o
    0x080026f2   0x080026f2   0x0000000a   Code   RO         1896    i.CODEC_IO_Write    wm8994.o
    0x080026fc   0x080026fc   0x00000092   Code   RO         2124    i.DMA2D_SetConfig   stm32f7xx_hal_dma2d.o
    0x0800278e   0x0800278e   0x00000002   PAD
    0x08002790   0x08002790   0x00000028   Code   RO         4949    i.DMA_CalcBaseAndBitshift  stm32f7xx_hal_dma.o
    0x080027b8   0x080027b8   0x00000054   Code   RO         4950    i.DMA_CheckFifoParam  stm32f7xx_hal_dma.o
    0x0800280c   0x0800280c   0x00000028   Code   RO         4951    i.DMA_SetConfig     stm32f7xx_hal_dma.o
    0x08002834   0x08002834   0x00000002   Code   RO          576    i.DebugMon_Handler  stm32f7xx_it.o
    0x08002836   0x08002836   0x00000002   PAD
    0x08002838   0x08002838   0x000000b0   Code   RO         1429    i.DrawChar          stm32746g_discovery_lcd.o
    0x080028e8   0x080028e8   0x00000002   Code   RO           15    i.Error_Handler     main.o
    0x080028ea   0x080028ea   0x0000005e   Code   RO         2336    i.FMC_SDRAM_Init    stm32f7xx_ll_fmc.o
    0x08002948   0x08002948   0x0000000c   Code   RO         2337    i.FMC_SDRAM_ProgramRefreshRate  stm32f7xx_ll_fmc.o
    0x08002954   0x08002954   0x00000020   Code   RO         2338    i.FMC_SDRAM_SendCommand  stm32f7xx_ll_fmc.o
    0x08002974   0x08002974   0x0000008c   Code   RO         2340    i.FMC_SDRAM_Timing_Init  stm32f7xx_ll_fmc.o
    0x08002a00   0x08002a00   0x000000a0   Code   RO         2136    i.HAL_DMA2D_ConfigLayer  stm32f7xx_hal_dma2d.o
    0x08002aa0   0x08002aa0   0x0000005a   Code   RO         2144    i.HAL_DMA2D_Init    stm32f7xx_hal_dma2d.o
    0x08002afa   0x08002afa   0x00000002   PAD
    0x08002afc   0x08002afc   0x00000028   Code   RO          311    i.HAL_DMA2D_MspInit  dma2d.o
    0x08002b24   0x08002b24   0x0000010e   Code   RO         2148    i.HAL_DMA2D_PollForTransfer  stm32f7xx_hal_dma2d.o
    0x08002c32   0x08002c32   0x00000034   Code   RO         2151    i.HAL_DMA2D_Start   stm32f7xx_hal_dma2d.o
    0x08002c66   0x08002c66   0x00000092   Code   RO         4952    i.HAL_DMA_Abort     stm32f7xx_hal_dma.o
    0x08002cf8   0x08002cf8   0x00000024   Code   RO         4953    i.HAL_DMA_Abort_IT  stm32f7xx_hal_dma.o
    0x08002d1c   0x08002d1c   0x00000062   Code   RO         4954    i.HAL_DMA_DeInit    stm32f7xx_hal_dma.o
    0x08002d7e   0x08002d7e   0x00000002   PAD
    0x08002d80   0x08002d80   0x000000e4   Code   RO         4958    i.HAL_DMA_Init      stm32f7xx_hal_dma.o
    0x08002e64   0x08002e64   0x0000007a   Code   RO         4962    i.HAL_DMA_Start_IT  stm32f7xx_hal_dma.o
    0x08002ede   0x08002ede   0x00000002   PAD
    0x08002ee0   0x08002ee0   0x00000024   Code   RO         5319    i.HAL_Delay         stm32f7xx_hal.o
    0x08002f04   0x08002f04   0x000000b4   Code   RO          352    i.HAL_FMC_MspInit   fmc.o
    0x08002fb8   0x08002fb8   0x00000184   Code   RO         4883    i.HAL_GPIO_DeInit   stm32f7xx_hal_gpio.o
    0x0800313c   0x0800313c   0x000001d8   Code   RO         4886    i.HAL_GPIO_Init     stm32f7xx_hal_gpio.o
    0x08003314   0x08003314   0x0000000a   Code   RO         4890    i.HAL_GPIO_WritePin  stm32f7xx_hal_gpio.o
    0x0800331e   0x0800331e   0x00000002   PAD
    0x08003320   0x08003320   0x0000000c   Code   RO         5327    i.HAL_GetTick       stm32f7xx_hal.o
    0x0800332c   0x0800332c   0x00000034   Code   RO         5512    i.HAL_I2C_DeInit    stm32f7xx_hal_i2c.o
    0x08003360   0x08003360   0x00000006   Code   RO         5520    i.HAL_I2C_GetState  stm32f7xx_hal_i2c.o
    0x08003366   0x08003366   0x00000002   PAD
    0x08003368   0x08003368   0x000000b8   Code   RO         5521    i.HAL_I2C_Init      stm32f7xx_hal_i2c.o
    0x08003420   0x08003420   0x00000164   Code   RO         5539    i.HAL_I2C_Mem_Read  stm32f7xx_hal_i2c.o
    0x08003584   0x08003584   0x00000158   Code   RO         5542    i.HAL_I2C_Mem_Write  stm32f7xx_hal_i2c.o
    0x080036dc   0x080036dc   0x00000002   Code   RO         5545    i.HAL_I2C_MspDeInit  stm32f7xx_hal_i2c.o
    0x080036de   0x080036de   0x00000002   Code   RO         5546    i.HAL_I2C_MspInit   stm32f7xx_hal_i2c.o
    0x080036e0   0x080036e0   0x00000010   Code   RO         5333    i.HAL_IncTick       stm32f7xx_hal.o
    0x080036f0   0x080036f0   0x00000016   Code   RO         5334    i.HAL_Init          stm32f7xx_hal.o
    0x08003706   0x08003706   0x00000002   PAD
    0x08003708   0x08003708   0x00000074   Code   RO          681    i.HAL_InitTick      stm32f7xx_hal_timebase_tim.o
    0x0800377c   0x0800377c   0x00000052   Code   RO         2630    i.HAL_LTDC_ConfigLayer  stm32f7xx_hal_ltdc.o
    0x080037ce   0x080037ce   0x00000006   Code   RO         2645    i.HAL_LTDC_GetState  stm32f7xx_hal_ltdc.o
    0x080037d4   0x080037d4   0x000000f8   Code   RO         2647    i.HAL_LTDC_Init     stm32f7xx_hal_ltdc.o
    0x080038cc   0x080038cc   0x0000010c   Code   RO          401    i.HAL_LTDC_MspInit  ltdc.o
    0x080039d8   0x080039d8   0x00000030   Code   RO          657    i.HAL_MspInit       stm32f7xx_hal_msp.o
    0x08003a08   0x08003a08   0x00000022   Code   RO         1993    i.HAL_NVIC_DisableIRQ  stm32f7xx_hal_cortex.o
    0x08003a2a   0x08003a2a   0x0000001a   Code   RO         1994    i.HAL_NVIC_EnableIRQ  stm32f7xx_hal_cortex.o
    0x08003a44   0x08003a44   0x00000040   Code   RO         2000    i.HAL_NVIC_SetPriority  stm32f7xx_hal_cortex.o
    0x08003a84   0x08003a84   0x00000024   Code   RO         2001    i.HAL_NVIC_SetPriorityGrouping  stm32f7xx_hal_cortex.o
    0x08003aa8   0x08003aa8   0x0000006c   Code   RO         5226    i.HAL_PWREx_EnableOverDrive  stm32f7xx_hal_pwr_ex.o
    0x08003b14   0x08003b14   0x00000010   Code   RO         5103    i.HAL_PWR_EnableBkUpAccess  stm32f7xx_hal_pwr.o
    0x08003b24   0x08003b24   0x00000134   Code   RO         4645    i.HAL_RCCEx_GetPeriphCLKConfig  stm32f7xx_hal_rcc_ex.o
    0x08003c58   0x08003c58   0x00000120   Code   RO         4646    i.HAL_RCCEx_GetPeriphCLKFreq  stm32f7xx_hal_rcc_ex.o
    0x08003d78   0x08003d78   0x000004fc   Code   RO         4647    i.HAL_RCCEx_PeriphCLKConfig  stm32f7xx_hal_rcc_ex.o
    0x08004274   0x08004274   0x0000012c   Code   RO         4540    i.HAL_RCC_ClockConfig  stm32f7xx_hal_rcc.o
    0x080043a0   0x080043a0   0x00000040   Code   RO         4544    i.HAL_RCC_GetClockConfig  stm32f7xx_hal_rcc.o
    0x080043e0   0x080043e0   0x00000020   Code   RO         4547    i.HAL_RCC_GetPCLK1Freq  stm32f7xx_hal_rcc.o
    0x08004400   0x08004400   0x00000020   Code   RO         4548    i.HAL_RCC_GetPCLK2Freq  stm32f7xx_hal_rcc.o
    0x08004420   0x08004420   0x00000064   Code   RO         4549    i.HAL_RCC_GetSysClockFreq  stm32f7xx_hal_rcc.o
    0x08004484   0x08004484   0x00000338   Code   RO         4552    i.HAL_RCC_OscConfig  stm32f7xx_hal_rcc.o
    0x080047bc   0x080047bc   0x000000a6   Code   RO         2920    i.HAL_SAI_Abort     stm32f7xx_hal_sai.o
    0x08004862   0x08004862   0x00000092   Code   RO         2923    i.HAL_SAI_DMAStop   stm32f7xx_hal_sai.o
    0x080048f4   0x080048f4   0x00000042   Code   RO         2924    i.HAL_SAI_DeInit    stm32f7xx_hal_sai.o
    0x08004936   0x08004936   0x00000002   PAD
    0x08004938   0x08004938   0x00000034   Code   RO         1134    i.HAL_SAI_ErrorCallback  stm32746g_discovery_audio.o
    0x0800496c   0x0800496c   0x00000006   Code   RO         2931    i.HAL_SAI_GetState  stm32f7xx_hal_sai.o
    0x08004972   0x08004972   0x00000002   PAD
    0x08004974   0x08004974   0x00000118   Code   RO         2932    i.HAL_SAI_IRQHandler  stm32f7xx_hal_sai.o
    0x08004a8c   0x08004a8c   0x000001e8   Code   RO         2933    i.HAL_SAI_Init      stm32f7xx_hal_sai.o
    0x08004c74   0x08004c74   0x00000074   Code   RO          442    i.HAL_SAI_MspDeInit  sai.o
    0x08004ce8   0x08004ce8   0x000000c0   Code   RO          443    i.HAL_SAI_MspInit   sai.o
    0x08004da8   0x08004da8   0x000000ac   Code   RO         2938    i.HAL_SAI_Receive_DMA  stm32f7xx_hal_sai.o
    0x08004e54   0x08004e54   0x00000008   Code   RO         1135    i.HAL_SAI_RxCpltCallback  stm32746g_discovery_audio.o
    0x08004e5c   0x08004e5c   0x00000008   Code   RO         1136    i.HAL_SAI_RxHalfCpltCallback  stm32746g_discovery_audio.o
    0x08004e64   0x08004e64   0x00000042   Code   RO         2477    i.HAL_SDRAM_Init    stm32f7xx_hal_sdram.o
    0x08004ea6   0x08004ea6   0x00000004   Code   RO          354    i.HAL_SDRAM_MspInit  fmc.o
    0x08004eaa   0x08004eaa   0x00000022   Code   RO         2480    i.HAL_SDRAM_ProgramRefreshRate  stm32f7xx_hal_sdram.o
    0x08004ecc   0x08004ecc   0x00000030   Code   RO         2486    i.HAL_SDRAM_SendCommand  stm32f7xx_hal_sdram.o
    0x08004efc   0x08004efc   0x00000002   Code   RO         3890    i.HAL_TIMEx_Break2Callback  stm32f7xx_hal_tim_ex.o
    0x08004efe   0x08004efe   0x00000002   Code   RO         3891    i.HAL_TIMEx_BreakCallback  stm32f7xx_hal_tim_ex.o
    0x08004f00   0x08004f00   0x00000002   Code   RO         3892    i.HAL_TIMEx_CommutCallback  stm32f7xx_hal_tim_ex.o
    0x08004f02   0x08004f02   0x00000002   PAD
    0x08004f04   0x08004f04   0x000000a0   Code   RO         3894    i.HAL_TIMEx_ConfigBreakDeadTime  stm32f7xx_hal_tim_ex.o
    0x08004fa4   0x08004fa4   0x00000060   Code   RO         3910    i.HAL_TIMEx_MasterConfigSynchronization  stm32f7xx_hal_tim_ex.o
    0x08005004   0x08005004   0x00000036   Code   RO         3205    i.HAL_TIM_Base_Init  stm32f7xx_hal_tim.o
    0x0800503a   0x0800503a   0x00000002   PAD
    0x0800503c   0x0800503c   0x00000028   Code   RO          486    i.HAL_TIM_Base_MspInit  tim.o
    0x08005064   0x08005064   0x0000002c   Code   RO         3210    i.HAL_TIM_Base_Start_IT  stm32f7xx_hal_tim.o
    0x08005090   0x08005090   0x000000dc   Code   RO         3214    i.HAL_TIM_ConfigClockSource  stm32f7xx_hal_tim.o
    0x0800516c   0x0800516c   0x00000002   Code   RO         3234    i.HAL_TIM_IC_CaptureCallback  stm32f7xx_hal_tim.o
    0x0800516e   0x0800516e   0x00000182   Code   RO         3248    i.HAL_TIM_IRQHandler  stm32f7xx_hal_tim.o
    0x080052f0   0x080052f0   0x00000054   Code   RO          487    i.HAL_TIM_MspPostInit  tim.o
    0x08005344   0x08005344   0x00000002   Code   RO         3251    i.HAL_TIM_OC_DelayElapsedCallback  stm32f7xx_hal_tim.o
    0x08005346   0x08005346   0x00000128   Code   RO         3272    i.HAL_TIM_PWM_ConfigChannel  stm32f7xx_hal_tim.o
    0x0800546e   0x0800546e   0x00000036   Code   RO         3275    i.HAL_TIM_PWM_Init  stm32f7xx_hal_tim.o
    0x080054a4   0x080054a4   0x00000002   Code   RO         3277    i.HAL_TIM_PWM_MspInit  stm32f7xx_hal_tim.o
    0x080054a6   0x080054a6   0x00000002   Code   RO         3278    i.HAL_TIM_PWM_PulseFinishedCallback  stm32f7xx_hal_tim.o
    0x080054a8   0x080054a8   0x00000014   Code   RO           16    i.HAL_TIM_PeriodElapsedCallback  main.o
    0x080054bc   0x080054bc   0x00000002   Code   RO         3291    i.HAL_TIM_TriggerCallback  stm32f7xx_hal_tim.o
    0x080054be   0x080054be   0x00000066   Code   RO         4179    i.HAL_UART_Init     stm32f7xx_hal_uart.o
    0x08005524   0x08005524   0x00000090   Code   RO          534    i.HAL_UART_MspInit  usart.o
    0x080055b4   0x080055b4   0x00000002   Code   RO          577    i.HardFault_Handler  stm32f7xx_it.o
    0x080055b6   0x080055b6   0x00000022   Code   RO         5568    i.I2C_Flush_TXDR    stm32f7xx_hal_i2c.o
    0x080055d8   0x080055d8   0x00000088   Code   RO         5576    i.I2C_IsAcknowledgeFailed  stm32f7xx_hal_i2c.o
    0x08005660   0x08005660   0x00000064   Code   RO         5579    i.I2C_RequestMemoryRead  stm32f7xx_hal_i2c.o
    0x080056c4   0x080056c4   0x00000064   Code   RO         5580    i.I2C_RequestMemoryWrite  stm32f7xx_hal_i2c.o
    0x08005728   0x08005728   0x0000002c   Code   RO         5583    i.I2C_TransferConfig  stm32f7xx_hal_i2c.o
    0x08005754   0x08005754   0x0000005a   Code   RO         5584    i.I2C_WaitOnFlagUntilTimeout  stm32f7xx_hal_i2c.o
    0x080057ae   0x080057ae   0x0000004e   Code   RO         5586    i.I2C_WaitOnSTOPFlagUntilTimeout  stm32f7xx_hal_i2c.o
    0x080057fc   0x080057fc   0x00000052   Code   RO         5587    i.I2C_WaitOnTXISFlagUntilTimeout  stm32f7xx_hal_i2c.o
    0x0800584e   0x0800584e   0x00000012   Code   RO          907    i.I2Cx_Error        stm32746g_discovery.o
    0x08005860   0x08005860   0x00000050   Code   RO          908    i.I2Cx_Init         stm32746g_discovery.o
    0x080058b0   0x080058b0   0x00000124   Code   RO          909    i.I2Cx_MspInit      stm32746g_discovery.o
    0x080059d4   0x080059d4   0x0000002a   Code   RO          910    i.I2Cx_ReadMultiple  stm32746g_discovery.o
    0x080059fe   0x080059fe   0x0000002a   Code   RO          911    i.I2Cx_WriteMultiple  stm32746g_discovery.o
    0x08005a28   0x08005a28   0x00000080   Code   RO         1432    i.LL_FillBuffer     stm32746g_discovery_lcd.o
    0x08005aa8   0x08005aa8   0x000001d0   Code   RO         2666    i.LTDC_SetConfig    stm32f7xx_hal_ltdc.o
    0x08005c78   0x08005c78   0x00000040   Code   RO          312    i.MX_DMA2D_Init     dma2d.o
    0x08005cb8   0x08005cb8   0x00000068   Code   RO          355    i.MX_FMC_Init       fmc.o
    0x08005d20   0x08005d20   0x000004c4   Code   RO          286    i.MX_GPIO_Init      gpio.o
    0x080061e4   0x080061e4   0x000000a8   Code   RO          402    i.MX_LTDC_Init      ltdc.o
    0x0800628c   0x0800628c   0x000000a0   Code   RO          444    i.MX_SAI2_Init      sai.o
    0x0800632c   0x0800632c   0x000000d0   Code   RO          488    i.MX_TIM1_Init      tim.o
    0x080063fc   0x080063fc   0x0000003c   Code   RO          535    i.MX_USART1_UART_Init  usart.o
    0x08006438   0x08006438   0x00000002   Code   RO          578    i.MemManage_Handler  stm32f7xx_it.o
    0x0800643a   0x0800643a   0x00000002   Code   RO          579    i.NMI_Handler       stm32f7xx_it.o
    0x0800643c   0x0800643c   0x00000002   Code   RO          580    i.PendSV_Handler    stm32f7xx_it.o
    0x0800643e   0x0800643e   0x00000002   PAD
    0x08006440   0x08006440   0x0000001c   Code   RO          581    i.SAI2_IRQHandler   stm32f7xx_it.o
    0x0800645c   0x0800645c   0x00000044   Code   RO         2947    i.SAI_DMAAbort      stm32f7xx_hal_sai.o
    0x080064a0   0x080064a0   0x00000044   Code   RO         2948    i.SAI_DMAError      stm32f7xx_hal_sai.o
    0x080064e4   0x080064e4   0x0000003a   Code   RO         2949    i.SAI_DMARxCplt     stm32f7xx_hal_sai.o
    0x0800651e   0x0800651e   0x0000000a   Code   RO         2950    i.SAI_DMARxHalfCplt  stm32f7xx_hal_sai.o
    0x08006528   0x08006528   0x00000040   Code   RO         2953    i.SAI_Disable       stm32f7xx_hal_sai.o
    0x08006568   0x08006568   0x00000032   Code   RO         2957    i.SAI_InterruptFlag  stm32f7xx_hal_sai.o
    0x0800659a   0x0800659a   0x00000002   PAD
    0x0800659c   0x0800659c   0x0000001c   Code   RO         1139    i.SAIx_In_DeInit    stm32746g_discovery_audio.o
    0x080065b8   0x080065b8   0x000000d0   Code   RO         1140    i.SAIx_In_Init      stm32746g_discovery_audio.o
    0x08006688   0x08006688   0x00000002   Code   RO          582    i.SVC_Handler       stm32f7xx_it.o
    0x0800668a   0x0800668a   0x00000002   PAD
    0x0800668c   0x0800668c   0x000000bc   Code   RO           17    i.SystemClock_Config  main.o
    0x08006748   0x08006748   0x00000054   Code   RO         6070    i.SystemInit        system_stm32f7xx.o
    0x0800679c   0x0800679c   0x0000000c   Code   RO          583    i.TIM6_DAC_IRQHandler  stm32f7xx_it.o
    0x080067a8   0x080067a8   0x000000cc   Code   RO         3293    i.TIM_Base_SetConfig  stm32f7xx_hal_tim.o
    0x08006874   0x08006874   0x00000012   Code   RO         3304    i.TIM_ETR_SetConfig  stm32f7xx_hal_tim.o
    0x08006886   0x08006886   0x00000010   Code   RO         3305    i.TIM_ITRx_SetConfig  stm32f7xx_hal_tim.o
    0x08006896   0x08006896   0x00000002   PAD
    0x08006898   0x08006898   0x00000074   Code   RO         3306    i.TIM_OC1_SetConfig  stm32f7xx_hal_tim.o
    0x0800690c   0x0800690c   0x00000078   Code   RO         3307    i.TIM_OC2_SetConfig  stm32f7xx_hal_tim.o
    0x08006984   0x08006984   0x00000078   Code   RO         3308    i.TIM_OC3_SetConfig  stm32f7xx_hal_tim.o
    0x080069fc   0x080069fc   0x00000058   Code   RO         3309    i.TIM_OC4_SetConfig  stm32f7xx_hal_tim.o
    0x08006a54   0x08006a54   0x00000058   Code   RO         3310    i.TIM_OC5_SetConfig  stm32f7xx_hal_tim.o
    0x08006aac   0x08006aac   0x00000058   Code   RO         3311    i.TIM_OC6_SetConfig  stm32f7xx_hal_tim.o
    0x08006b04   0x08006b04   0x00000022   Code   RO         3313    i.TIM_TI1_ConfigInputStage  stm32f7xx_hal_tim.o
    0x08006b26   0x08006b26   0x00000024   Code   RO         3315    i.TIM_TI2_ConfigInputStage  stm32f7xx_hal_tim.o
    0x08006b4a   0x08006b4a   0x00000004   Code   RO          912    i.TS_IO_Delay       stm32746g_discovery.o
    0x08006b4e   0x08006b4e   0x00000002   PAD
    0x08006b50   0x08006b50   0x0000000c   Code   RO          913    i.TS_IO_Init        stm32746g_discovery.o
    0x08006b5c   0x08006b5c   0x00000028   Code   RO          914    i.TS_IO_Read        stm32746g_discovery.o
    0x08006b84   0x08006b84   0x00000020   Code   RO          915    i.TS_IO_Write       stm32746g_discovery.o
    0x08006ba4   0x08006ba4   0x000000c8   Code   RO         4192    i.UART_AdvFeatureConfig  stm32f7xx_hal_uart.o
    0x08006c6c   0x08006c6c   0x0000003c   Code   RO         4193    i.UART_CheckIdleState  stm32f7xx_hal_uart.o
    0x08006ca8   0x08006ca8   0x00000254   Code   RO         4208    i.UART_SetConfig    stm32f7xx_hal_uart.o
    0x08006efc   0x08006efc   0x00000060   Code   RO         4211    i.UART_WaitOnFlagUntilTimeout  stm32f7xx_hal_uart.o
    0x08006f5c   0x08006f5c   0x00000002   Code   RO          584    i.UsageFault_Handler  stm32f7xx_it.o
    0x08006f5e   0x08006f5e   0x00000002   PAD
    0x08006f60   0x08006f60   0x00000028   Code   RO         6598    i.__0sprintf        mc_w.l(printfa.o)
    0x08006f88   0x08006f88   0x00000030   Code   RO         6707    i.__ARM_fpclassify  m_wm.l(fpclassify.o)
    0x08006fb8   0x08006fb8   0x00000022   Code   RO         2007    i.__NVIC_SetPriority  stm32f7xx_hal_cortex.o
    0x08006fda   0x08006fda   0x00000006   PAD
    0x08006fe0   0x08006fe0   0x000000c8   Code   RO         6340    i.__hardfp_sin      m_wm.l(sin.o)
    0x080070a8   0x080070a8   0x00000438   Code   RO         6651    i.__ieee754_rem_pio2  m_wm.l(rred.o)
    0x080074e0   0x080074e0   0x00000170   Code   RO         6634    i.__kernel_cos      m_wm.l(cos_i.o)
    0x08007650   0x08007650   0x000000f8   Code   RO         6709    i.__kernel_poly     m_wm.l(poly.o)
    0x08007748   0x08007748   0x00000130   Code   RO         6656    i.__kernel_sin      m_wm.l(sin_i.o)
    0x08007878   0x08007878   0x00000014   Code   RO         6638    i.__mathlib_dbl_infnan  m_wm.l(dunder.o)
    0x0800788c   0x0800788c   0x00000004   PAD
    0x08007890   0x08007890   0x00000020   Code   RO         6640    i.__mathlib_dbl_invalid  m_wm.l(dunder.o)
    0x080078b0   0x080078b0   0x00000020   Code   RO         6643    i.__mathlib_dbl_underflow  m_wm.l(dunder.o)
    0x080078d0   0x080078d0   0x0000000e   Code   RO         6719    i.__scatterload_copy  mc_w.l(handlers.o)
    0x080078de   0x080078de   0x00000002   Code   RO         6720    i.__scatterload_null  mc_w.l(handlers.o)
    0x080078e0   0x080078e0   0x0000000e   Code   RO         6721    i.__scatterload_zeroinit  mc_w.l(handlers.o)
    0x080078ee   0x080078ee   0x00000002   PAD
    0x080078f0   0x080078f0   0x0000000c   Code   RO         6685    i.__set_errno       mc_w.l(errno.o)
    0x080078fc   0x080078fc   0x00000184   Code   RO         6603    i._fp_digits        mc_w.l(printfa.o)
    0x08007a80   0x08007a80   0x000006dc   Code   RO         6604    i._printf_core      mc_w.l(printfa.o)
    0x0800815c   0x0800815c   0x00000024   Code   RO         6605    i._printf_post_padding  mc_w.l(printfa.o)
    0x08008180   0x08008180   0x0000002e   Code   RO         6606    i._printf_pre_padding  mc_w.l(printfa.o)
    0x080081ae   0x080081ae   0x0000000a   Code   RO         6608    i._sputc            mc_w.l(printfa.o)
    0x080081b8   0x080081b8   0x00000018   Code   RO         6703    i.fabs              m_wm.l(fabs.o)
    0x080081d0   0x080081d0   0x00000018   Code   RO          787    i.ft5336_I2C_InitializeIfRequired  ft5336.o
    0x080081e8   0x080081e8   0x00000010   Code   RO          788    i.ft5336_Init       ft5336.o
    0x080081f8   0x080081f8   0x0000003a   Code   RO          789    i.ft5336_ReadID     ft5336.o
    0x08008232   0x08008232   0x00000002   Code   RO          790    i.ft5336_Reset      ft5336.o
    0x08008234   0x08008234   0x00000002   Code   RO          791    i.ft5336_TS_ClearIT  ft5336.o
    0x08008236   0x08008236   0x00000002   PAD
    0x08008238   0x08008238   0x00000040   Code   RO          792    i.ft5336_TS_DetectTouch  ft5336.o
    0x08008278   0x08008278   0x0000000a   Code   RO          793    i.ft5336_TS_DisableIT  ft5336.o
    0x08008282   0x08008282   0x0000000a   Code   RO          794    i.ft5336_TS_EnableIT  ft5336.o
    0x0800828c   0x0800828c   0x0000001e   Code   RO          795    i.ft5336_TS_GetGestureID  ft5336.o
    0x080082aa   0x080082aa   0x00000002   PAD
    0x080082ac   0x080082ac   0x000000cc   Code   RO          796    i.ft5336_TS_GetTouchInfo  ft5336.o
    0x08008378   0x08008378   0x00000120   Code   RO          797    i.ft5336_TS_GetXY   ft5336.o
    0x08008498   0x08008498   0x00000004   Code   RO          798    i.ft5336_TS_ITStatus  ft5336.o
    0x0800849c   0x0800849c   0x00000004   Code   RO          799    i.ft5336_TS_Start   ft5336.o
    0x080084a0   0x080084a0   0x000004f0   Code   RO           19    i.main              main.o
    0x08008990   0x08008990   0x00000004   Code   RO         1897    i.wm8994_DeInit     wm8994.o
    0x08008994   0x08008994   0x00000600   Code   RO         1898    i.wm8994_Init       wm8994.o
    0x08008f94   0x08008f94   0x0000001a   Code   RO         1899    i.wm8994_Pause      wm8994.o
    0x08008fae   0x08008fae   0x00000006   Code   RO         1900    i.wm8994_Play       wm8994.o
    0x08008fb4   0x08008fb4   0x00000014   Code   RO         1901    i.wm8994_ReadID     wm8994.o
    0x08008fc8   0x08008fc8   0x0000001c   Code   RO         1902    i.wm8994_Reset      wm8994.o
    0x08008fe4   0x08008fe4   0x00000006   Code   RO         1903    i.wm8994_Resume     wm8994.o
    0x08008fea   0x08008fea   0x00000082   Code   RO         1904    i.wm8994_SetFrequency  wm8994.o
    0x0800906c   0x0800906c   0x00000058   Code   RO         1905    i.wm8994_SetMute    wm8994.o
    0x080090c4   0x080090c4   0x000000bc   Code   RO         1906    i.wm8994_SetOutputMode  wm8994.o
    0x08009180   0x08009180   0x0000011c   Code   RO         1907    i.wm8994_SetVolume  wm8994.o
    0x0800929c   0x0800929c   0x0000007c   Code   RO         1908    i.wm8994_Stop       wm8994.o
    0x08009318   0x08009318   0x00001ab8   Data   RO          773    .constdata          font24.o
    0x0800add0   0x0800add0   0x00000008   Data   RO         4964    .constdata          stm32f7xx_hal_dma.o
    0x0800add8   0x0800add8   0x00000010   Data   RO         6071    .constdata          system_stm32f7xx.o
    0x0800ade8   0x0800ade8   0x00000008   Data   RO         6072    .constdata          system_stm32f7xx.o
    0x0800adf0   0x0800adf0   0x00000080   Data   RO         6234    .constdata          arm_cortexM7lfsp_math.lib(arm_common_tables.o)
    0x0800ae70   0x0800ae70   0x00000100   Data   RO         6235    .constdata          arm_cortexM7lfsp_math.lib(arm_common_tables.o)
    0x0800af70   0x0800af70   0x00000200   Data   RO         6236    .constdata          arm_cortexM7lfsp_math.lib(arm_common_tables.o)
    0x0800b170   0x0800b170   0x00000400   Data   RO         6237    .constdata          arm_cortexM7lfsp_math.lib(arm_common_tables.o)
    0x0800b570   0x0800b570   0x00000800   Data   RO         6238    .constdata          arm_cortexM7lfsp_math.lib(arm_common_tables.o)
    0x0800bd70   0x0800bd70   0x00001000   Data   RO         6239    .constdata          arm_cortexM7lfsp_math.lib(arm_common_tables.o)
    0x0800cd70   0x0800cd70   0x00002000   Data   RO         6240    .constdata          arm_cortexM7lfsp_math.lib(arm_common_tables.o)
    0x0800ed70   0x0800ed70   0x00004000   Data   RO         6241    .constdata          arm_cortexM7lfsp_math.lib(arm_common_tables.o)
    0x08012d70   0x08012d70   0x00000028   Data   RO         6263    .constdata          arm_cortexM7lfsp_math.lib(arm_common_tables.o)
    0x08012d98   0x08012d98   0x00000060   Data   RO         6264    .constdata          arm_cortexM7lfsp_math.lib(arm_common_tables.o)
    0x08012df8   0x08012df8   0x00000070   Data   RO         6265    .constdata          arm_cortexM7lfsp_math.lib(arm_common_tables.o)
    0x08012e68   0x08012e68   0x000001a0   Data   RO         6266    .constdata          arm_cortexM7lfsp_math.lib(arm_common_tables.o)
    0x08013008   0x08013008   0x00000370   Data   RO         6267    .constdata          arm_cortexM7lfsp_math.lib(arm_common_tables.o)
    0x08013378   0x08013378   0x00000380   Data   RO         6268    .constdata          arm_cortexM7lfsp_math.lib(arm_common_tables.o)
    0x080136f8   0x080136f8   0x00000e10   Data   RO         6269    .constdata          arm_cortexM7lfsp_math.lib(arm_common_tables.o)
    0x08014508   0x08014508   0x00001dc0   Data   RO         6270    .constdata          arm_cortexM7lfsp_math.lib(arm_common_tables.o)
    0x080162c8   0x080162c8   0x00000080   Data   RO         6281    .constdata          arm_cortexM7lfsp_math.lib(arm_common_tables.o)
    0x08016348   0x08016348   0x00000100   Data   RO         6282    .constdata          arm_cortexM7lfsp_math.lib(arm_common_tables.o)
    0x08016448   0x08016448   0x00000200   Data   RO         6283    .constdata          arm_cortexM7lfsp_math.lib(arm_common_tables.o)
    0x08016648   0x08016648   0x00000400   Data   RO         6284    .constdata          arm_cortexM7lfsp_math.lib(arm_common_tables.o)
    0x08016a48   0x08016a48   0x00000800   Data   RO         6285    .constdata          arm_cortexM7lfsp_math.lib(arm_common_tables.o)
    0x08017248   0x08017248   0x00001000   Data   RO         6286    .constdata          arm_cortexM7lfsp_math.lib(arm_common_tables.o)
    0x08018248   0x08018248   0x00002000   Data   RO         6287    .constdata          arm_cortexM7lfsp_math.lib(arm_common_tables.o)
    0x0801a248   0x0801a248   0x00004000   Data   RO         6288    .constdata          arm_cortexM7lfsp_math.lib(arm_common_tables.o)
    0x0801e248   0x0801e248   0x00000030   Data   RO         6635    .constdata          m_wm.l(cos_i.o)
    0x0801e278   0x0801e278   0x000000c8   Data   RO         6653    .constdata          m_wm.l(rred.o)
    0x0801e340   0x0801e340   0x00000028   Data   RO         6657    .constdata          m_wm.l(sin_i.o)
    0x0801e368   0x0801e368   0x00000020   Data   RO         6717    Region$$Table       anon$$obj.o


    Execution Region RW_IRAM1 (Exec base: 0x20000000, Load base: 0x0801e388, Size: 0x00004660, Max: 0x00050000, ABSOLUTE)

    Exec Addr    Load Addr    Size         Type   Attr      Idx    E Section Name        Object

    0x20000000   0x0801e388   0x00000070   Data   RW           22    .data               main.o
    0x20000070   0x0801e3f8   0x00000008   Data   RW          357    .data               fmc.o
    0x20000078   0x0801e400   0x00000004   Data   RW          446    .data               sai.o
    0x2000007c   0x0801e404   0x00000008   Data   RW          774    .data               font24.o
    0x20000084   0x0801e40c   0x00000028   Data   RW          800    .data               ft5336.o
    0x200000ac   0x0801e434   0x00000005   Data   RW          801    .data               ft5336.o
    0x200000b1   0x0801e439   0x00000003   PAD
    0x200000b4   0x0801e43c   0x00000008   Data   RW         1145    .data               stm32746g_discovery_audio.o
    0x200000bc   0x0801e444   0x00000004   Data   RW         1434    .data               stm32746g_discovery_lcd.o
    0x200000c0   0x0801e448   0x00000002   Data   RW         1751    .data               stm32746g_discovery_sdram.o
    0x200000c2   0x0801e44a   0x00000002   PAD
    0x200000c4   0x0801e44c   0x0000000c   Data   RW         1831    .data               stm32746g_discovery_ts.o
    0x200000d0   0x0801e458   0x00000030   Data   RW         1909    .data               wm8994.o
    0x20000100   0x0801e488   0x0000000c   Data   RW         1910    .data               wm8994.o
    0x2000010c   0x0801e494   0x0000000c   Data   RW         5341    .data               stm32f7xx_hal.o
    0x20000118   0x0801e4a0   0x00000004   Data   RW         6073    .data               system_stm32f7xx.o
    0x2000011c   0x0801e4a4   0x00000004   Data   RW         6686    .data               mc_w.l(errno.o)
    0x20000120        -       0x00003890   Zero   RW           21    .bss                main.o
    0x200039b0        -       0x00000040   Zero   RW          313    .bss                dma2d.o
    0x200039f0        -       0x00000034   Zero   RW          356    .bss                fmc.o
    0x20003a24        -       0x000000a8   Zero   RW          403    .bss                ltdc.o
    0x20003acc        -       0x00000108   Zero   RW          445    .bss                sai.o
    0x20003bd4        -       0x00000040   Zero   RW          489    .bss                tim.o
    0x20003c14        -       0x00000080   Zero   RW          536    .bss                usart.o
    0x20003c94        -       0x00000040   Zero   RW          684    .bss                stm32f7xx_hal_timebase_tim.o
    0x20003cd4        -       0x00000098   Zero   RW          916    .bss                stm32746g_discovery.o
    0x20003d6c        -       0x00000228   Zero   RW         1143    .bss                stm32746g_discovery_audio.o
    0x20003f94        -       0x00000184   Zero   RW         1433    .bss                stm32746g_discovery_lcd.o
    0x20004118        -       0x00000120   Zero   RW         1750    .bss                stm32746g_discovery_sdram.o
    0x20004238        -       0x00000028   Zero   RW         1830    .bss                stm32746g_discovery_ts.o
    0x20004260        -       0x00000400   Zero   RW            1    STACK               startup_stm32f746xx.o


==============================================================================

Image component sizes


      Code (inc. data)   RO Data    RW Data    ZI Data      Debug   Object Name

       104         18          0          0         64       1629   dma2d.o
       288         42          0          8         52       2288   fmc.o
         0          0       6840          8          0       1099   font24.o
       716         38          0         45          0      15391   ft5336.o
      1220         66          0          0          0       1735   gpio.o
       436         36          0          0        168       2074   ltdc.o
      1478        148          0        112      14480     876071   main.o
       468         56          0          4        264       2665   sai.o
        36          8        456          0       1024        860   startup_stm32f746xx.o
       684         78          0          0        152      10204   stm32746g_discovery.o
      1180        102          0          8        552      11997   stm32746g_discovery_audio.o
      1792        200          0          4        388      18003   stm32746g_discovery_lcd.o
       620         56          0          2        288       4156   stm32746g_discovery_sdram.o
       520         22          0         12         40       4746   stm32746g_discovery_ts.o
        86         14          0         12          0       8510   stm32f7xx_hal.o
       194         12          0          0          0      39040   stm32f7xx_hal_cortex.o
       794         12          8          0          0       7146   stm32f7xx_hal_dma.o
       718          4          0          0          0       5283   stm32f7xx_hal_dma2d.o
       870        102          0          0          0       3642   stm32f7xx_hal_gpio.o
      1610         38          0          0          0      14524   stm32f7xx_hal_i2c.o
       800          6          0          0          0       3783   stm32f7xx_hal_ltdc.o
        48          6          0          0          0        870   stm32f7xx_hal_msp.o
        16          4          0          0          0        571   stm32f7xx_hal_pwr.o
       108          8          0          0          0       1316   stm32f7xx_hal_pwr_ex.o
      1352         76          0          0          0       5965   stm32f7xx_hal_rcc.o
      1872         46          0          0          0       4260   stm32f7xx_hal_rcc_ex.o
      1642         40          0          0          0      11144   stm32f7xx_hal_sai.o
       148          0          0          0          0       2816   stm32f7xx_hal_sdram.o
      1992        134          0          0          0      17294   stm32f7xx_hal_tim.o
       262         18          0          0          0       4104   stm32f7xx_hal_tim_ex.o
       116         16          0          0         64       1475   stm32f7xx_hal_timebase_tim.o
      1054         70          0          0          0       5153   stm32f7xx_hal_uart.o
        56         16          0          0          0       4832   stm32f7xx_it.o
       278          6          0          0          0       3500   stm32f7xx_ll_fmc.o
        84         16         24          4          0       1299   system_stm32f7xx.o
       332         30          0          0         64       2548   tim.o
       204         26          0          0        128       1810   usart.o
      2450         26          0         60          0      10066   wm8994.o

    ----------------------------------------------------------------------
     26678       1596       7360        284      17728    1113869   Object Totals
         0          0         32          0          0          0   (incl. Generated)
        50          0          0          5          0          0   (incl. Padding)

    ----------------------------------------------------------------------

      Code (inc. data)   RO Data    RW Data    ZI Data      Debug   Library Member Name

       192          0          0          0          0        572   arm_bitreversal2.o
      1872          0          0          0          0       4441   arm_cfft_f32.o
      1226          6          0          0          0       3323   arm_cfft_radix8_f32.o
       256          6          0          0          0      17652   arm_cmplx_mag_f32.o
         0          0      78936          0          0       4704   arm_common_tables.o
       404          0          0          0          0      15964   arm_rfft_fast_f32.o
       296         98          0          0          0       1297   arm_rfft_fast_init_f32.o
       368         46         48          0          0        200   cos_i.o
        84         16          0          0          0        372   dunder.o
        24          0          0          0          0        124   fabs.o
        48          0          0          0          0        124   fpclassify.o
       248          0          0          0          0        152   poly.o
      1080        142        200          0          0        188   rred.o
       200         20          0          0          0        164   sin.o
       304         24         40          0          0        208   sin_i.o
         0          0          0          0          0          0   entry.o
         0          0          0          0          0          0   entry10a.o
         0          0          0          0          0          0   entry11a.o
         8          4          0          0          0          0   entry2.o
         4          0          0          0          0          0   entry5.o
         0          0          0          0          0          0   entry7b.o
         0          0          0          0          0          0   entry8b.o
         8          4          0          0          0          0   entry9a.o
        12          6          0          4          0         68   errno.o
        30          0          0          0          0          0   handlers.o
        36          8          0          0          0         68   init.o
         0          0          0          0          0          0   iusefp.o
        30          0          0          0          0         68   llshl.o
        36          0          0          0          0         68   llsshr.o
        32          0          0          0          0         68   llushr.o
        36          0          0          0          0         68   memcpya.o
        36          0          0          0          0        108   memseta.o
      2276         86          0          0          0        520   printfa.o
        44          0          0          0          0         80   uidiv.o
        98          0          0          0          0         92   uldiv.o
        48          0          0          0          0         68   cdrcmple.o
       334          0          0          0          0        148   dadd.o
       222          0          0          0          0        100   ddiv.o
       186          0          0          0          0        176   depilogue.o
        62          0          0          0          0         80   dfixi.o
        48          0          0          0          0         68   dfixul.o
        34          0          0          0          0         76   dflti.o
        26          0          0          0          0         76   dfltui.o
       228          0          0          0          0         96   dmul.o
        38          0          0          0          0         68   f2d.o

    ----------------------------------------------------------------------
     10522        466      79224          4          0      51649   Library Totals
         8          0          0          0          0          0   (incl. Padding)

    ----------------------------------------------------------------------

      Code (inc. data)   RO Data    RW Data    ZI Data      Debug   Library Name

      4246        110      78936          0          0      47953   arm_cortexM7lfsp_math.lib
      2356        248        288          0          0       1532   m_wm.l
      2686        108          0          4          0       1208   mc_w.l
      1226          0          0          0          0        956   mf_w.l

    ----------------------------------------------------------------------
     10522        466      79224          4          0      51649   Library Totals

    ----------------------------------------------------------------------

==============================================================================


      Code (inc. data)   RO Data    RW Data    ZI Data      Debug   

     37200       2062      86584        288      17728    1141830   Grand Totals
     37200       2062      86584        288      17728    1141830   ELF Image Totals
     37200       2062      86584        288          0          0   ROM Totals

==============================================================================

    Total RO  Size (Code + RO Data)               123784 ( 120.88kB)
    Total RW  Size (RW Data + ZI Data)             18016 (  17.59kB)
    Total ROM Size (Code + RO Data + RW Data)     124072 ( 121.16kB)

==============================================================================

